10:04:09 **** Build of configuration Debug for project lesson ****
make all 
Building file: ../src/bsp.c
Invoking: GNU Arm Cross C Compiler
arm-none-eabi-gcc -mcpu=cortex-m3 -mthumb -O0 -fmessage-length=0 -fsigned-char -ffreestanding -fno-builtin -pedantic -Wunused -Wuninitialized -Wall -Wextra -Wmissing-declarations -Wconversion -Wpointer-arith -Wpadded -Wshadow -Wlogical-op -Waggregate-return -Wfloat-equal -g3 -DSTM32F10X_MD -I"D:/Tutorials/EmbeddedProgrammingQP/lesson21/include" -I"D:/Tutorials/EmbeddedProgrammingQP/lesson21/include/cmsis" -I"D:/Tutorials/EmbeddedProgrammingQP/lesson21/include/device" -std=c99 -Wmissing-prototypes -Wstrict-prototypes -Wbad-function-cast -MMD -MP -MF"src/bsp.d" -MT"src/bsp.o" -c -o "src/bsp.o" "../src/bsp.c"
Finished building: ../src/bsp.c
 
Building file: ../src/main.c
Invoking: GNU Arm Cross C Compiler
arm-none-eabi-gcc -mcpu=cortex-m3 -mthumb -O0 -fmessage-length=0 -fsigned-char -ffreestanding -fno-builtin -pedantic -Wunused -Wuninitialized -Wall -Wextra -Wmissing-declarations -Wconversion -Wpointer-arith -Wpadded -Wshadow -Wlogical-op -Waggregate-return -Wfloat-equal -g3 -DSTM32F10X_MD -I"D:/Tutorials/EmbeddedProgrammingQP/lesson21/include" -I"D:/Tutorials/EmbeddedProgrammingQP/lesson21/include/cmsis" -I"D:/Tutorials/EmbeddedProgrammingQP/lesson21/include/device" -std=c99 -Wmissing-prototypes -Wstrict-prototypes -Wbad-function-cast -MMD -MP -MF"src/main.d" -MT"src/main.o" -c -o "src/main.o" "../src/main.c"
Finished building: ../src/main.c
 
Building file: ../src/startup_stm32f1.c
Invoking: GNU Arm Cross C Compiler
arm-none-eabi-gcc -mcpu=cortex-m3 -mthumb -O0 -fmessage-length=0 -fsigned-char -ffreestanding -fno-builtin -pedantic -Wunused -Wuninitialized -Wall -Wextra -Wmissing-declarations -Wconversion -Wpointer-arith -Wpadded -Wshadow -Wlogical-op -Waggregate-return -Wfloat-equal -g3 -DSTM32F10X_MD -I"D:/Tutorials/EmbeddedProgrammingQP/lesson21/include" -I"D:/Tutorials/EmbeddedProgrammingQP/lesson21/include/cmsis" -I"D:/Tutorials/EmbeddedProgrammingQP/lesson21/include/device" -std=c99 -Wmissing-prototypes -Wstrict-prototypes -Wbad-function-cast -MMD -MP -MF"src/startup_stm32f1.d" -MT"src/startup_stm32f1.o" -c -o "src/startup_stm32f1.o" "../src/startup_stm32f1.c"
Finished building: ../src/startup_stm32f1.c
 
Building file: ../src/vectors.c
Invoking: GNU Arm Cross C Compiler
arm-none-eabi-gcc -mcpu=cortex-m3 -mthumb -O0 -fmessage-length=0 -fsigned-char -ffreestanding -fno-builtin -pedantic -Wunused -Wuninitialized -Wall -Wextra -Wmissing-declarations -Wconversion -Wpointer-arith -Wpadded -Wshadow -Wlogical-op -Waggregate-return -Wfloat-equal -g3 -DSTM32F10X_MD -I"D:/Tutorials/EmbeddedProgrammingQP/lesson21/include" -I"D:/Tutorials/EmbeddedProgrammingQP/lesson21/include/cmsis" -I"D:/Tutorials/EmbeddedProgrammingQP/lesson21/include/device" -std=c99 -Wmissing-prototypes -Wstrict-prototypes -Wbad-function-cast -MMD -MP -MF"src/vectors.d" -MT"src/vectors.o" -c -o "src/vectors.o" "../src/vectors.c"
Finished building: ../src/vectors.c
 
Building target: lesson.elf
Invoking: GNU Arm Cross C Linker
arm-none-eabi-gcc -mcpu=cortex-m3 -mthumb -O0 -fmessage-length=0 -fsigned-char -ffreestanding -fno-builtin -pedantic -Wunused -Wuninitialized -Wall -Wextra -Wmissing-declarations -Wconversion -Wpointer-arith -Wpadded -Wshadow -Wlogical-op -Waggregate-return -Wfloat-equal -g3 -T "D:/Tutorials/EmbeddedProgrammingQP/lesson21/ldscripts/linker.ld" -nostartfiles -nodefaultlibs -nostdlib -Xlinker --print-gc-sections -Wl,-Map,"lesson.map" --specs=nosys.specs -o "lesson.elf" ./src/bsp.o ./src/main.o ./src/startup_stm32f1.o ./src/vectors.o   
Finished building target: lesson.elf
 
Invoking: GNU Arm Cross Create Listing
arm-none-eabi-objdump --source --all-headers --demangle --line-numbers --wide "lesson.elf" > "lesson.lst"
Finished building: lesson.lst
 
Invoking: GNU Arm Cross Print Size
arm-none-eabi-size --format=berkeley --totals "lesson.elf"
   text	   data	    bss	    dec	    hex	filename
   1728	     24	      4	   1756	    6dc	lesson.elf
   1728	     24	      4	   1756	    6dc	(TOTALS)
Finished building: lesson.siz
 
10:04:21 **** Incremental Build of configuration Debug for project lesson ****
make all 
Invoking: GNU Arm Cross Print Size
arm-none-eabi-size --format=berkeley --totals "lesson.elf"
   text	   data	    bss	    dec	    hex	filename
   1728	     24	      4	   1756	    6dc	lesson.elf
   1728	     24	      4	   1756	    6dc	(TOTALS)
Finished building: lesson.siz
 
21:03:34 **** Build of configuration Debug for project lesson ****
make all 
Building file: ../src/bsp.c
Invoking: GNU Arm Cross C Compiler
arm-none-eabi-gcc -mcpu=cortex-m3 -mthumb -O0 -fmessage-length=0 -fsigned-char -ffreestanding -fno-builtin -pedantic -Wunused -Wuninitialized -Wall -Wextra -Wmissing-declarations -Wconversion -Wpointer-arith -Wpadded -Wshadow -Wlogical-op -Waggregate-return -Wfloat-equal -g3 -DSTM32F10X_MD -I"D:/Tutorials/EmbeddedProgrammingQP/lesson21/include" -I"D:/Tutorials/EmbeddedProgrammingQP/lesson21/include/cmsis" -I"D:/Tutorials/EmbeddedProgrammingQP/lesson21/include/device" -std=c99 -Wmissing-prototypes -Wstrict-prototypes -Wbad-function-cast -MMD -MP -MF"src/bsp.d" -MT"src/bsp.o" -c -o "src/bsp.o" "../src/bsp.c"
Finished building: ../src/bsp.c
 
Building file: ../src/main.c
Invoking: GNU Arm Cross C Compiler
arm-none-eabi-gcc -mcpu=cortex-m3 -mthumb -O0 -fmessage-length=0 -fsigned-char -ffreestanding -fno-builtin -pedantic -Wunused -Wuninitialized -Wall -Wextra -Wmissing-declarations -Wconversion -Wpointer-arith -Wpadded -Wshadow -Wlogical-op -Waggregate-return -Wfloat-equal -g3 -DSTM32F10X_MD -I"D:/Tutorials/EmbeddedProgrammingQP/lesson21/include" -I"D:/Tutorials/EmbeddedProgrammingQP/lesson21/include/cmsis" -I"D:/Tutorials/EmbeddedProgrammingQP/lesson21/include/device" -std=c99 -Wmissing-prototypes -Wstrict-prototypes -Wbad-function-cast -MMD -MP -MF"src/main.d" -MT"src/main.o" -c -o "src/main.o" "../src/main.c"
Finished building: ../src/main.c
 
Building file: ../src/startup_stm32f1.c
Invoking: GNU Arm Cross C Compiler
arm-none-eabi-gcc -mcpu=cortex-m3 -mthumb -O0 -fmessage-length=0 -fsigned-char -ffreestanding -fno-builtin -pedantic -Wunused -Wuninitialized -Wall -Wextra -Wmissing-declarations -Wconversion -Wpointer-arith -Wpadded -Wshadow -Wlogical-op -Waggregate-return -Wfloat-equal -g3 -DSTM32F10X_MD -I"D:/Tutorials/EmbeddedProgrammingQP/lesson21/include" -I"D:/Tutorials/EmbeddedProgrammingQP/lesson21/include/cmsis" -I"D:/Tutorials/EmbeddedProgrammingQP/lesson21/include/device" -std=c99 -Wmissing-prototypes -Wstrict-prototypes -Wbad-function-cast -MMD -MP -MF"src/startup_stm32f1.d" -MT"src/startup_stm32f1.o" -c -o "src/startup_stm32f1.o" "../src/startup_stm32f1.c"
Finished building: ../src/startup_stm32f1.c
 
Building file: ../src/vectors.c
Invoking: GNU Arm Cross C Compiler
arm-none-eabi-gcc -mcpu=cortex-m3 -mthumb -O0 -fmessage-length=0 -fsigned-char -ffreestanding -fno-builtin -pedantic -Wunused -Wuninitialized -Wall -Wextra -Wmissing-declarations -Wconversion -Wpointer-arith -Wpadded -Wshadow -Wlogical-op -Waggregate-return -Wfloat-equal -g3 -DSTM32F10X_MD -I"D:/Tutorials/EmbeddedProgrammingQP/lesson21/include" -I"D:/Tutorials/EmbeddedProgrammingQP/lesson21/include/cmsis" -I"D:/Tutorials/EmbeddedProgrammingQP/lesson21/include/device" -std=c99 -Wmissing-prototypes -Wstrict-prototypes -Wbad-function-cast -MMD -MP -MF"src/vectors.d" -MT"src/vectors.o" -c -o "src/vectors.o" "../src/vectors.c"
Finished building: ../src/vectors.c
 
Building target: lesson.elf
Invoking: GNU Arm Cross C Linker
arm-none-eabi-gcc -mcpu=cortex-m3 -mthumb -O0 -fmessage-length=0 -fsigned-char -ffreestanding -fno-builtin -pedantic -Wunused -Wuninitialized -Wall -Wextra -Wmissing-declarations -Wconversion -Wpointer-arith -Wpadded -Wshadow -Wlogical-op -Waggregate-return -Wfloat-equal -g3 -T "D:/Tutorials/EmbeddedProgrammingQP/lesson21/ldscripts/linker.ld" -nostartfiles -nodefaultlibs -nostdlib -Xlinker --print-gc-sections -Wl,-Map,"lesson.map" --specs=nosys.specs -o "lesson.elf" ./src/bsp.o ./src/main.o ./src/startup_stm32f1.o ./src/vectors.o   
Finished building target: lesson.elf
 
Invoking: GNU Arm Cross Create Listing
arm-none-eabi-objdump --source --all-headers --demangle --line-numbers --wide "lesson.elf" > "lesson.lst"
Finished building: lesson.lst
 
Invoking: GNU Arm Cross Print Size
arm-none-eabi-size --format=berkeley --totals "lesson.elf"
   text	   data	    bss	    dec	    hex	filename
   1824	     24	      4	   1852	    73c	lesson.elf
   1824	     24	      4	   1852	    73c	(TOTALS)
Finished building: lesson.siz
 
