Component: Arm Compiler for Embedded 6.21 Tool: armlink [5ec1fa00]

==============================================================================

Section Cross References

    main.o(.text.BlinkyButton_ctor) refers to main.o(.text.BlinkyButton_dispatch) for BlinkyButton_dispatch
    main.o(.text.BlinkyButton_ctor) refers to uc_ao.o(.text.Active_ctor) for Active_ctor
    main.o(.text.BlinkyButton_ctor) refers to uc_ao.o(.text.TimeEvent_ctor) for TimeEvent_ctor
    main.o(.ARM.exidx.text.BlinkyButton_ctor) refers to main.o(.text.BlinkyButton_ctor) for [Anonymous Symbol]
    main.o(.text.BlinkyButton_dispatch) refers to bsp.o(.text.BSP_ledGreenOn) for BSP_ledGreenOn
    main.o(.text.BlinkyButton_dispatch) refers to uc_ao.o(.text.TimeEvent_arm) for TimeEvent_arm
    main.o(.text.BlinkyButton_dispatch) refers to bsp.o(.text.BSP_ledGreenOff) for BSP_ledGreenOff
    main.o(.text.BlinkyButton_dispatch) refers to main.o(.rodata.Q_this_module_) for Q_this_module_
    main.o(.text.BlinkyButton_dispatch) refers to bsp.o(.text.Q_onAssert) for Q_onAssert
    main.o(.text.BlinkyButton_dispatch) refers to bsp.o(.text.BSP_ledYellowOn) for BSP_ledYellowOn
    main.o(.text.BlinkyButton_dispatch) refers to bsp.o(.text.BSP_ledYellowOff) for BSP_ledYellowOff
    main.o(.ARM.exidx.text.BlinkyButton_dispatch) refers to main.o(.text.BlinkyButton_dispatch) for [Anonymous Symbol]
    main.o(.text.main) refers to bsp.o(.text.BSP_init) for BSP_init
    main.o(.text.main) refers to os_core.o(.text.OSInit) for OSInit
    main.o(.text.main) refers to main.o(.bss.blinkyButton) for blinkyButton
    main.o(.text.main) refers to main.o(.text.BlinkyButton_dispatch) for BlinkyButton_dispatch
    main.o(.text.main) refers to uc_ao.o(.text.Active_ctor) for Active_ctor
    main.o(.text.main) refers to uc_ao.o(.text.TimeEvent_ctor) for TimeEvent_ctor
    main.o(.text.main) refers to main.o(.data.AO_BlinkyButton) for AO_BlinkyButton
    main.o(.text.main) refers to main.o(.bss.blinkyButton_stack) for blinkyButton_stack
    main.o(.text.main) refers to main.o(.bss.blinkyButton_queue) for blinkyButton_queue
    main.o(.text.main) refers to uc_ao.o(.text.Active_start) for Active_start
    main.o(.text.main) refers to bsp.o(.text.BSP_start) for BSP_start
    main.o(.text.main) refers to os_core.o(.text.OSStart) for OSStart
    main.o(.ARM.exidx.text.main) refers to main.o(.text.main) for [Anonymous Symbol]
    main.o(.data.AO_BlinkyButton) refers to main.o(.bss.blinkyButton) for [Anonymous Symbol]
    bsp.o(.text.App_TimeTickHook) refers to uc_ao.o(.text.TimeEvent_tick) for TimeEvent_tick
    bsp.o(.text.App_TimeTickHook) refers to bsp.o(.bss.App_TimeTickHook.buttons.1) for App_TimeTickHook.buttons.1
    bsp.o(.text.App_TimeTickHook) refers to bsp.o(.bss.App_TimeTickHook.buttons.0) for App_TimeTickHook.buttons.0
    bsp.o(.text.App_TimeTickHook) refers to main.o(.data.AO_BlinkyButton) for AO_BlinkyButton
    bsp.o(.text.App_TimeTickHook) refers to bsp.o(.rodata.App_TimeTickHook.buttonPressedEvt) for App_TimeTickHook.buttonPressedEvt
    bsp.o(.text.App_TimeTickHook) refers to bsp.o(.rodata.App_TimeTickHook.buttonReleasedEvt) for App_TimeTickHook.buttonReleasedEvt
    bsp.o(.text.App_TimeTickHook) refers to uc_ao.o(.text.Active_post) for Active_post
    bsp.o(.ARM.exidx.text.App_TimeTickHook) refers to bsp.o(.text.App_TimeTickHook) for [Anonymous Symbol]
    bsp.o(.ARM.exidx.text.App_TaskIdleHook) refers to bsp.o(.text.App_TaskIdleHook) for [Anonymous Symbol]
    bsp.o(.ARM.exidx.text.App_TaskCreateHook) refers to bsp.o(.text.App_TaskCreateHook) for [Anonymous Symbol]
    bsp.o(.ARM.exidx.text.App_TaskDelHook) refers to bsp.o(.text.App_TaskDelHook) for [Anonymous Symbol]
    bsp.o(.ARM.exidx.text.App_TaskReturnHook) refers to bsp.o(.text.App_TaskReturnHook) for [Anonymous Symbol]
    bsp.o(.ARM.exidx.text.App_TaskStatHook) refers to bsp.o(.text.App_TaskStatHook) for [Anonymous Symbol]
    bsp.o(.ARM.exidx.text.App_TaskSwHook) refers to bsp.o(.text.App_TaskSwHook) for [Anonymous Symbol]
    bsp.o(.ARM.exidx.text.App_TCBInitHook) refers to bsp.o(.text.App_TCBInitHook) for [Anonymous Symbol]
    bsp.o(.ARM.exidx.text.BSP_init) refers to bsp.o(.text.BSP_init) for [Anonymous Symbol]
    bsp.o(.text.BSP_start) refers to system_stm32f10x.o(.text.SystemCoreClockUpdate) for SystemCoreClockUpdate
    bsp.o(.text.BSP_start) refers to system_stm32f10x.o(.data.SystemCoreClock) for SystemCoreClock
    bsp.o(.ARM.exidx.text.BSP_start) refers to bsp.o(.text.BSP_start) for [Anonymous Symbol]
    bsp.o(.ARM.exidx.text.BSP_ledGreenOn) refers to bsp.o(.text.BSP_ledGreenOn) for [Anonymous Symbol]
    bsp.o(.ARM.exidx.text.BSP_ledGreenOff) refers to bsp.o(.text.BSP_ledGreenOff) for [Anonymous Symbol]
    bsp.o(.ARM.exidx.text.BSP_ledYellowOn) refers to bsp.o(.text.BSP_ledYellowOn) for [Anonymous Symbol]
    bsp.o(.ARM.exidx.text.BSP_ledYellowOff) refers to bsp.o(.text.BSP_ledYellowOff) for [Anonymous Symbol]
[...]
    Removing os_dbg.o(.rodata.OSTaskIdleStkSize), (2 bytes).
    Removing os_dbg.o(.rodata.OSTaskProfileEn), (2 bytes).
    Removing os_dbg.o(.rodata.OSTaskMax), (2 bytes).
    Removing os_dbg.o(.rodata.OSTaskNameEn), (2 bytes).
    Removing os_dbg.o(.rodata.OSTaskStatEn), (2 bytes).
    Removing os_dbg.o(.rodata.OSTaskStatStkSize), (2 bytes).
    Removing os_dbg.o(.rodata.OSTaskStatStkChkEn), (2 bytes).
    Removing os_dbg.o(.rodata.OSTaskSwHookEn), (2 bytes).
    Removing os_dbg.o(.rodata.OSTaskRegTblSize), (2 bytes).
    Removing os_dbg.o(.rodata.OSTCBPrioTblMax), (2 bytes).
    Removing os_dbg.o(.rodata.OSTCBSize), (2 bytes).
    Removing os_dbg.o(.rodata.OSTicksPerSec), (2 bytes).
    Removing os_dbg.o(.rodata.OSTimeTickHookEn), (2 bytes).
    Removing os_dbg.o(.rodata.OSVersionNbr), (2 bytes).
    Removing os_dbg.o(.rodata.OSTmrEn), (2 bytes).
    Removing os_dbg.o(.rodata.OSTmrCfgMax), (2 bytes).
    Removing os_dbg.o(.rodata.OSTmrCfgNameEn), (2 bytes).
    Removing os_dbg.o(.rodata.OSTmrCfgWheelSize), (2 bytes).
    Removing os_dbg.o(.rodata.OSTmrCfgTicksPerSec), (2 bytes).
    Removing os_dbg.o(.rodata.OSTmrSize), (2 bytes).
    Removing os_dbg.o(.rodata.OSTmrTblSize), (2 bytes).
    Removing os_dbg.o(.rodata.OSTmrWheelSize), (2 bytes).
    Removing os_dbg.o(.rodata.OSTmrWheelTblSize), (2 bytes).
    Removing os_dbg.o(.rodata.OSDataSize), (2 bytes).
    Removing os_cpu_c.o(.text), (0 bytes).
    Removing os_cpu_c.o(.ARM.exidx.text.OSInitHookBegin), (8 bytes).
    Removing os_cpu_c.o(.ARM.exidx.text.OSInitHookEnd), (8 bytes).
    Removing os_cpu_c.o(.ARM.exidx.text.OSTaskCreateHook), (8 bytes).
    Removing os_cpu_c.o(.ARM.exidx.text.OSTaskDelHook), (8 bytes).
    Removing os_cpu_c.o(.ARM.exidx.text.OSTaskIdleHook), (8 bytes).
    Removing os_cpu_c.o(.ARM.exidx.text.OSTaskReturnHook), (8 bytes).
    Removing os_cpu_c.o(.ARM.exidx.text.OSTaskStatHook), (8 bytes).
    Removing os_cpu_c.o(.ARM.exidx.text.OSTaskStkInit), (8 bytes).
    Removing os_cpu_c.o(.ARM.exidx.text.OSTaskSwHook), (8 bytes).
    Removing os_cpu_c.o(.ARM.exidx.text.OSTCBInitHook), (8 bytes).
    Removing os_cpu_c.o(.ARM.exidx.text.OSTimeTickHook), (8 bytes).
    Removing os_cpu_c.o(.ARM.exidx.text.SysTick_Handler), (8 bytes).
    Removing os_cpu_c.o(.text.OS_CPU_SysTickInitFreq), (62 bytes).
    Removing os_cpu_c.o(.ARM.exidx.text.OS_CPU_SysTickInitFreq), (8 bytes).
    Removing os_cpu_c.o(.text.OS_CPU_SysTickInit), (44 bytes).
    Removing os_cpu_c.o(.ARM.exidx.text.OS_CPU_SysTickInit), (8 bytes).
    Removing system_stm32f10x.o(.text), (0 bytes).
    Removing system_stm32f10x.o(.ARM.exidx.text.SystemInit), (8 bytes).
    Removing system_stm32f10x.o(.ARM.exidx.text.SystemCoreClockUpdate), (8 bytes).

309 unused section(s) (total 10598 bytes) removed from the image.

==============================================================================

Image Symbol Table

    Local Symbols

    Symbol Name                              Value     Ov Type        Size  Object(Section)

    ../clib/angel/boardlib.s                 0x00000000   Number         0  boardinit1.o ABSOLUTE
    ../clib/angel/boardlib.s                 0x00000000   Number         0  boardinit2.o ABSOLUTE
    ../clib/angel/boardlib.s                 0x00000000   Number         0  boardinit3.o ABSOLUTE
    ../clib/angel/boardlib.s                 0x00000000   Number         0  boardshut.o ABSOLUTE
    ../clib/angel/handlers.s                 0x00000000   Number         0  __scatter_copy.o ABSOLUTE
    ../clib/angel/handlers.s                 0x00000000   Number         0  __scatter_zi.o ABSOLUTE
    ../clib/angel/kernel.s                   0x00000000   Number         0  __rtentry.o ABSOLUTE
    ../clib/angel/kernel.s                   0x00000000   Number         0  __rtentry2.o ABSOLUTE
    ../clib/angel/kernel.s                   0x00000000   Number         0  __rtentry4.o ABSOLUTE
    ../clib/angel/kernel.s                   0x00000000   Number         0  rtexit.o ABSOLUTE
    ../clib/angel/kernel.s                   0x00000000   Number         0  rtexit2.o ABSOLUTE
    ../clib/angel/rt.s                       0x00000000   Number         0  rt_raise.o ABSOLUTE
    ../clib/angel/scatter.s                  0x00000000   Number         0  __scatter.o ABSOLUTE
    ../clib/angel/startup.s                  0x00000000   Number         0  __main.o ABSOLUTE
    ../clib/angel/sys.s                      0x00000000   Number         0  sys_stackheap_outer.o ABSOLUTE
    ../clib/angel/sys.s                      0x00000000   Number         0  libspace.o ABSOLUTE
    ../clib/angel/sys.s                      0x00000000   Number         0  use_no_semi.o ABSOLUTE
    ../clib/angel/sys.s                      0x00000000   Number         0  indicate_semi.o ABSOLUTE
    ../clib/angel/sysapp.c                   0x00000000   Number         0  sys_exit.o ABSOLUTE
    ../clib/angel/sysapp.c                   0x00000000   Number         0  sys_exit_hlt.o ABSOLUTE
    ../clib/angel/sysapp.c                   0x00000000   Number         0  sys_command.o ABSOLUTE
    ../clib/angel/sysapp.c                   0x00000000   Number         0  sys_command_hlt.o ABSOLUTE
    ../clib/angel/sysapp.c                   0x00000000   Number         0  sys_wrch.o ABSOLUTE
    ../clib/angel/sysapp.c                   0x00000000   Number         0  sys_wrch_hlt.o ABSOLUTE
    ../clib/armsys.c                         0x00000000   Number         0  argv_veneer.o ABSOLUTE
    ../clib/armsys.c                         0x00000000   Number         0  argv_veneer.o ABSOLUTE
    ../clib/armsys.c                         0x00000000   Number         0  _get_argv_nomalloc.o ABSOLUTE
    ../clib/armsys.c                         0x00000000   Number         0  no_argv.o ABSOLUTE
    ../clib/heapalloc.c                      0x00000000   Number         0  hrguard.o ABSOLUTE
    ../clib/heapaux.c                        0x00000000   Number         0  heapauxi.o ABSOLUTE
    ../clib/libinit.s                        0x00000000   Number         0  libinit.o ABSOLUTE
    ../clib/libinit.s                        0x00000000   Number         0  libinit2.o ABSOLUTE
    ../clib/libinit.s                        0x00000000   Number         0  libshutdown.o ABSOLUTE
    ../clib/libinit.s                        0x00000000   Number         0  libshutdown2.o ABSOLUTE
    ../clib/memcpset.s                       0x00000000   Number         0  rt_memclr.o ABSOLUTE
    ../clib/memcpset.s                       0x00000000   Number         0  rt_memclr_w.o ABSOLUTE
    ../clib/signal.c                         0x00000000   Number         0  defsig_rtmem_outer.o ABSOLUTE
    ../clib/signal.c                         0x00000000   Number         0  defsig_rtmem_formal.o ABSOLUTE
    ../clib/signal.c                         0x00000000   Number         0  defsig_exit.o ABSOLUTE
    ../clib/signal.c                         0x00000000   Number         0  defsig_rtmem_inner.o ABSOLUTE
    ../clib/signal.c                         0x00000000   Number         0  __raise.o ABSOLUTE
    ../clib/signal.c                         0x00000000   Number         0  defsig_general.o ABSOLUTE
    ../clib/signal.c                         0x00000000   Number         0  defsig_abrt_inner.o ABSOLUTE
    ../clib/signal.c                         0x00000000   Number         0  defsig_fpe_inner.o ABSOLUTE
    ../clib/signal.c                         0x00000000   Number         0  defsig_rtred_inner.o ABSOLUTE
    ../clib/signal.c                         0x00000000   Number         0  defsig_stak_inner.o ABSOLUTE
    ../clib/signal.c                         0x00000000   Number         0  defsig_pvfn_inner.o ABSOLUTE
    ../clib/signal.c                         0x00000000   Number         0  defsig_cppl_inner.o ABSOLUTE
    ../clib/signal.c                         0x00000000   Number         0  defsig_segv_inner.o ABSOLUTE
    ../clib/signal.c                         0x00000000   Number         0  defsig_other.o ABSOLUTE
    ../clib/signal.s                         0x00000000   Number         0  defsig.o ABSOLUTE
    ../clib/stdlib.c                         0x00000000   Number         0  exit.o ABSOLUTE
    ../fplib/fpinit.s                        0x00000000   Number         0  fpinit.o ABSOLUTE
    ../fplib/fpinit_empty.s                  0x00000000   Number         0  fpinit_empty.o ABSOLUTE
    ../ucos2/Ports/ARM-Cortex-M/ARMv7-M/ARM/os_cpu_a.asm 0x00000000   Number         0  os_cpu_a.o ABSOLUTE
    RTE/Device/STM32F103C8/startup_stm32f10x_md.s 0x00000000   Number         0  startup_stm32f10x_md.o ABSOLUTE
    bsp.c                                    0x00000000   Number         0  bsp.o ABSOLUTE
    dc.s                                     0x00000000   Number         0  dc.o ABSOLUTE
    main.c                                   0x00000000   Number         0  main.o ABSOLUTE
    os_core.c                                0x00000000   Number         0  os_core.o ABSOLUTE
    os_cpu_c.c                               0x00000000   Number         0  os_cpu_c.o ABSOLUTE
    os_dbg.c                                 0x00000000   Number         0  os_dbg.o ABSOLUTE
    os_flag.c                                0x00000000   Number         0  os_flag.o ABSOLUTE
    os_mbox.c                                0x00000000   Number         0  os_mbox.o ABSOLUTE
    os_mem.c                                 0x00000000   Number         0  os_mem.o ABSOLUTE
    os_mutex.c                               0x00000000   Number         0  os_mutex.o ABSOLUTE
    os_q.c                                   0x00000000   Number         0  os_q.o ABSOLUTE
    os_sem.c                                 0x00000000   Number         0  os_sem.o ABSOLUTE
    os_task.c                                0x00000000   Number         0  os_task.o ABSOLUTE
    os_time.c                                0x00000000   Number         0  os_time.o ABSOLUTE
    os_tmr.c                                 0x00000000   Number         0  os_tmr.o ABSOLUTE
    startup_stm32f1.c                        0x00000000   Number         0  startup_stm32f1.o ABSOLUTE
    system_stm32f10x.c                       0x00000000   Number         0  system_stm32f10x.o ABSOLUTE
    uc_ao.c                                  0x00000000   Number         0  uc_ao.o ABSOLUTE
    __tagsym$$used.0                         0x08000000   Number         0  startup_stm32f1.o(RESET)
    !!!main                                  0x08000400   Section        8  __main.o(!!!main)
    !!!scatter                               0x08000408   Section       92  __scatter.o(!!!scatter)
    !!handler_copy                           0x08000464   Section       26  __scatter_copy.o(!!handler_copy)
    !!handler_null                           0x08000480   Section        2  __scatter.o(!!handler_null)
    !!handler_zi                             0x08000484   Section       28  __scatter_zi.o(!!handler_zi)
    .ARM.Collect$$libinit$$00000000          0x080004a0   Section        2  libinit.o(.ARM.Collect$$libinit$$00000000)
    .ARM.Collect$$libinit$$00000002          0x080004a2   Section        0  libinit2.o(.ARM.Collect$$libinit$$00000002)
    .ARM.Collect$$libinit$$00000004          0x080004a2   Section        0  libinit2.o(.ARM.Collect$$libinit$$00000004)
    .ARM.Collect$$libinit$$00000006          0x080004a2   Section        0  libinit2.o(.ARM.Collect$$libinit$$00000006)
    .ARM.Collect$$libinit$$0000000C          0x080004a2   Section        0  libinit2.o(.ARM.Collect$$libinit$$0000000C)
    .ARM.Collect$$libinit$$0000000E          0x080004a2   Section        0  libinit2.o(.ARM.Collect$$libinit$$0000000E)
    .ARM.Collect$$libinit$$00000010          0x080004a2   Section        0  libinit2.o(.ARM.Collect$$libinit$$00000010)
    .ARM.Collect$$libinit$$00000013          0x080004a2   Section        0  libinit2.o(.ARM.Collect$$libinit$$00000013)
    .ARM.Collect$$libinit$$00000015          0x080004a2   Section        0  libinit2.o(.ARM.Collect$$libinit$$00000015)
    .ARM.Collect$$libinit$$00000017          0x080004a2   Section        0  libinit2.o(.ARM.Collect$$libinit$$00000017)
    .ARM.Collect$$libinit$$00000019          0x080004a2   Section        0  libinit2.o(.ARM.Collect$$libinit$$00000019)
    .ARM.Collect$$libinit$$0000001B          0x080004a2   Section        0  libinit2.o(.ARM.Collect$$libinit$$0000001B)
    .ARM.Collect$$libinit$$0000001D          0x080004a2   Section        0  libinit2.o(.ARM.Collect$$libinit$$0000001D)
    .ARM.Collect$$libinit$$0000001F          0x080004a2   Section        0  libinit2.o(.ARM.Collect$$libinit$$0000001F)
    .ARM.Collect$$libinit$$00000021          0x080004a2   Section        0  libinit2.o(.ARM.Collect$$libinit$$00000021)
    .ARM.Collect$$libinit$$00000023          0x080004a2   Section        0  libinit2.o(.ARM.Collect$$libinit$$00000023)
    .ARM.Collect$$libinit$$00000025          0x080004a2   Section        0  libinit2.o(.ARM.Collect$$libinit$$00000025)
    .ARM.Collect$$libinit$$00000027          0x080004a2   Section        0  libinit2.o(.ARM.Collect$$libinit$$00000027)
    .ARM.Collect$$libinit$$0000002E          0x080004a2   Section        0  libinit2.o(.ARM.Collect$$libinit$$0000002E)
    .ARM.Collect$$libinit$$00000030          0x080004a2   Section        0  libinit2.o(.ARM.Collect$$libinit$$00000030)
    .ARM.Collect$$libinit$$00000032          0x080004a2   Section        0  libinit2.o(.ARM.Collect$$libinit$$00000032)
    .ARM.Collect$$libinit$$00000034          0x080004a2   Section        0  libinit2.o(.ARM.Collect$$libinit$$00000034)
    .ARM.Collect$$libinit$$00000035          0x080004a2   Section        2  libinit2.o(.ARM.Collect$$libinit$$00000035)
    .ARM.Collect$$libshutdown$$00000000      0x080004a4   Section        2  libshutdown.o(.ARM.Collect$$libshutdown$$00000000)
    .ARM.Collect$$libshutdown$$00000002      0x080004a6   Section        0  libshutdown2.o(.ARM.Collect$$libshutdown$$00000002)
    .ARM.Collect$$libshutdown$$00000004      0x080004a6   Section        0  libshutdown2.o(.ARM.Collect$$libshutdown$$00000004)
    .ARM.Collect$$libshutdown$$00000007      0x080004a6   Section        0  libshutdown2.o(.ARM.Collect$$libshutdown$$00000007)
    .ARM.Collect$$libshutdown$$0000000A      0x080004a6   Section        0  libshutdown2.o(.ARM.Collect$$libshutdown$$0000000A)
    .ARM.Collect$$libshutdown$$0000000C      0x080004a6   Section        0  libshutdown2.o(.ARM.Collect$$libshutdown$$0000000C)
    .ARM.Collect$$libshutdown$$0000000F      0x080004a6   Section        0  libshutdown2.o(.ARM.Collect$$libshutdown$$0000000F)
    .ARM.Collect$$libshutdown$$00000010      0x080004a6   Section        2  libshutdown2.o(.ARM.Collect$$libshutdown$$00000010)
    .ARM.Collect$$rtentry$$00000000          0x080004a8   Section        0  __rtentry.o(.ARM.Collect$$rtentry$$00000000)
    .ARM.Collect$$rtentry$$00000002          0x080004a8   Section        0  __rtentry2.o(.ARM.Collect$$rtentry$$00000002)
    .ARM.Collect$$rtentry$$00000004          0x080004a8   Section        6  __rtentry4.o(.ARM.Collect$$rtentry$$00000004)
    .ARM.Collect$$rtentry$$00000009          0x080004ae   Section        0  __rtentry2.o(.ARM.Collect$$rtentry$$00000009)
    .ARM.Collect$$rtentry$$0000000A          0x080004ae   Section        4  __rtentry2.o(.ARM.Collect$$rtentry$$0000000A)
    .ARM.Collect$$rtentry$$0000000C          0x080004b2   Section        0  __rtentry2.o(.ARM.Collect$$rtentry$$0000000C)
    .ARM.Collect$$rtentry$$0000000D          0x080004b2   Section        8  __rtentry2.o(.ARM.Collect$$rtentry$$0000000D)
    .ARM.Collect$$rtexit$$00000000           0x080004ba   Section        2  rtexit.o(.ARM.Collect$$rtexit$$00000000)
    .ARM.Collect$$rtexit$$00000002           0x080004bc   Section        0  rtexit2.o(.ARM.Collect$$rtexit$$00000002)
    .ARM.Collect$$rtexit$$00000003           0x080004bc   Section        4  rtexit2.o(.ARM.Collect$$rtexit$$00000003)
    .ARM.Collect$$rtexit$$00000004           0x080004c0   Section        6  rtexit2.o(.ARM.Collect$$rtexit$$00000004)
    .text                                    0x080004c8   Section      276  os_cpu_a.o(.text)
    .text                                    0x080005dc   Section       40  startup_stm32f10x_md.o(.text)
    .text                                    0x08000604   Section       68  rt_memclr.o(.text)
    .text                                    0x08000648   Section       78  rt_memclr_w.o(.text)
    .text                                    0x08000696   Section        0  heapauxi.o(.text)
    .text                                    0x0800069c   Section       74  sys_stackheap_outer.o(.text)
    .text                                    0x080006e6   Section        0  exit.o(.text)
    .text                                    0x080006f8   Section        8  libspace.o(.text)
    .text                                    0x08000700   Section        0  sys_exit.o(.text)
    .text                                    0x0800070c   Section        2  use_no_semi.o(.text)
    .text                                    0x0800070e   Section        0  indicate_semi.o(.text)
    [Anonymous Symbol]                       0x08000710   Section        0  uc_ao.o(.text.Active_ctor)
    Active_eventLoop                         0x08000715   Thumb Code    70  uc_ao.o(.text.Active_eventLoop)
    [Anonymous Symbol]                       0x08000714   Section        0  uc_ao.o(.text.Active_eventLoop)
    [Anonymous Symbol]                       0x0800075c   Section        0  uc_ao.o(.text.Active_post)
    [Anonymous Symbol]                       0x08000764   Section        0  uc_ao.o(.text.Active_start)
    [Anonymous Symbol]                       0x080007f8   Section        0  bsp.o(.text.App_TCBInitHook)
    [Anonymous Symbol]                       0x080007fc   Section        0  bsp.o(.text.App_TaskCreateHook)
    [Anonymous Symbol]                       0x08000800   Section        0  bsp.o(.text.App_TaskDelHook)
    [Anonymous Symbol]                       0x08000804   Section        0  bsp.o(.text.App_TaskIdleHook)
    [Anonymous Symbol]                       0x08000808   Section        0  bsp.o(.text.App_TaskReturnHook)
    [Anonymous Symbol]                       0x0800080c   Section        0  bsp.o(.text.App_TaskStatHook)
    [Anonymous Symbol]                       0x08000810   Section        0  bsp.o(.text.App_TaskSwHook)
    [Anonymous Symbol]                       0x08000814   Section        0  bsp.o(.text.App_TimeTickHook)
    [Anonymous Symbol]                       0x08000888   Section        0  bsp.o(.text.BSP_init)
    [Anonymous Symbol]                       0x080008d8   Section        0  bsp.o(.text.BSP_ledGreenOff)
    [Anonymous Symbol]                       0x080008e8   Section        0  bsp.o(.text.BSP_ledGreenOn)
    [Anonymous Symbol]                       0x080008f8   Section        0  bsp.o(.text.BSP_ledYellowOff)
    [Anonymous Symbol]                       0x08000908   Section        0  bsp.o(.text.BSP_ledYellowOn)
    [Anonymous Symbol]                       0x08000918   Section        0  bsp.o(.text.BSP_start)
    BlinkyButton_dispatch                    0x08000969   Thumb Code   134  main.o(.text.BlinkyButton_dispatch)
    [Anonymous Symbol]                       0x08000968   Section        0  main.o(.text.BlinkyButton_dispatch)
    [Anonymous Symbol]                       0x080009f0   Section        0  startup_stm32f1.o(.text.BusFault_Handler)
    [Anonymous Symbol]                       0x080009f4   Section        0  startup_stm32f1.o(.text.HardFault_Handler)
    [Anonymous Symbol]                       0x080009f8   Section        0  startup_stm32f1.o(.text.MemManage_Handler)
    [Anonymous Symbol]                       0x080009fc   Section        0  startup_stm32f1.o(.text.NMI_Handler)
    [Anonymous Symbol]                       0x08000a00   Section        0  os_dbg.o(.text.OSDebugInit)
    [Anonymous Symbol]                       0x08000a04   Section        0  os_core.o(.text.OSEventNameSet)
    [Anonymous Symbol]                       0x08000a50   Section        0  os_core.o(.text.OSInit)
    [Anonymous Symbol]                       0x08000c54   Section        0  os_cpu_c.o(.text.OSInitHookBegin)
    [Anonymous Symbol]                       0x08000c94   Section        0  os_cpu_c.o(.text.OSInitHookEnd)
    [Anonymous Symbol]                       0x08000c98   Section        0  os_core.o(.text.OSIntEnter)
    [Anonymous Symbol]                       0x08000cbc   Section        0  os_core.o(.text.OSIntExit)
    [Anonymous Symbol]                       0x08000d70   Section        0  os_q.o(.text.OSQCreate)
    [Anonymous Symbol]                       0x08000e08   Section        0  os_q.o(.text.OSQPend)
    [Anonymous Symbol]                       0x08000ef4   Section        0  os_q.o(.text.OSQPost)
    [Anonymous Symbol]                       0x08000f68   Section        0  os_core.o(.text.OSSchedLock)
    [Anonymous Symbol]                       0x08000fac   Section        0  os_core.o(.text.OSSchedUnlock)
    [Anonymous Symbol]                       0x0800107c   Section        0  os_sem.o(.text.OSSemCreate)
    [Anonymous Symbol]                       0x080010d4   Section        0  os_sem.o(.text.OSSemPend)
    [Anonymous Symbol]                       0x080011a0   Section        0  os_sem.o(.text.OSSemPost)
    [Anonymous Symbol]                       0x080011fc   Section        0  os_core.o(.text.OSStart)
    [Anonymous Symbol]                       0x0800126c   Section        0  os_cpu_c.o(.text.OSTCBInitHook)
    [Anonymous Symbol]                       0x08001270   Section        0  os_task.o(.text.OSTaskCreateExt)
    [Anonymous Symbol]                       0x08001338   Section        0  os_cpu_c.o(.text.OSTaskCreateHook)
    [Anonymous Symbol]                       0x0800133c   Section        0  os_task.o(.text.OSTaskDel)
    [Anonymous Symbol]                       0x0800149c   Section        0  os_cpu_c.o(.text.OSTaskDelHook)
    [Anonymous Symbol]                       0x080014a0   Section        0  os_cpu_c.o(.text.OSTaskIdleHook)
    [Anonymous Symbol]                       0x080014a4   Section        0  os_task.o(.text.OSTaskNameSet)
    [Anonymous Symbol]                       0x08001508   Section        0  os_cpu_c.o(.text.OSTaskReturnHook)
    [Anonymous Symbol]                       0x0800150c   Section        0  os_cpu_c.o(.text.OSTaskStatHook)
    [Anonymous Symbol]                       0x08001510   Section        0  os_task.o(.text.OSTaskStkChk)
    [Anonymous Symbol]                       0x08001598   Section        0  os_cpu_c.o(.text.OSTaskStkInit)
    [Anonymous Symbol]                       0x0800160c   Section        0  os_task.o(.text.OSTaskSuspend)
    [Anonymous Symbol]                       0x080016c0   Section        0  os_cpu_c.o(.text.OSTaskSwHook)
    [Anonymous Symbol]                       0x080016c4   Section        0  os_time.o(.text.OSTimeDly)
    [Anonymous Symbol]                       0x0800173c   Section        0  os_core.o(.text.OSTimeTick)
    [Anonymous Symbol]                       0x0800180c   Section        0  os_cpu_c.o(.text.OSTimeTickHook)
    [Anonymous Symbol]                       0x08001834   Section        0  os_tmr.o(.text.OSTmrSignal)
    [Anonymous Symbol]                       0x08001844   Section        0  os_tmr.o(.text.OSTmr_Init)
    OSTmr_Task                               0x08001985   Thumb Code   306  os_tmr.o(.text.OSTmr_Task)
    [Anonymous Symbol]                       0x08001984   Section        0  os_tmr.o(.text.OSTmr_Task)
    [Anonymous Symbol]                       0x08001ab8   Section        0  os_core.o(.text.OS_Dummy)
    [Anonymous Symbol]                       0x08001abc   Section        0  os_core.o(.text.OS_EventTaskRdy)
    [Anonymous Symbol]                       0x08001b5c   Section        0  os_core.o(.text.OS_EventTaskRemove)
    [Anonymous Symbol]                       0x08001b8c   Section        0  os_core.o(.text.OS_EventTaskWait)
    [Anonymous Symbol]                       0x08001bf4   Section        0  os_core.o(.text.OS_EventWaitListInit)
    [Anonymous Symbol]                       0x08001c04   Section        0  os_flag.o(.text.OS_FlagInit)
    [Anonymous Symbol]                       0x08001c50   Section        0  os_flag.o(.text.OS_FlagUnlink)
    [Anonymous Symbol]                       0x08001c74   Section        0  os_core.o(.text.OS_MemClr)
    [Anonymous Symbol]                       0x08001c84   Section        0  os_mem.o(.text.OS_MemInit)
    [Anonymous Symbol]                       0x08001cc8   Section        0  os_q.o(.text.OS_QInit)
    [Anonymous Symbol]                       0x08001d04   Section        0  os_core.o(.text.OS_Sched)
    [Anonymous Symbol]                       0x08001d9c   Section        0  os_core.o(.text.OS_TCBInit)
    [Anonymous Symbol]                       0x08001eb0   Section        0  os_core.o(.text.OS_TaskIdle)
    [Anonymous Symbol]                       0x08001ed0   Section        0  os_task.o(.text.OS_TaskReturn)
    [Anonymous Symbol]                       0x08001eec   Section        0  os_core.o(.text.OS_TaskStat)
    [Anonymous Symbol]                       0x08002000   Section        0  bsp.o(.text.Q_onAssert)
    [Anonymous Symbol]                       0x08002010   Section        0  os_cpu_c.o(.text.SysTick_Handler)
    [Anonymous Symbol]                       0x08002030   Section        0  system_stm32f10x.o(.text.SystemCoreClockUpdate)
    [Anonymous Symbol]                       0x08002090   Section        0  system_stm32f10x.o(.text.SystemInit)
    [Anonymous Symbol]                       0x080021a0   Section        0  uc_ao.o(.text.TimeEvent_arm)
    [Anonymous Symbol]                       0x080021bc   Section        0  uc_ao.o(.text.TimeEvent_ctor)
    [Anonymous Symbol]                       0x0800220c   Section        0  uc_ao.o(.text.TimeEvent_tick)
    [Anonymous Symbol]                       0x08002270   Section        0  startup_stm32f1.o(.text.Unused_Handler)
    [Anonymous Symbol]                       0x08002274   Section        0  startup_stm32f1.o(.text.UsageFault_Handler)
    [Anonymous Symbol]                       0x08002278   Section        0  main.o(.text.main)
    Active_eventLoop.initEvt                 0x080022f6   Data           2  uc_ao.o(.rodata.Active_eventLoop.initEvt)
    [Anonymous Symbol]                       0x080022f6   Section        0  uc_ao.o(.rodata.Active_eventLoop.initEvt)
    App_TimeTickHook.buttonPressedEvt        0x080022f8   Data           2  bsp.o(.rodata.App_TimeTickHook.buttonPressedEvt)
    [Anonymous Symbol]                       0x080022f8   Section        0  bsp.o(.rodata.App_TimeTickHook.buttonPressedEvt)
    App_TimeTickHook.buttonReleasedEvt       0x080022fa   Data           2  bsp.o(.rodata.App_TimeTickHook.buttonReleasedEvt)
    [Anonymous Symbol]                       0x080022fa   Section        0  bsp.o(.rodata.App_TimeTickHook.buttonReleasedEvt)
    Q_this_module_                           0x080023fc   Data           5  main.o(.rodata.Q_this_module_)
    [Anonymous Symbol]                       0x080023fc   Section        0  main.o(.rodata.Q_this_module_)
    Q_this_module_                           0x08002401   Data           6  uc_ao.o(.rodata.Q_this_module_)
    [Anonymous Symbol]                       0x08002401   Section        0  uc_ao.o(.rodata.Q_this_module_)
    .L.str                                   0x08002407   Data           2  os_core.o(.rodata.str1.1)
    .L.str                                   0x08002407   Data           2  os_core.o(.rodata.str1.1)
    .L.str                                   0x08002407   Data           2  os_core.o(.rodata.str1.1)
    .L.str                                   0x08002407   Data           2  os_core.o(.rodata.str1.1)
    .L.str                                   0x08002407   Data           2  os_core.o(.rodata.str1.1)
    .L.str                                   0x08002407   Data           2  os_core.o(.rodata.str1.1)
    [Anonymous Symbol]                       0x08002407   Section        0  os_core.o(.rodata.str1.1)
    .bss                                     0x20000008   Section       96  libspace.o(.bss)
    App_TimeTickHook.buttons.0               0x20000068   Data           4  bsp.o(.bss.App_TimeTickHook.buttons.0)
    [Anonymous Symbol]                       0x20000068   Section        0  bsp.o(.bss.App_TimeTickHook.buttons.0)
    App_TimeTickHook.buttons.1               0x2000006c   Data           4  bsp.o(.bss.App_TimeTickHook.buttons.1)
    [Anonymous Symbol]                       0x2000006c   Section        0  bsp.o(.bss.App_TimeTickHook.buttons.1)
    OSTmrCtr                                 0x2000109c   Data           2  os_cpu_c.o(.bss.OSTmrCtr)
    [Anonymous Symbol]                       0x2000109c   Section        0  os_cpu_c.o(.bss.OSTmrCtr)
    blinkyButton                             0x20001974   Data          36  main.o(.bss.blinkyButton)
    [Anonymous Symbol]                       0x20001974   Section        0  main.o(.bss.blinkyButton)
    blinkyButton_queue                       0x20001998   Data          40  main.o(.bss.blinkyButton_queue)
    [Anonymous Symbol]                       0x20001998   Section        0  main.o(.bss.blinkyButton_queue)
    l_tevt                                   0x20001b50   Data          40  uc_ao.o(.bss.l_tevt)
    [Anonymous Symbol]                       0x20001b50   Section        0  uc_ao.o(.bss.l_tevt)
    l_tevtNum                                0x20001b78   Data           1  uc_ao.o(.bss.l_tevtNum)
    [Anonymous Symbol]                       0x20001b78   Section        0  uc_ao.o(.bss.l_tevtNum)
    Heap_Mem                                 0x20001b80   Data           0  startup_stm32f10x_md.o(HEAP)
    Stack_Mem                                0x20001b80   Data        1024  startup_stm32f10x_md.o(STACK)
    HEAP                                     0x20001b80   Section        0  startup_stm32f10x_md.o(HEAP)
    STACK                                    0x20001b80   Section     1024  startup_stm32f10x_md.o(STACK)

    Global Symbols

    Symbol Name                              Value     Ov Type        Size  Object(Section)

    BuildAttributes$$THM_ISAv4$P$D$K$B$S$PE$A:L22UL41UL21$X:L11$S22US41US21$IEEE1$IW$~IW$USESV6$~STKCKD$USESV7$~SHL$OTIME$ROPI$EBA8$UX$STANDARDLIB$REQ8$PRES8$EABIv2 0x00000000   Number         0  anon$$obj.o ABSOLUTE
    __fp_init_empty                          0x00000000   Number         0  fpinit_empty.o ABSOLUTE
    __ARM_exceptions_init                     - Undefined Weak Reference
    __alloca_initialize                       - Undefined Weak Reference
    __arm_preinit_                            - Undefined Weak Reference
    __arm_relocate_pie_                       - Undefined Weak Reference
    __cpp_initialize__aeabi_                  - Undefined Weak Reference
    __cxa_finalize                            - Undefined Weak Reference
    __rt_locale                               - Undefined Weak Reference
    __sigvec_lookup                           - Undefined Weak Reference
    _atexit_init                              - Undefined Weak Reference
    _call_atexit_fns                          - Undefined Weak Reference
    _clock_init                               - Undefined Weak Reference
    _fp_trap_init                             - Undefined Weak Reference
    _fp_trap_shutdown                         - Undefined Weak Reference
    _get_lc_collate                           - Undefined Weak Reference
    _get_lc_ctype                             - Undefined Weak Reference
    _get_lc_monetary                          - Undefined Weak Reference
    _get_lc_numeric                           - Undefined Weak Reference
    _get_lc_time                              - Undefined Weak Reference
    _getenv_init                              - Undefined Weak Reference
    _handle_redirection                       - Undefined Weak Reference
    _init_alloc                               - Undefined Weak Reference
    _init_user_alloc                          - Undefined Weak Reference
    _initio                                   - Undefined Weak Reference
    _rand_init                                - Undefined Weak Reference
    _signal_finish                            - Undefined Weak Reference
    _signal_init                              - Undefined Weak Reference
    _terminate_alloc                          - Undefined Weak Reference
    _terminate_user_alloc                     - Undefined Weak Reference
    _terminateio                              - Undefined Weak Reference
    __Vectors                                0x08000000   Data        1024  startup_stm32f1.o(RESET)
    __main                                   0x08000401   Thumb Code     8  __main.o(!!!main)
    __scatterload                            0x08000409   Thumb Code     0  __scatter.o(!!!scatter)
    __scatterload_rt2                        0x08000409   Thumb Code    84  __scatter.o(!!!scatter)
    __scatterload_rt2_thumb_only             0x08000409   Thumb Code     0  __scatter.o(!!!scatter)
    __scatterload_loop                       0x08000413   Thumb Code     0  __scatter.o(!!!scatter)
    __scatterload_copy                       0x08000465   Thumb Code    26  __scatter_copy.o(!!handler_copy)
    __scatterload_null                       0x08000481   Thumb Code     2  __scatter.o(!!handler_null)
    __scatterload_zeroinit                   0x08000485   Thumb Code    28  __scatter_zi.o(!!handler_zi)
    __rt_lib_init                            0x080004a1   Thumb Code     0  libinit.o(.ARM.Collect$$libinit$$00000000)
    __rt_lib_init_alloca_1                   0x080004a3   Thumb Code     0  libinit2.o(.ARM.Collect$$libinit$$00000030)
    __rt_lib_init_argv_1                     0x080004a3   Thumb Code     0  libinit2.o(.ARM.Collect$$libinit$$0000002E)
    __rt_lib_init_atexit_1                   0x080004a3   Thumb Code     0  libinit2.o(.ARM.Collect$$libinit$$0000001D)
    __rt_lib_init_clock_1                    0x080004a3   Thumb Code     0  libinit2.o(.ARM.Collect$$libinit$$00000023)
    __rt_lib_init_cpp_1                      0x080004a3   Thumb Code     0  libinit2.o(.ARM.Collect$$libinit$$00000034)
    __rt_lib_init_exceptions_1               0x080004a3   Thumb Code     0  libinit2.o(.ARM.Collect$$libinit$$00000032)
    __rt_lib_init_fp_1                       0x080004a3   Thumb Code     0  libinit2.o(.ARM.Collect$$libinit$$00000002)
    __rt_lib_init_fp_trap_1                  0x080004a3   Thumb Code     0  libinit2.o(.ARM.Collect$$libinit$$00000021)
    __rt_lib_init_getenv_1                   0x080004a3   Thumb Code     0  libinit2.o(.ARM.Collect$$libinit$$00000025)
    __rt_lib_init_heap_1                     0x080004a3   Thumb Code     0  libinit2.o(.ARM.Collect$$libinit$$0000000C)
    __rt_lib_init_lc_collate_1               0x080004a3   Thumb Code     0  libinit2.o(.ARM.Collect$$libinit$$00000013)
    __rt_lib_init_lc_ctype_1                 0x080004a3   Thumb Code     0  libinit2.o(.ARM.Collect$$libinit$$00000015)
    __rt_lib_init_lc_monetary_1              0x080004a3   Thumb Code     0  libinit2.o(.ARM.Collect$$libinit$$00000017)
    __rt_lib_init_lc_numeric_1               0x080004a3   Thumb Code     0  libinit2.o(.ARM.Collect$$libinit$$00000019)
    __rt_lib_init_lc_time_1                  0x080004a3   Thumb Code     0  libinit2.o(.ARM.Collect$$libinit$$0000001B)
    __rt_lib_init_preinit_1                  0x080004a3   Thumb Code     0  libinit2.o(.ARM.Collect$$libinit$$00000006)
    __rt_lib_init_rand_1                     0x080004a3   Thumb Code     0  libinit2.o(.ARM.Collect$$libinit$$00000010)
    __rt_lib_init_relocate_pie_1             0x080004a3   Thumb Code     0  libinit2.o(.ARM.Collect$$libinit$$00000004)
    __rt_lib_init_return                     0x080004a3   Thumb Code     0  libinit2.o(.ARM.Collect$$libinit$$00000035)
    __rt_lib_init_signal_1                   0x080004a3   Thumb Code     0  libinit2.o(.ARM.Collect$$libinit$$0000001F)
    __rt_lib_init_stdio_1                    0x080004a3   Thumb Code     0  libinit2.o(.ARM.Collect$$libinit$$00000027)
    __rt_lib_init_user_alloc_1               0x080004a3   Thumb Code     0  libinit2.o(.ARM.Collect$$libinit$$0000000E)
    __rt_lib_shutdown                        0x080004a5   Thumb Code     0  libshutdown.o(.ARM.Collect$$libshutdown$$00000000)
    __rt_lib_shutdown_cpp_1                  0x080004a7   Thumb Code     0  libshutdown2.o(.ARM.Collect$$libshutdown$$00000002)
    __rt_lib_shutdown_fp_trap_1              0x080004a7   Thumb Code     0  libshutdown2.o(.ARM.Collect$$libshutdown$$00000007)
    __rt_lib_shutdown_heap_1                 0x080004a7   Thumb Code     0  libshutdown2.o(.ARM.Collect$$libshutdown$$0000000F)
    __rt_lib_shutdown_return                 0x080004a7   Thumb Code     0  libshutdown2.o(.ARM.Collect$$libshutdown$$00000010)
    __rt_lib_shutdown_signal_1               0x080004a7   Thumb Code     0  libshutdown2.o(.ARM.Collect$$libshutdown$$0000000A)
    __rt_lib_shutdown_stdio_1                0x080004a7   Thumb Code     0  libshutdown2.o(.ARM.Collect$$libshutdown$$00000004)
    __rt_lib_shutdown_user_alloc_1           0x080004a7   Thumb Code     0  libshutdown2.o(.ARM.Collect$$libshutdown$$0000000C)
    __rt_entry                               0x080004a9   Thumb Code     0  __rtentry.o(.ARM.Collect$$rtentry$$00000000)
    __rt_entry_presh_1                       0x080004a9   Thumb Code     0  __rtentry2.o(.ARM.Collect$$rtentry$$00000002)
    __rt_entry_sh                            0x080004a9   Thumb Code     0  __rtentry4.o(.ARM.Collect$$rtentry$$00000004)
    __rt_entry_li                            0x080004af   Thumb Code     0  __rtentry2.o(.ARM.Collect$$rtentry$$0000000A)
    __rt_entry_postsh_1                      0x080004af   Thumb Code     0  __rtentry2.o(.ARM.Collect$$rtentry$$00000009)
    __rt_entry_main                          0x080004b3   Thumb Code     0  __rtentry2.o(.ARM.Collect$$rtentry$$0000000D)
    __rt_entry_postli_1                      0x080004b3   Thumb Code     0  __rtentry2.o(.ARM.Collect$$rtentry$$0000000C)
    __rt_exit                                0x080004bb   Thumb Code     0  rtexit.o(.ARM.Collect$$rtexit$$00000000)
    __rt_exit_ls                             0x080004bd   Thumb Code     0  rtexit2.o(.ARM.Collect$$rtexit$$00000003)
    __rt_exit_prels_1                        0x080004bd   Thumb Code     0  rtexit2.o(.ARM.Collect$$rtexit$$00000002)
    __rt_exit_exit                           0x080004c1   Thumb Code     0  rtexit2.o(.ARM.Collect$$rtexit$$00000004)
    OS_CPU_SR_Save                           0x080004c9   Thumb Code     0  os_cpu_a.o(.text)
    OS_CPU_SR_Restore                        0x080004e5   Thumb Code     0  os_cpu_a.o(.text)
    OSStartHighRdy                           0x080004f7   Thumb Code     0  os_cpu_a.o(.text)
    OSCtxSw                                  0x0800054f   Thumb Code     0  os_cpu_a.o(.text)
    OSIntCtxSw                               0x0800054f   Thumb Code     0  os_cpu_a.o(.text)
    PendSV_Handler                           0x08000559   Thumb Code     0  os_cpu_a.o(.text)
    Reset_Handler                            0x080005dd   Thumb Code     8  startup_stm32f10x_md.o(.text)
    __user_initial_stackheap                 0x080005e5   Thumb Code     0  startup_stm32f10x_md.o(.text)
    __aeabi_memclr                           0x08000605   Thumb Code     0  rt_memclr.o(.text)
    __rt_memclr                              0x08000605   Thumb Code     0  rt_memclr.o(.text)
    _memset                                  0x08000609   Thumb Code    64  rt_memclr.o(.text)
    __aeabi_memclr4                          0x08000649   Thumb Code     0  rt_memclr_w.o(.text)
    __aeabi_memclr8                          0x08000649   Thumb Code     0  rt_memclr_w.o(.text)
    __rt_memclr_w                            0x08000649   Thumb Code     0  rt_memclr_w.o(.text)
    _memset_w                                0x0800064d   Thumb Code    74  rt_memclr_w.o(.text)
    __use_two_region_memory                  0x08000697   Thumb Code     2  heapauxi.o(.text)
    __rt_heap_escrow$2region                 0x08000699   Thumb Code     2  heapauxi.o(.text)
    __rt_heap_expand$2region                 0x0800069b   Thumb Code     2  heapauxi.o(.text)
    __user_setup_stackheap                   0x0800069d   Thumb Code    74  sys_stackheap_outer.o(.text)
    exit                                     0x080006e7   Thumb Code    18  exit.o(.text)
    __user_libspace                          0x080006f9   Thumb Code     8  libspace.o(.text)
    __user_perproc_libspace                  0x080006f9   Thumb Code     0  libspace.o(.text)
    __user_perthread_libspace                0x080006f9   Thumb Code     0  libspace.o(.text)
    _sys_exit                                0x08000701   Thumb Code     8  sys_exit.o(.text)
    __I$use$semihosting                      0x0800070d   Thumb Code     0  use_no_semi.o(.text)
    __use_no_semihosting_swi                 0x0800070d   Thumb Code     2  use_no_semi.o(.text)
    __semihosting_library_function           0x0800070f   Thumb Code     0  indicate_semi.o(.text)
    Active_ctor                              0x08000711   Thumb Code     4  uc_ao.o(.text.Active_ctor)
    Active_post                              0x0800075d   Thumb Code     6  uc_ao.o(.text.Active_post)
    Active_start                             0x08000765   Thumb Code   146  uc_ao.o(.text.Active_start)
    App_TCBInitHook                          0x080007f9   Thumb Code     2  bsp.o(.text.App_TCBInitHook)
    App_TaskCreateHook                       0x080007fd   Thumb Code     2  bsp.o(.text.App_TaskCreateHook)
    App_TaskDelHook                          0x08000801   Thumb Code     2  bsp.o(.text.App_TaskDelHook)
    App_TaskIdleHook                         0x08000805   Thumb Code     2  bsp.o(.text.App_TaskIdleHook)
    App_TaskReturnHook                       0x08000809   Thumb Code     2  bsp.o(.text.App_TaskReturnHook)
    App_TaskStatHook                         0x0800080d   Thumb Code     2  bsp.o(.text.App_TaskStatHook)
    App_TaskSwHook                           0x08000811   Thumb Code     2  bsp.o(.text.App_TaskSwHook)
    App_TimeTickHook                         0x08000815   Thumb Code   114  bsp.o(.text.App_TimeTickHook)
    BSP_init                                 0x08000889   Thumb Code    78  bsp.o(.text.BSP_init)
    BSP_ledGreenOff                          0x080008d9   Thumb Code    14  bsp.o(.text.BSP_ledGreenOff)
    BSP_ledGreenOn                           0x080008e9   Thumb Code    14  bsp.o(.text.BSP_ledGreenOn)
    BSP_ledYellowOff                         0x080008f9   Thumb Code    14  bsp.o(.text.BSP_ledYellowOff)
    BSP_ledYellowOn                          0x08000909   Thumb Code    14  bsp.o(.text.BSP_ledYellowOn)
    BSP_start                                0x08000919   Thumb Code    78  bsp.o(.text.BSP_start)
    BusFault_Handler                         0x080009f1   Thumb Code     2  startup_stm32f1.o(.text.BusFault_Handler)
    HardFault_Handler                        0x080009f5   Thumb Code     2  startup_stm32f1.o(.text.HardFault_Handler)
    MemManage_Handler                        0x080009f9   Thumb Code     2  startup_stm32f1.o(.text.MemManage_Handler)
    NMI_Handler                              0x080009fd   Thumb Code     2  startup_stm32f1.o(.text.NMI_Handler)
    OSDebugInit                              0x08000a01   Thumb Code     2  os_dbg.o(.text.OSDebugInit)
    OSEventNameSet                           0x08000a05   Thumb Code    74  os_core.o(.text.OSEventNameSet)
    OSInit                                   0x08000a51   Thumb Code   484  os_core.o(.text.OSInit)
    OSInitHookBegin                          0x08000c55   Thumb Code    64  os_cpu_c.o(.text.OSInitHookBegin)
    OSInitHookEnd                            0x08000c95   Thumb Code     2  os_cpu_c.o(.text.OSInitHookEnd)
    OSIntEnter                               0x08000c99   Thumb Code    36  os_core.o(.text.OSIntEnter)
    OSIntExit                                0x08000cbd   Thumb Code   178  os_core.o(.text.OSIntExit)
    OSQCreate                                0x08000d71   Thumb Code   150  os_q.o(.text.OSQCreate)
    OSQPend                                  0x08000e09   Thumb Code   236  os_q.o(.text.OSQPend)
    OSQPost                                  0x08000ef5   Thumb Code   116  os_q.o(.text.OSQPost)
    OSSchedLock                              0x08000f69   Thumb Code    68  os_core.o(.text.OSSchedLock)
    OSSchedUnlock                            0x08000fad   Thumb Code   208  os_core.o(.text.OSSchedUnlock)
    OSSemCreate                              0x0800107d   Thumb Code    86  os_sem.o(.text.OSSemCreate)
    OSSemPend                                0x080010d5   Thumb Code   204  os_sem.o(.text.OSSemPend)
    OSSemPost                                0x080011a1   Thumb Code    92  os_sem.o(.text.OSSemPost)
    OSStart                                  0x080011fd   Thumb Code   110  os_core.o(.text.OSStart)
    OSTCBInitHook                            0x0800126d   Thumb Code     4  os_cpu_c.o(.text.OSTCBInitHook)
    OSTaskCreateExt                          0x08001271   Thumb Code   200  os_task.o(.text.OSTaskCreateExt)
    OSTaskCreateHook                         0x08001339   Thumb Code     4  os_cpu_c.o(.text.OSTaskCreateHook)
    OSTaskDel                                0x0800133d   Thumb Code   348  os_task.o(.text.OSTaskDel)
    OSTaskDelHook                            0x0800149d   Thumb Code     4  os_cpu_c.o(.text.OSTaskDelHook)
    OSTaskIdleHook                           0x080014a1   Thumb Code     4  os_cpu_c.o(.text.OSTaskIdleHook)
    OSTaskNameSet                            0x080014a5   Thumb Code   100  os_task.o(.text.OSTaskNameSet)
    OSTaskReturnHook                         0x08001509   Thumb Code     4  os_cpu_c.o(.text.OSTaskReturnHook)
    OSTaskStatHook                           0x0800150d   Thumb Code     4  os_cpu_c.o(.text.OSTaskStatHook)
    OSTaskStkChk                             0x08001511   Thumb Code   134  os_task.o(.text.OSTaskStkChk)
    OSTaskStkInit                            0x08001599   Thumb Code   114  os_cpu_c.o(.text.OSTaskStkInit)
    OSTaskSuspend                            0x0800160d   Thumb Code   180  os_task.o(.text.OSTaskSuspend)
    OSTaskSwHook                             0x080016c1   Thumb Code     4  os_cpu_c.o(.text.OSTaskSwHook)
    OSTimeDly                                0x080016c5   Thumb Code   118  os_time.o(.text.OSTimeDly)
    OSTimeTick                               0x0800173d   Thumb Code   206  os_core.o(.text.OSTimeTick)
    OSTimeTickHook                           0x0800180d   Thumb Code    40  os_cpu_c.o(.text.OSTimeTickHook)
    OSTmrSignal                              0x08001835   Thumb Code    14  os_tmr.o(.text.OSTmrSignal)
    OSTmr_Init                               0x08001845   Thumb Code   264  os_tmr.o(.text.OSTmr_Init)
    OS_Dummy                                 0x08001ab9   Thumb Code     2  os_core.o(.text.OS_Dummy)
    OS_EventTaskRdy                          0x08001abd   Thumb Code   158  os_core.o(.text.OS_EventTaskRdy)
    OS_EventTaskRemove                       0x08001b5d   Thumb Code    46  os_core.o(.text.OS_EventTaskRemove)
    OS_EventTaskWait                         0x08001b8d   Thumb Code   104  os_core.o(.text.OS_EventTaskWait)
    OS_EventWaitListInit                     0x08001bf5   Thumb Code    14  os_core.o(.text.OS_EventWaitListInit)
    OS_FlagInit                              0x08001c05   Thumb Code    74  os_flag.o(.text.OS_FlagInit)
    OS_FlagUnlink                            0x08001c51   Thumb Code    34  os_flag.o(.text.OS_FlagUnlink)
    OS_MemClr                                0x08001c75   Thumb Code    14  os_core.o(.text.OS_MemClr)
    OS_MemInit                               0x08001c85   Thumb Code    66  os_mem.o(.text.OS_MemInit)
    OS_QInit                                 0x08001cc9   Thumb Code    58  os_q.o(.text.OS_QInit)
    OS_Sched                                 0x08001d05   Thumb Code   152  os_core.o(.text.OS_Sched)
    OS_TCBInit                               0x08001d9d   Thumb Code   276  os_core.o(.text.OS_TCBInit)
    OS_TaskIdle                              0x08001eb1   Thumb Code    30  os_core.o(.text.OS_TaskIdle)
    OS_TaskReturn                            0x08001ed1   Thumb Code    26  os_task.o(.text.OS_TaskReturn)
    OS_TaskStat                              0x08001eed   Thumb Code   276  os_core.o(.text.OS_TaskStat)
    Q_onAssert                               0x08002001   Thumb Code    14  bsp.o(.text.Q_onAssert)
    SysTick_Handler                          0x08002011   Thumb Code    32  os_cpu_c.o(.text.SysTick_Handler)
    SystemCoreClockUpdate                    0x08002031   Thumb Code    94  system_stm32f10x.o(.text.SystemCoreClockUpdate)
    SystemInit                               0x08002091   Thumb Code   272  system_stm32f10x.o(.text.SystemInit)
    TimeEvent_arm                            0x080021a1   Thumb Code    26  uc_ao.o(.text.TimeEvent_arm)
    TimeEvent_ctor                           0x080021bd   Thumb Code    78  uc_ao.o(.text.TimeEvent_ctor)
    TimeEvent_tick                           0x0800220d   Thumb Code    98  uc_ao.o(.text.TimeEvent_tick)
    ADC1_2_IRQHandler                        0x08002271   Thumb Code     2  startup_stm32f1.o(.text.Unused_Handler)
    ADC3_IRQHandler                          0x08002271   Thumb Code     2  startup_stm32f1.o(.text.Unused_Handler)
    CAN_RX1_IRQHandler                       0x08002271   Thumb Code     2  startup_stm32f1.o(.text.Unused_Handler)
    CAN_SCE_IRQHandler                       0x08002271   Thumb Code     2  startup_stm32f1.o(.text.Unused_Handler)
    DMA1_Channel1_IRQHandler                 0x08002271   Thumb Code     2  startup_stm32f1.o(.text.Unused_Handler)
    DMA1_Channel2_IRQHandler                 0x08002271   Thumb Code     2  startup_stm32f1.o(.text.Unused_Handler)
    DMA1_Channel3_IRQHandler                 0x08002271   Thumb Code     2  startup_stm32f1.o(.text.Unused_Handler)
    DMA1_Channel4_IRQHandler                 0x08002271   Thumb Code     2  startup_stm32f1.o(.text.Unused_Handler)
    DMA1_Channel5_IRQHandler                 0x08002271   Thumb Code     2  startup_stm32f1.o(.text.Unused_Handler)
    DMA1_Channel6_IRQHandler                 0x08002271   Thumb Code     2  startup_stm32f1.o(.text.Unused_Handler)
    DMA1_Channel7_IRQHandler                 0x08002271   Thumb Code     2  startup_stm32f1.o(.text.Unused_Handler)
    DMA2_Channel1_IRQHandler                 0x08002271   Thumb Code     2  startup_stm32f1.o(.text.Unused_Handler)
    DMA2_Channel2_IRQHandler                 0x08002271   Thumb Code     2  startup_stm32f1.o(.text.Unused_Handler)
    DMA2_Channel3_IRQHandler                 0x08002271   Thumb Code     2  startup_stm32f1.o(.text.Unused_Handler)
    DMA2_Channel4_5_IRQHandler               0x08002271   Thumb Code     2  startup_stm32f1.o(.text.Unused_Handler)
    DebugMon_Handler                         0x08002271   Thumb Code     2  startup_stm32f1.o(.text.Unused_Handler)
    EXTI0_IRQHandler                         0x08002271   Thumb Code     2  startup_stm32f1.o(.text.Unused_Handler)
    EXTI15_10_IRQHandler                     0x08002271   Thumb Code     2  startup_stm32f1.o(.text.Unused_Handler)
    EXTI1_IRQHandler                         0x08002271   Thumb Code     2  startup_stm32f1.o(.text.Unused_Handler)
    EXTI2_IRQHandler                         0x08002271   Thumb Code     2  startup_stm32f1.o(.text.Unused_Handler)
    EXTI3_IRQHandler                         0x08002271   Thumb Code     2  startup_stm32f1.o(.text.Unused_Handler)
    EXTI4_IRQHandler                         0x08002271   Thumb Code     2  startup_stm32f1.o(.text.Unused_Handler)
    EXTI9_5_IRQHandler                       0x08002271   Thumb Code     2  startup_stm32f1.o(.text.Unused_Handler)
    FLASH_IRQHandler                         0x08002271   Thumb Code     2  startup_stm32f1.o(.text.Unused_Handler)
    FSMC_IRQHandler                          0x08002271   Thumb Code     2  startup_stm32f1.o(.text.Unused_Handler)
    I2C1_ER_IRQHandler                       0x08002271   Thumb Code     2  startup_stm32f1.o(.text.Unused_Handler)
    I2C1_EV_IRQHandler                       0x08002271   Thumb Code     2  startup_stm32f1.o(.text.Unused_Handler)
    I2C2_ER_IRQHandler                       0x08002271   Thumb Code     2  startup_stm32f1.o(.text.Unused_Handler)
    I2C2_EV_IRQHandler                       0x08002271   Thumb Code     2  startup_stm32f1.o(.text.Unused_Handler)
    PVD_IRQHandler                           0x08002271   Thumb Code     2  startup_stm32f1.o(.text.Unused_Handler)
    RCC_IRQHandler                           0x08002271   Thumb Code     2  startup_stm32f1.o(.text.Unused_Handler)
    RTCAlarm_IRQHandler                      0x08002271   Thumb Code     2  startup_stm32f1.o(.text.Unused_Handler)
    RTC_IRQHandler                           0x08002271   Thumb Code     2  startup_stm32f1.o(.text.Unused_Handler)
    SDIO_IRQHandler                          0x08002271   Thumb Code     2  startup_stm32f1.o(.text.Unused_Handler)
    SPI1_IRQHandler                          0x08002271   Thumb Code     2  startup_stm32f1.o(.text.Unused_Handler)
    SPI2_IRQHandler                          0x08002271   Thumb Code     2  startup_stm32f1.o(.text.Unused_Handler)
    SPI3_IRQHandler                          0x08002271   Thumb Code     2  startup_stm32f1.o(.text.Unused_Handler)
    SVC_Handler                              0x08002271   Thumb Code     2  startup_stm32f1.o(.text.Unused_Handler)
    TAMPER_IRQHandler                        0x08002271   Thumb Code     2  startup_stm32f1.o(.text.Unused_Handler)
    TIM1_BRK_IRQHandler                      0x08002271   Thumb Code     2  startup_stm32f1.o(.text.Unused_Handler)
    TIM1_CC_IRQHandler                       0x08002271   Thumb Code     2  startup_stm32f1.o(.text.Unused_Handler)
    TIM1_TRG_COM_IRQHandler                  0x08002271   Thumb Code     2  startup_stm32f1.o(.text.Unused_Handler)
    TIM1_UP_IRQHandler                       0x08002271   Thumb Code     2  startup_stm32f1.o(.text.Unused_Handler)
    TIM2_IRQHandler                          0x08002271   Thumb Code     2  startup_stm32f1.o(.text.Unused_Handler)
    TIM3_IRQHandler                          0x08002271   Thumb Code     2  startup_stm32f1.o(.text.Unused_Handler)
    TIM4_IRQHandler                          0x08002271   Thumb Code     2  startup_stm32f1.o(.text.Unused_Handler)
    TIM5_IRQHandler                          0x08002271   Thumb Code     2  startup_stm32f1.o(.text.Unused_Handler)
    TIM6_IRQHandler                          0x08002271   Thumb Code     2  startup_stm32f1.o(.text.Unused_Handler)
    TIM7_IRQHandler                          0x08002271   Thumb Code     2  startup_stm32f1.o(.text.Unused_Handler)
    TIM8_BRK_IRQHandler                      0x08002271   Thumb Code     2  startup_stm32f1.o(.text.Unused_Handler)
    TIM8_CC_IRQHandler                       0x08002271   Thumb Code     2  startup_stm32f1.o(.text.Unused_Handler)
    TIM8_TRG_COM_IRQHandler                  0x08002271   Thumb Code     2  startup_stm32f1.o(.text.Unused_Handler)
    TIM8_UP_IRQHandler                       0x08002271   Thumb Code     2  startup_stm32f1.o(.text.Unused_Handler)
    UART4_IRQHandler                         0x08002271   Thumb Code     2  startup_stm32f1.o(.text.Unused_Handler)
    UART5_IRQHandler                         0x08002271   Thumb Code     2  startup_stm32f1.o(.text.Unused_Handler)
    USART1_IRQHandler                        0x08002271   Thumb Code     2  startup_stm32f1.o(.text.Unused_Handler)
    USART2_IRQHandler                        0x08002271   Thumb Code     2  startup_stm32f1.o(.text.Unused_Handler)
    USART3_IRQHandler                        0x08002271   Thumb Code     2  startup_stm32f1.o(.text.Unused_Handler)
    USBWakeup_IRQHandler                     0x08002271   Thumb Code     2  startup_stm32f1.o(.text.Unused_Handler)
    USB_HP_CAN_TX_IRQHandler                 0x08002271   Thumb Code     2  startup_stm32f1.o(.text.Unused_Handler)
    USB_LP_CAN_RX0_IRQHandler                0x08002271   Thumb Code     2  startup_stm32f1.o(.text.Unused_Handler)
    Unused_Handler                           0x08002271   Thumb Code     2  startup_stm32f1.o(.text.Unused_Handler)
    WWDG_IRQHandler                          0x08002271   Thumb Code     2  startup_stm32f1.o(.text.Unused_Handler)
    UsageFault_Handler                       0x08002275   Thumb Code     2  startup_stm32f1.o(.text.UsageFault_Handler)
    main                                     0x08002279   Thumb Code   110  main.o(.text.main)
    AHBPrescTable                            0x080022e6   Data          16  system_stm32f10x.o(.rodata.AHBPrescTable)
    OSUnMapTbl                               0x080022fc   Data         256  os_core.o(.rodata.OSUnMapTbl)
    Region$$Table$$Base                      0x0800240c   Number         0  anon$$obj.o(Region$$Table)
    Region$$Table$$Limit                     0x0800242c   Number         0  anon$$obj.o(Region$$Table)
    AO_BlinkyButton                          0x20000000   Data           4  main.o(.data.AO_BlinkyButton)
    SystemCoreClock                          0x20000004   Data           4  system_stm32f10x.o(.data.SystemCoreClock)
    __libspace_start                         0x20000008   Data          96  libspace.o(.bss)
    __temporary_stack_top$libspace           0x20000068   Data           0  libspace.o(.bss)
    OSCPUUsage                               0x20000070   Data           1  os_core.o(.bss.OSCPUUsage)
    OSCtxSwCtr                               0x20000074   Data           4  os_core.o(.bss.OSCtxSwCtr)
    OSEventFreeList                          0x20000078   Data           4  os_core.o(.bss.OSEventFreeList)
    OSEventTbl                               0x2000007c   Data         240  os_core.o(.bss.OSEventTbl)
    OSFlagFreeList                           0x2000016c   Data           4  os_core.o(.bss.OSFlagFreeList)
    OSFlagTbl                                0x20000170   Data          80  os_core.o(.bss.OSFlagTbl)
    OSIdleCtr                                0x200001c0   Data           4  os_core.o(.bss.OSIdleCtr)
    OSIdleCtrMax                             0x200001c4   Data           4  os_core.o(.bss.OSIdleCtrMax)
    OSIdleCtrRun                             0x200001c8   Data           4  os_core.o(.bss.OSIdleCtrRun)
    OSIntNesting                             0x200001cc   Data           1  os_core.o(.bss.OSIntNesting)
    OSLockNesting                            0x200001cd   Data           1  os_core.o(.bss.OSLockNesting)
    OSMemFreeList                            0x200001d0   Data           4  os_core.o(.bss.OSMemFreeList)
    OSMemTbl                                 0x200001d4   Data         120  os_core.o(.bss.OSMemTbl)
    OSPrioCur                                0x2000024c   Data           1  os_core.o(.bss.OSPrioCur)
    OSPrioHighRdy                            0x2000024d   Data           1  os_core.o(.bss.OSPrioHighRdy)
    OSQFreeList                              0x20000250   Data           4  os_core.o(.bss.OSQFreeList)
    OSQTbl                                   0x20000254   Data         480  os_core.o(.bss.OSQTbl)
    OSRdyGrp                                 0x20000434   Data           1  os_core.o(.bss.OSRdyGrp)
    OSRdyTbl                                 0x20000438   Data           8  os_core.o(.bss.OSRdyTbl)
    OSRunning                                0x20000440   Data           1  os_core.o(.bss.OSRunning)
    OSStatRdy                                0x20000441   Data           1  os_core.o(.bss.OSStatRdy)
    OSTCBCur                                 0x20000444   Data           4  os_core.o(.bss.OSTCBCur)
    OSTCBFreeList                            0x20000448   Data           4  os_core.o(.bss.OSTCBFreeList)
    OSTCBHighRdy                             0x2000044c   Data           4  os_core.o(.bss.OSTCBHighRdy)
    OSTCBList                                0x20000450   Data           4  os_core.o(.bss.OSTCBList)
    OSTCBPrioTbl                             0x20000454   Data         256  os_core.o(.bss.OSTCBPrioTbl)
    OSTCBTbl                                 0x20000554   Data        1848  os_core.o(.bss.OSTCBTbl)
    OSTaskCtr                                0x20000c8c   Data           1  os_core.o(.bss.OSTaskCtr)
    OSTaskIdleStk                            0x20000c90   Data         512  os_core.o(.bss.OSTaskIdleStk)
    OSTaskRegNextAvailID                     0x20000e90   Data           1  os_core.o(.bss.OSTaskRegNextAvailID)
    OSTaskStatStk                            0x20000e94   Data         512  os_core.o(.bss.OSTaskStatStk)
    OSTickStepState                          0x20001094   Data           1  os_core.o(.bss.OSTickStepState)
    OSTime                                   0x20001098   Data           4  os_core.o(.bss.OSTime)
    OSTmrFree                                0x2000109e   Data           2  os_core.o(.bss.OSTmrFree)
    OSTmrFreeList                            0x200010a0   Data           4  os_core.o(.bss.OSTmrFreeList)
    OSTmrSem                                 0x200010a4   Data           4  os_core.o(.bss.OSTmrSem)
    OSTmrSemSignal                           0x200010a8   Data           4  os_core.o(.bss.OSTmrSemSignal)
    OSTmrTaskStk                             0x200010ac   Data         512  os_core.o(.bss.OSTmrTaskStk)
    OSTmrTbl                                 0x200012ac   Data         640  os_core.o(.bss.OSTmrTbl)
    OSTmrTime                                0x2000152c   Data           4  os_core.o(.bss.OSTmrTime)
    OSTmrUsed                                0x20001530   Data           2  os_core.o(.bss.OSTmrUsed)
    OSTmrWheelTbl                            0x20001534   Data          56  os_core.o(.bss.OSTmrWheelTbl)
    OS_CPU_ExceptStk                         0x2000156c   Data        1024  os_cpu_c.o(.bss.OS_CPU_ExceptStk)
    OS_CPU_ExceptStkBase                     0x2000196c   Data           4  os_cpu_c.o(.bss.OS_CPU_ExceptStkBase)
    OS_KA_BASEPRI_Boundary                   0x20001970   Data           4  os_cpu_c.o(.bss.OS_KA_BASEPRI_Boundary)
    blinkyButton_stack                       0x200019c0   Data         400  main.o(.bss.blinkyButton_stack)
    __INITIAL_SP                             0x20001f80   Data           0  startup_stm32f10x_md.o(STACK)



==============================================================================

Memory Map of the image

  Image Entry point : 0x08000401

  Load Region LR_IROM1 (Base: 0x08000000, Size: 0x00002438, Max: 0x00010000, ABSOLUTE)

    Execution Region ER_IROM1 (Exec base: 0x08000000, Load base: 0x08000000, Size: 0x0000242c, Max: 0x00010000, ABSOLUTE)

    Exec Addr    Load Addr    Size         Type   Attr      Idx    E Section Name        Object

    0x08000000   0x08000000   0x00000400   Data   RO          108    RESET               startup_stm32f1.o
    0x08000400   0x08000400   0x00000008   Code   RO          597  * !!!main             c_w.l(__main.o)
    0x08000408   0x08000408   0x0000005c   Code   RO          762    !!!scatter          c_w.l(__scatter.o)
    0x08000464   0x08000464   0x0000001a   Code   RO          766    !!handler_copy      c_w.l(__scatter_copy.o)
    0x0800047e   0x0800047e   0x00000002   PAD
    0x08000480   0x08000480   0x00000002   Code   RO          763    !!handler_null      c_w.l(__scatter.o)
    0x08000482   0x08000482   0x00000002   PAD
    0x08000484   0x08000484   0x0000001c   Code   RO          768    !!handler_zi        c_w.l(__scatter_zi.o)
    0x080004a0   0x080004a0   0x00000002   Code   RO          624    .ARM.Collect$$libinit$$00000000  c_w.l(libinit.o)
    0x080004a2   0x080004a2   0x00000000   Code   RO          631    .ARM.Collect$$libinit$$00000002  c_w.l(libinit2.o)
    0x080004a2   0x080004a2   0x00000000   Code   RO          633    .ARM.Collect$$libinit$$00000004  c_w.l(libinit2.o)
    0x080004a2   0x080004a2   0x00000000   Code   RO          635    .ARM.Collect$$libinit$$00000006  c_w.l(libinit2.o)
    0x080004a2   0x080004a2   0x00000000   Code   RO          638    .ARM.Collect$$libinit$$0000000C  c_w.l(libinit2.o)
    0x080004a2   0x080004a2   0x00000000   Code   RO          640    .ARM.Collect$$libinit$$0000000E  c_w.l(libinit2.o)
    0x080004a2   0x080004a2   0x00000000   Code   RO          642    .ARM.Collect$$libinit$$00000010  c_w.l(libinit2.o)
    0x080004a2   0x080004a2   0x00000000   Code   RO          645    .ARM.Collect$$libinit$$00000013  c_w.l(libinit2.o)
    0x080004a2   0x080004a2   0x00000000   Code   RO          647    .ARM.Collect$$libinit$$00000015  c_w.l(libinit2.o)
    0x080004a2   0x080004a2   0x00000000   Code   RO          649    .ARM.Collect$$libinit$$00000017  c_w.l(libinit2.o)
    0x080004a2   0x080004a2   0x00000000   Code   RO          651    .ARM.Collect$$libinit$$00000019  c_w.l(libinit2.o)
    0x080004a2   0x080004a2   0x00000000   Code   RO          653    .ARM.Collect$$libinit$$0000001B  c_w.l(libinit2.o)
    0x080004a2   0x080004a2   0x00000000   Code   RO          655    .ARM.Collect$$libinit$$0000001D  c_w.l(libinit2.o)
    0x080004a2   0x080004a2   0x00000000   Code   RO          657    .ARM.Collect$$libinit$$0000001F  c_w.l(libinit2.o)
    0x080004a2   0x080004a2   0x00000000   Code   RO          659    .ARM.Collect$$libinit$$00000021  c_w.l(libinit2.o)
    0x080004a2   0x080004a2   0x00000000   Code   RO          661    .ARM.Collect$$libinit$$00000023  c_w.l(libinit2.o)
    0x080004a2   0x080004a2   0x00000000   Code   RO          663    .ARM.Collect$$libinit$$00000025  c_w.l(libinit2.o)
    0x080004a2   0x080004a2   0x00000000   Code   RO          665    .ARM.Collect$$libinit$$00000027  c_w.l(libinit2.o)
    0x080004a2   0x080004a2   0x00000000   Code   RO          669    .ARM.Collect$$libinit$$0000002E  c_w.l(libinit2.o)
    0x080004a2   0x080004a2   0x00000000   Code   RO          671    .ARM.Collect$$libinit$$00000030  c_w.l(libinit2.o)
    0x080004a2   0x080004a2   0x00000000   Code   RO          673    .ARM.Collect$$libinit$$00000032  c_w.l(libinit2.o)
    0x080004a2   0x080004a2   0x00000000   Code   RO          675    .ARM.Collect$$libinit$$00000034  c_w.l(libinit2.o)
    0x080004a2   0x080004a2   0x00000002   Code   RO          676    .ARM.Collect$$libinit$$00000035  c_w.l(libinit2.o)
    0x080004a4   0x080004a4   0x00000002   Code   RO          698    .ARM.Collect$$libshutdown$$00000000  c_w.l(libshutdown.o)
    0x080004a6   0x080004a6   0x00000000   Code   RO          713    .ARM.Collect$$libshutdown$$00000002  c_w.l(libshutdown2.o)
    0x080004a6   0x080004a6   0x00000000   Code   RO          715    .ARM.Collect$$libshutdown$$00000004  c_w.l(libshutdown2.o)
    0x080004a6   0x080004a6   0x00000000   Code   RO          718    .ARM.Collect$$libshutdown$$00000007  c_w.l(libshutdown2.o)
    0x080004a6   0x080004a6   0x00000000   Code   RO          721    .ARM.Collect$$libshutdown$$0000000A  c_w.l(libshutdown2.o)
    0x080004a6   0x080004a6   0x00000000   Code   RO          723    .ARM.Collect$$libshutdown$$0000000C  c_w.l(libshutdown2.o)
    0x080004a6   0x080004a6   0x00000000   Code   RO          726    .ARM.Collect$$libshutdown$$0000000F  c_w.l(libshutdown2.o)
    0x080004a6   0x080004a6   0x00000002   Code   RO          727    .ARM.Collect$$libshutdown$$00000010  c_w.l(libshutdown2.o)
    0x080004a8   0x080004a8   0x00000000   Code   RO          599    .ARM.Collect$$rtentry$$00000000  c_w.l(__rtentry.o)
    0x080004a8   0x080004a8   0x00000000   Code   RO          601    .ARM.Collect$$rtentry$$00000002  c_w.l(__rtentry2.o)
    0x080004a8   0x080004a8   0x00000006   Code   RO          613    .ARM.Collect$$rtentry$$00000004  c_w.l(__rtentry4.o)
    0x080004ae   0x080004ae   0x00000000   Code   RO          603    .ARM.Collect$$rtentry$$00000009  c_w.l(__rtentry2.o)
    0x080004ae   0x080004ae   0x00000004   Code   RO          604    .ARM.Collect$$rtentry$$0000000A  c_w.l(__rtentry2.o)
    0x080004b2   0x080004b2   0x00000000   Code   RO          606    .ARM.Collect$$rtentry$$0000000C  c_w.l(__rtentry2.o)
    0x080004b2   0x080004b2   0x00000008   Code   RO          607    .ARM.Collect$$rtentry$$0000000D  c_w.l(__rtentry2.o)
    0x080004ba   0x080004ba   0x00000002   Code   RO          628    .ARM.Collect$$rtexit$$00000000  c_w.l(rtexit.o)
    0x080004bc   0x080004bc   0x00000000   Code   RO          678    .ARM.Collect$$rtexit$$00000002  c_w.l(rtexit2.o)
    0x080004bc   0x080004bc   0x00000004   Code   RO          679    .ARM.Collect$$rtexit$$00000003  c_w.l(rtexit2.o)
    0x080004c0   0x080004c0   0x00000006   Code   RO          680    .ARM.Collect$$rtexit$$00000004  c_w.l(rtexit2.o)
    0x080004c6   0x080004c6   0x00000002   PAD
    0x080004c8   0x080004c8   0x00000114   Code   RO          524    .text               os_cpu_a.o
    0x080005dc   0x080005dc   0x00000028   Code   RO          571    .text               startup_stm32f10x_md.o
    0x08000604   0x08000604   0x00000044   Code   RO          591    .text               c_w.l(rt_memclr.o)
    0x08000648   0x08000648   0x0000004e   Code   RO          593    .text               c_w.l(rt_memclr_w.o)
    0x08000696   0x08000696   0x00000006   Code   RO          595    .text               c_w.l(heapauxi.o)
    0x0800069c   0x0800069c   0x0000004a   Code   RO          615    .text               c_w.l(sys_stackheap_outer.o)
    0x080006e6   0x080006e6   0x00000012   Code   RO          617    .text               c_w.l(exit.o)
    0x080006f8   0x080006f8   0x00000008   Code   RO          625    .text               c_w.l(libspace.o)
    0x08000700   0x08000700   0x0000000c   Code   RO          688    .text               c_w.l(sys_exit.o)
    0x0800070c   0x0800070c   0x00000002   Code   RO          703    .text               c_w.l(use_no_semi.o)
    0x0800070e   0x0800070e   0x00000000   Code   RO          705    .text               c_w.l(indicate_semi.o)
    0x0800070e   0x0800070e   0x00000002   PAD
    0x08000710   0x08000710   0x00000004   Code   RO           68    .text.Active_ctor   uc_ao.o
    0x08000714   0x08000714   0x00000046   Code   RO           72    .text.Active_eventLoop  uc_ao.o
    0x0800075a   0x0800075a   0x00000002   PAD
    0x0800075c   0x0800075c   0x00000006   Code   RO           74    .text.Active_post   uc_ao.o
    0x08000762   0x08000762   0x00000002   PAD
    0x08000764   0x08000764   0x00000092   Code   RO           70    .text.Active_start  uc_ao.o
    0x080007f6   0x080007f6   0x00000002   PAD
    0x080007f8   0x080007f8   0x00000002   Code   RO           36    .text.App_TCBInitHook  bsp.o
    0x080007fa   0x080007fa   0x00000002   PAD
    0x080007fc   0x080007fc   0x00000002   Code   RO           26    .text.App_TaskCreateHook  bsp.o
    0x080007fe   0x080007fe   0x00000002   PAD
    0x08000800   0x08000800   0x00000002   Code   RO           28    .text.App_TaskDelHook  bsp.o
    0x08000802   0x08000802   0x00000002   PAD
    0x08000804   0x08000804   0x00000002   Code   RO           24    .text.App_TaskIdleHook  bsp.o
    0x08000806   0x08000806   0x00000002   PAD
    0x08000808   0x08000808   0x00000002   Code   RO           30    .text.App_TaskReturnHook  bsp.o
    0x0800080a   0x0800080a   0x00000002   PAD
    0x0800080c   0x0800080c   0x00000002   Code   RO           32    .text.App_TaskStatHook  bsp.o
    0x0800080e   0x0800080e   0x00000002   PAD
    0x08000810   0x08000810   0x00000002   Code   RO           34    .text.App_TaskSwHook  bsp.o
    0x08000812   0x08000812   0x00000002   PAD
    0x08000814   0x08000814   0x00000072   Code   RO           22    .text.App_TimeTickHook  bsp.o
    0x08000886   0x08000886   0x00000002   PAD
    0x08000888   0x08000888   0x0000004e   Code   RO           38    .text.BSP_init      bsp.o
    0x080008d6   0x080008d6   0x00000002   PAD
    0x080008d8   0x080008d8   0x0000000e   Code   RO           44    .text.BSP_ledGreenOff  bsp.o
    0x080008e6   0x080008e6   0x00000002   PAD
    0x080008e8   0x080008e8   0x0000000e   Code   RO           42    .text.BSP_ledGreenOn  bsp.o
    0x080008f6   0x080008f6   0x00000002   PAD
    0x080008f8   0x080008f8   0x0000000e   Code   RO           48    .text.BSP_ledYellowOff  bsp.o
    0x08000906   0x08000906   0x00000002   PAD
    0x08000908   0x08000908   0x0000000e   Code   RO           46    .text.BSP_ledYellowOn  bsp.o
    0x08000916   0x08000916   0x00000002   PAD
    0x08000918   0x08000918   0x0000004e   Code   RO           40    .text.BSP_start     bsp.o
    0x08000966   0x08000966   0x00000002   PAD
    0x08000968   0x08000968   0x00000086   Code   RO            4    .text.BlinkyButton_dispatch  main.o
    0x080009ee   0x080009ee   0x00000002   PAD
    0x080009f0   0x080009f0   0x00000002   Code   RO          102    .text.BusFault_Handler  startup_stm32f1.o
    0x080009f2   0x080009f2   0x00000002   PAD
    0x080009f4   0x080009f4   0x00000002   Code   RO           98    .text.HardFault_Handler  startup_stm32f1.o
    0x080009f6   0x080009f6   0x00000002   PAD
    0x080009f8   0x080009f8   0x00000002   Code   RO          100    .text.MemManage_Handler  startup_stm32f1.o
    0x080009fa   0x080009fa   0x00000002   PAD
    0x080009fc   0x080009fc   0x00000002   Code   RO           96    .text.NMI_Handler   startup_stm32f1.o
    0x080009fe   0x080009fe   0x00000002   PAD
    0x08000a00   0x08000a00   0x00000002   Code   RO          461    .text.OSDebugInit   os_dbg.o
    0x08000a02   0x08000a02   0x00000002   PAD
    0x08000a04   0x08000a04   0x0000004a   Code   RO          120    .text.OSEventNameSet  os_core.o
    0x08000a4e   0x08000a4e   0x00000002   PAD
    0x08000a50   0x08000a50   0x00000204   Code   RO          122    .text.OSInit        os_core.o
    0x08000c54   0x08000c54   0x00000040   Code   RO          530    .text.OSInitHookBegin  os_cpu_c.o
    0x08000c94   0x08000c94   0x00000002   Code   RO          532    .text.OSInitHookEnd  os_cpu_c.o
    0x08000c96   0x08000c96   0x00000002   PAD
    0x08000c98   0x08000c98   0x00000024   Code   RO          124    .text.OSIntEnter    os_core.o
    0x08000cbc   0x08000cbc   0x000000b2   Code   RO          126    .text.OSIntExit     os_core.o
    0x08000d6e   0x08000d6e   0x00000002   PAD
    0x08000d70   0x08000d70   0x00000096   Code   RO          322    .text.OSQCreate     os_q.o
    0x08000e06   0x08000e06   0x00000002   PAD
    0x08000e08   0x08000e08   0x000000ec   Code   RO          328    .text.OSQPend       os_q.o
    0x08000ef4   0x08000ef4   0x00000074   Code   RO          332    .text.OSQPost       os_q.o
    0x08000f68   0x08000f68   0x00000044   Code   RO          128    .text.OSSchedLock   os_core.o
    0x08000fac   0x08000fac   0x000000d0   Code   RO          130    .text.OSSchedUnlock  os_core.o
    0x0800107c   0x0800107c   0x00000056   Code   RO          353    .text.OSSemCreate   os_sem.o
    0x080010d2   0x080010d2   0x00000002   PAD
    0x080010d4   0x080010d4   0x000000cc   Code   RO          357    .text.OSSemPend     os_sem.o
    0x080011a0   0x080011a0   0x0000005c   Code   RO          361    .text.OSSemPost     os_sem.o
    0x080011fc   0x080011fc   0x0000006e   Code   RO          134    .text.OSStart       os_core.o
    0x0800126a   0x0800126a   0x00000002   PAD
    0x0800126c   0x0800126c   0x00000004   Code   RO          548    .text.OSTCBInitHook  os_cpu_c.o
    0x08001270   0x08001270   0x000000c8   Code   RO          378    .text.OSTaskCreateExt  os_task.o
    0x08001338   0x08001338   0x00000004   Code   RO          534    .text.OSTaskCreateHook  os_cpu_c.o
    0x0800133c   0x0800133c   0x00000160   Code   RO          382    .text.OSTaskDel     os_task.o
    0x0800149c   0x0800149c   0x00000004   Code   RO          536    .text.OSTaskDelHook  os_cpu_c.o
    0x080014a0   0x080014a0   0x00000004   Code   RO          538    .text.OSTaskIdleHook  os_cpu_c.o
    0x080014a4   0x080014a4   0x00000064   Code   RO          388    .text.OSTaskNameSet  os_task.o
    0x08001508   0x08001508   0x00000004   Code   RO          540    .text.OSTaskReturnHook  os_cpu_c.o
    0x0800150c   0x0800150c   0x00000004   Code   RO          542    .text.OSTaskStatHook  os_cpu_c.o
    0x08001510   0x08001510   0x00000086   Code   RO          392    .text.OSTaskStkChk  os_task.o
    0x08001596   0x08001596   0x00000002   PAD
    0x08001598   0x08001598   0x00000072   Code   RO          544    .text.OSTaskStkInit  os_cpu_c.o
    0x0800160a   0x0800160a   0x00000002   PAD
    0x0800160c   0x0800160c   0x000000b4   Code   RO          394    .text.OSTaskSuspend  os_task.o
    0x080016c0   0x080016c0   0x00000004   Code   RO          546    .text.OSTaskSwHook  os_cpu_c.o
    0x080016c4   0x080016c4   0x00000076   Code   RO          414    .text.OSTimeDly     os_time.o
    0x0800173a   0x0800173a   0x00000002   PAD
    0x0800173c   0x0800173c   0x000000ce   Code   RO          138    .text.OSTimeTick    os_core.o
    0x0800180a   0x0800180a   0x00000002   PAD
    0x0800180c   0x0800180c   0x00000028   Code   RO          550    .text.OSTimeTickHook  os_cpu_c.o
    0x08001834   0x08001834   0x0000000e   Code   RO          446    .text.OSTmrSignal   os_tmr.o
    0x08001842   0x08001842   0x00000002   PAD
    0x08001844   0x08001844   0x00000140   Code   RO          448    .text.OSTmr_Init    os_tmr.o
    0x08001984   0x08001984   0x00000132   Code   RO          450    .text.OSTmr_Task    os_tmr.o
    0x08001ab6   0x08001ab6   0x00000002   PAD
    0x08001ab8   0x08001ab8   0x00000002   Code   RO          142    .text.OS_Dummy      os_core.o
    0x08001aba   0x08001aba   0x00000002   PAD
    0x08001abc   0x08001abc   0x0000009e   Code   RO          144    .text.OS_EventTaskRdy  os_core.o
    0x08001b5a   0x08001b5a   0x00000002   PAD
    0x08001b5c   0x08001b5c   0x0000002e   Code   RO          146    .text.OS_EventTaskRemove  os_core.o
    0x08001b8a   0x08001b8a   0x00000002   PAD
    0x08001b8c   0x08001b8c   0x00000068   Code   RO          148    .text.OS_EventTaskWait  os_core.o
    0x08001bf4   0x08001bf4   0x0000000e   Code   RO          150    .text.OS_EventWaitListInit  os_core.o
    0x08001c02   0x08001c02   0x00000002   PAD
    0x08001c04   0x08001c04   0x0000004a   Code   RO          238    .text.OS_FlagInit   os_flag.o
    0x08001c4e   0x08001c4e   0x00000002   PAD
    0x08001c50   0x08001c50   0x00000022   Code   RO          230    .text.OS_FlagUnlink  os_flag.o
    0x08001c72   0x08001c72   0x00000002   PAD
    0x08001c74   0x08001c74   0x0000000e   Code   RO          152    .text.OS_MemClr     os_core.o
    0x08001c82   0x08001c82   0x00000002   PAD
    0x08001c84   0x08001c84   0x00000042   Code   RO          286    .text.OS_MemInit    os_mem.o
    0x08001cc6   0x08001cc6   0x00000002   PAD
    0x08001cc8   0x08001cc8   0x0000003a   Code   RO          340    .text.OS_QInit      os_q.o
    0x08001d02   0x08001d02   0x00000002   PAD
    0x08001d04   0x08001d04   0x00000098   Code   RO          132    .text.OS_Sched      os_core.o
    0x08001d9c   0x08001d9c   0x00000114   Code   RO          162    .text.OS_TCBInit    os_core.o
    0x08001eb0   0x08001eb0   0x0000001e   Code   RO          156    .text.OS_TaskIdle   os_core.o
    0x08001ece   0x08001ece   0x00000002   PAD
    0x08001ed0   0x08001ed0   0x0000001a   Code   RO          404    .text.OS_TaskReturn  os_task.o
    0x08001eea   0x08001eea   0x00000002   PAD
    0x08001eec   0x08001eec   0x00000114   Code   RO          158    .text.OS_TaskStat   os_core.o
    0x08002000   0x08002000   0x0000000e   Code   RO           54    .text.Q_onAssert    bsp.o
    0x0800200e   0x0800200e   0x00000002   PAD
    0x08002010   0x08002010   0x00000020   Code   RO          552    .text.SysTick_Handler  os_cpu_c.o
    0x08002030   0x08002030   0x0000005e   Code   RO          578    .text.SystemCoreClockUpdate  system_stm32f10x.o
    0x0800208e   0x0800208e   0x00000002   PAD
    0x08002090   0x08002090   0x00000110   Code   RO          576    .text.SystemInit    system_stm32f10x.o
    0x080021a0   0x080021a0   0x0000001a   Code   RO           78    .text.TimeEvent_arm  uc_ao.o
    0x080021ba   0x080021ba   0x00000002   PAD
    0x080021bc   0x080021bc   0x0000004e   Code   RO           76    .text.TimeEvent_ctor  uc_ao.o
    0x0800220a   0x0800220a   0x00000002   PAD
    0x0800220c   0x0800220c   0x00000062   Code   RO           82    .text.TimeEvent_tick  uc_ao.o
    0x0800226e   0x0800226e   0x00000002   PAD
    0x08002270   0x08002270   0x00000002   Code   RO          106    .text.Unused_Handler  startup_stm32f1.o
    0x08002272   0x08002272   0x00000002   PAD
    0x08002274   0x08002274   0x00000002   Code   RO          104    .text.UsageFault_Handler  startup_stm32f1.o
    0x08002276   0x08002276   0x00000002   PAD
    0x08002278   0x08002278   0x0000006e   Code   RO            6    .text.main          main.o
    0x080022e6   0x080022e6   0x00000010   Data   RO          581    .rodata.AHBPrescTable  system_stm32f10x.o
    0x080022f6   0x080022f6   0x00000002   Data   RO           87    .rodata.Active_eventLoop.initEvt  uc_ao.o
    0x080022f8   0x080022f8   0x00000002   Data   RO           58    .rodata.App_TimeTickHook.buttonPressedEvt  bsp.o
    0x080022fa   0x080022fa   0x00000002   Data   RO           59    .rodata.App_TimeTickHook.buttonReleasedEvt  bsp.o
    0x080022fc   0x080022fc   0x00000100   Data   RO          164    .rodata.OSUnMapTbl  os_core.o
    0x080023fc   0x080023fc   0x00000005   Data   RO           12    .rodata.Q_this_module_  main.o
    0x08002401   0x08002401   0x00000006   Data   RO           84    .rodata.Q_this_module_  uc_ao.o
    0x08002407   0x08002407   0x00000002   Data   RO          185    .rodata.str1.1      os_core.o
    0x08002409   0x08002409   0x00000003   PAD
    0x0800240c   0x0800240c   0x00000020   Data   RO          761    Region$$Table       anon$$obj.o


    Execution Region RW_IRAM1 (Exec base: 0x20000000, Load base: 0x08002430, Size: 0x00001f80, Max: 0x00005000, ABSOLUTE)

    Exec Addr    Load Addr    Size         Type   Attr      Idx    E Section Name        Object

    0x20000000   0x08002430   0x00000004   Data   RW            9    .data.AO_BlinkyButton  main.o
    0x20000004   0x08002434   0x00000004   Data   RW          580    .data.SystemCoreClock  system_stm32f10x.o
    0x20000008        -       0x00000060   Zero   RW          626    .bss                c_w.l(libspace.o)
    0x20000068        -       0x00000004   Zero   RW           56    .bss.App_TimeTickHook.buttons.0  bsp.o
    0x2000006c        -       0x00000004   Zero   RW           57    .bss.App_TimeTickHook.buttons.1  bsp.o
    0x20000070        -       0x00000001   Zero   RW          182    .bss.OSCPUUsage     os_core.o
    0x20000071   0x08002438   0x00000003   PAD
    0x20000074        -       0x00000004   Zero   RW          172    .bss.OSCtxSwCtr     os_core.o
    0x20000078        -       0x00000004   Zero   RW          187    .bss.OSEventFreeList  os_core.o
    0x2000007c        -       0x000000f0   Zero   RW          188    .bss.OSEventTbl     os_core.o
    0x2000016c        -       0x00000004   Zero   RW          190    .bss.OSFlagFreeList  os_core.o
    0x20000170        -       0x00000050   Zero   RW          189    .bss.OSFlagTbl      os_core.o
    0x200001c0        -       0x00000004   Zero   RW          174    .bss.OSIdleCtr      os_core.o
    0x200001c4        -       0x00000004   Zero   RW          175    .bss.OSIdleCtrMax   os_core.o
    0x200001c8        -       0x00000004   Zero   RW          183    .bss.OSIdleCtrRun   os_core.o
    0x200001cc        -       0x00000001   Zero   RW          165    .bss.OSIntNesting   os_core.o
    0x200001cd        -       0x00000001   Zero   RW          167    .bss.OSLockNesting  os_core.o
    0x200001ce   0x08002438   0x00000002   PAD
    0x200001d0        -       0x00000004   Zero   RW          194    .bss.OSMemFreeList  os_core.o
    0x200001d4        -       0x00000078   Zero   RW          195    .bss.OSMemTbl       os_core.o
    0x2000024c        -       0x00000001   Zero   RW          171    .bss.OSPrioCur      os_core.o
    0x2000024d        -       0x00000001   Zero   RW          169    .bss.OSPrioHighRdy  os_core.o
    0x2000024e   0x08002438   0x00000002   PAD
    0x20000250        -       0x00000004   Zero   RW          196    .bss.OSQFreeList    os_core.o
    0x20000254        -       0x000001e0   Zero   RW          197    .bss.OSQTbl         os_core.o
    0x20000434        -       0x00000001   Zero   RW          180    .bss.OSRdyGrp       os_core.o
    0x20000435   0x08002438   0x00000003   PAD
    0x20000438        -       0x00000008   Zero   RW          181    .bss.OSRdyTbl       os_core.o
    0x20000440        -       0x00000001   Zero   RW          166    .bss.OSRunning      os_core.o
    0x20000441        -       0x00000001   Zero   RW          176    .bss.OSStatRdy      os_core.o
    0x20000442   0x08002438   0x00000002   PAD
    0x20000444        -       0x00000004   Zero   RW          173    .bss.OSTCBCur       os_core.o
    0x20000448        -       0x00000004   Zero   RW          184    .bss.OSTCBFreeList  os_core.o
    0x2000044c        -       0x00000004   Zero   RW          170    .bss.OSTCBHighRdy   os_core.o
    0x20000450        -       0x00000004   Zero   RW          179    .bss.OSTCBList      os_core.o
    0x20000454        -       0x00000100   Zero   RW          168    .bss.OSTCBPrioTbl   os_core.o
    0x20000554        -       0x00000738   Zero   RW          193    .bss.OSTCBTbl       os_core.o
    0x20000c8c        -       0x00000001   Zero   RW          186    .bss.OSTaskCtr      os_core.o
    0x20000c8d   0x08002438   0x00000003   PAD
    0x20000c90        -       0x00000200   Zero   RW          192    .bss.OSTaskIdleStk  os_core.o
    0x20000e90        -       0x00000001   Zero   RW          198    .bss.OSTaskRegNextAvailID  os_core.o
    0x20000e91   0x08002438   0x00000003   PAD
    0x20000e94        -       0x00000200   Zero   RW          191    .bss.OSTaskStatStk  os_core.o
    0x20001094        -       0x00000001   Zero   RW          178    .bss.OSTickStepState  os_core.o
    0x20001095   0x08002438   0x00000003   PAD
    0x20001098        -       0x00000004   Zero   RW          177    .bss.OSTime         os_core.o
    0x2000109c        -       0x00000002   Zero   RW          560    .bss.OSTmrCtr       os_cpu_c.o
    0x2000109e        -       0x00000002   Zero   RW          199    .bss.OSTmrFree      os_core.o
    0x200010a0        -       0x00000004   Zero   RW          205    .bss.OSTmrFreeList  os_core.o
    0x200010a4        -       0x00000004   Zero   RW          202    .bss.OSTmrSem       os_core.o
    0x200010a8        -       0x00000004   Zero   RW          203    .bss.OSTmrSemSignal  os_core.o
    0x200010ac        -       0x00000200   Zero   RW          206    .bss.OSTmrTaskStk   os_core.o
    0x200012ac        -       0x00000280   Zero   RW          204    .bss.OSTmrTbl       os_core.o
    0x2000152c        -       0x00000004   Zero   RW          201    .bss.OSTmrTime      os_core.o
    0x20001530        -       0x00000002   Zero   RW          200    .bss.OSTmrUsed      os_core.o
    0x20001532   0x08002438   0x00000002   PAD
    0x20001534        -       0x00000038   Zero   RW          207    .bss.OSTmrWheelTbl  os_core.o
    0x2000156c        -       0x00000400   Zero   RW          558    .bss.OS_CPU_ExceptStk  os_cpu_c.o
    0x2000196c        -       0x00000004   Zero   RW          559    .bss.OS_CPU_ExceptStkBase  os_cpu_c.o
    0x20001970        -       0x00000004   Zero   RW          561    .bss.OS_KA_BASEPRI_Boundary  os_cpu_c.o
    0x20001974        -       0x00000024   Zero   RW            8    .bss.blinkyButton   main.o
    0x20001998        -       0x00000028   Zero   RW           10    .bss.blinkyButton_queue  main.o
    0x200019c0        -       0x00000190   Zero   RW           11    .bss.blinkyButton_stack  main.o
    0x20001b50        -       0x00000028   Zero   RW           86    .bss.l_tevt         uc_ao.o
    0x20001b78        -       0x00000001   Zero   RW           85    .bss.l_tevtNum      uc_ao.o
    0x20001b79   0x08002438   0x00000007   PAD
    0x20001b80        -       0x00000000   Zero   RW          570    HEAP                startup_stm32f10x_md.o
    0x20001b80        -       0x00000400   Zero   RW          569    STACK               startup_stm32f10x_md.o


==============================================================================

Image component sizes


      Code (inc. data)   RO Data    RW Data    ZI Data      Debug   Object Name

       354          0          4          0          8       7356   bsp.o
       244          0          5          4        476       2958   main.o
      2468         32        258          0       5347      13853   os_core.o
       276         32          0          0          0        416   os_cpu_a.o
       280          0          0          0       1034       5193   os_cpu_c.o
         2          0          0          0          0       2267   os_dbg.o
       108          0          0          0          0      11328   os_flag.o
        66          0          0          0          0       4279   os_mem.o
       560          0          0          0          0       7621   os_q.o
       382          0          0          0          0       5183   os_sem.o
       992          4          0          0          0       9823   os_task.o
       118          0          0          0          0       3796   os_time.o
       640         56          0          0          0       9510   os_tmr.o
        12          0       1024          0          0        925   startup_stm32f1.o
        40         22          0          0       1024        384   startup_stm32f10x_md.o
       366          0         16          4          0       2755   system_stm32f10x.o
       428          0          8          0         41       4484   uc_ao.o

    ----------------------------------------------------------------------
      7442        146       1350          8       7960      92131   Object Totals
         0          0         32          0          0          0   (incl. Generated)
       106          0          3          0         30          0   (incl. Padding)

    ----------------------------------------------------------------------

      Code (inc. data)   RO Data    RW Data    ZI Data      Debug   Library Member Name

         8          0          0          0          0         68   __main.o
         0          0          0          0          0          0   __rtentry.o
        12          0          0          0          0          0   __rtentry2.o
         6          0          0          0          0          0   __rtentry4.o
        94          8          0          0          0          0   __scatter.o
        26          0          0          0          0          0   __scatter_copy.o
        28          0          0          0          0          0   __scatter_zi.o
        18          0          0          0          0         80   exit.o
         6          0          0          0          0        152   heapauxi.o
         0          0          0          0          0          0   indicate_semi.o
         2          0          0          0          0          0   libinit.o
         2          0          0          0          0          0   libinit2.o
         2          0          0          0          0          0   libshutdown.o
         2          0          0          0          0          0   libshutdown2.o
         8          4          0          0         96         68   libspace.o
        68          0          0          0          0         68   rt_memclr.o
        78          0          0          0          0         80   rt_memclr_w.o
         2          0          0          0          0          0   rtexit.o
        10          0          0          0          0          0   rtexit2.o
        12          4          0          0          0         68   sys_exit.o
        74          0          0          0          0         80   sys_stackheap_outer.o
         2          0          0          0          0         68   use_no_semi.o

    ----------------------------------------------------------------------
       468         16          0          0         96        732   Library Totals
         8          0          0          0          0          0   (incl. Padding)

    ----------------------------------------------------------------------

      Code (inc. data)   RO Data    RW Data    ZI Data      Debug   Library Name

       460         16          0          0         96        732   c_w.l

    ----------------------------------------------------------------------
       468         16          0          0         96        732   Library Totals

    ----------------------------------------------------------------------

==============================================================================


      Code (inc. data)   RO Data    RW Data    ZI Data      Debug   

      7910        162       1350          8       8056      92439   Grand Totals
      7910        162       1350          8       8056      92439   ELF Image Totals
      7910        162       1350          8          0          0   ROM Totals

==============================================================================

    Total RO  Size (Code + RO Data)                 9260 (   9.04kB)
    Total RW  Size (RW Data + ZI Data)              8064 (   7.88kB)
    Total ROM Size (Code + RO Data + RW Data)       9268 (   9.05kB)

==============================================================================

