Component: Arm Compiler for Embedded 6.21 Tool: armlink [5ec1fa00]

==============================================================================

Section Cross References

    main.o(.text.main) refers to bsp.o(.text.BSP_init) for BSP_init
    main.o(.text.main) refers to qv.o(.text.QF_init) for QF_init
    main.o(.text.main) refers to main.o(.bss.timeBomb) for timeBomb
    main.o(.text.main) refers to main.o(.text.TimeBomb_ctor) for TimeBomb_ctor
    main.o(.text.main) refers to main.o(.data.AO_TimeBomb) for AO_TimeBomb
    main.o(.text.main) refers to main.o(.bss.timeBomb_queue) for timeBomb_queue
    main.o(.text.main) refers to qv.o(.text.QActive_start_) for QActive_start_
    main.o(.text.main) refers to qv.o(.text.QF_run) for QF_run
    main.o(.ARM.exidx.text.main) refers to main.o(.text.main) for [Anonymous Symbol]
    main.o(.text.TimeBomb_ctor) refers to main.o(.text.TimeBomb_initial) for TimeBomb_initial
    main.o(.text.TimeBomb_ctor) refers to qf_qact.o(.text.QActive_ctor) for QActive_ctor
    main.o(.text.TimeBomb_ctor) refers to qf_time.o(.text.QTimeEvt_ctorX) for QTimeEvt_ctorX
    main.o(.ARM.exidx.text.TimeBomb_ctor) refers to main.o(.text.TimeBomb_ctor) for [Anonymous Symbol]
    main.o(.text.TimeBomb_initial) refers to main.o(.text.TimeBomb_wait4button) for TimeBomb_wait4button
    main.o(.ARM.exidx.text.TimeBomb_initial) refers to main.o(.text.TimeBomb_initial) for [Anonymous Symbol]
    main.o(.text.TimeBomb_wait4button) refers to bsp.o(.text.BSP_ledGreenOn) for BSP_ledGreenOn
    main.o(.text.TimeBomb_wait4button) refers to bsp.o(.text.BSP_ledGreenOff) for BSP_ledGreenOff
    main.o(.text.TimeBomb_wait4button) refers to main.o(.text.TimeBomb_blink) for TimeBomb_blink
    main.o(.text.TimeBomb_wait4button) refers to main.o(.text.TimeBomb_armed) for TimeBomb_armed
    main.o(.ARM.exidx.text.TimeBomb_wait4button) refers to main.o(.text.TimeBomb_wait4button) for [Anonymous Symbol]
    main.o(.text.TimeBomb_blink) refers to bsp.o(.text.BSP_ledOrangeOn) for BSP_ledOrangeOn
    main.o(.text.TimeBomb_blink) refers to qf_time.o(.text.QTimeEvt_armX) for QTimeEvt_armX
    main.o(.text.TimeBomb_blink) refers to bsp.o(.text.BSP_ledOrangeOff) for BSP_ledOrangeOff
    main.o(.text.TimeBomb_blink) refers to main.o(.text.TimeBomb_pause) for TimeBomb_pause
    main.o(.text.TimeBomb_blink) refers to main.o(.text.TimeBomb_armed) for TimeBomb_armed
    main.o(.ARM.exidx.text.TimeBomb_blink) refers to main.o(.text.TimeBomb_blink) for [Anonymous Symbol]
    main.o(.text.TimeBomb_armed) refers to bsp.o(.text.BSP_ledGreenOff) for BSP_ledGreenOff
    main.o(.text.TimeBomb_armed) refers to bsp.o(.text.BSP_ledYellowOff) for BSP_ledYellowOff
    main.o(.text.TimeBomb_armed) refers to bsp.o(.text.BSP_ledOrangeOff) for BSP_ledOrangeOff
    main.o(.text.TimeBomb_armed) refers to main.o(.text.TimeBomb_wait4button) for TimeBomb_wait4button
    main.o(.text.TimeBomb_armed) refers to main.o(.text.TimeBomb_defused) for TimeBomb_defused
    main.o(.text.TimeBomb_armed) refers to qep_hsm.o(.text.QHsm_top) for QHsm_top
    main.o(.ARM.exidx.text.TimeBomb_armed) refers to main.o(.text.TimeBomb_armed) for [Anonymous Symbol]
    main.o(.text.TimeBomb_pause) refers to qf_time.o(.text.QTimeEvt_armX) for QTimeEvt_armX
    main.o(.text.TimeBomb_pause) refers to main.o(.text.TimeBomb_blink) for TimeBomb_blink
    main.o(.text.TimeBomb_pause) refers to main.o(.text.TimeBomb_boom) for TimeBomb_boom
    main.o(.text.TimeBomb_pause) refers to main.o(.text.TimeBomb_armed) for TimeBomb_armed
    main.o(.ARM.exidx.text.TimeBomb_pause) refers to main.o(.text.TimeBomb_pause) for [Anonymous Symbol]
    main.o(.text.TimeBomb_boom) refers to bsp.o(.text.BSP_ledGreenOn) for BSP_ledGreenOn
    main.o(.text.TimeBomb_boom) refers to bsp.o(.text.BSP_ledYellowOn) for BSP_ledYellowOn
    main.o(.text.TimeBomb_boom) refers to bsp.o(.text.BSP_ledOrangeOn) for BSP_ledOrangeOn
    main.o(.text.TimeBomb_boom) refers to main.o(.text.TimeBomb_armed) for TimeBomb_armed
    main.o(.ARM.exidx.text.TimeBomb_boom) refers to main.o(.text.TimeBomb_boom) for [Anonymous Symbol]
    main.o(.text.TimeBomb_defused) refers to bsp.o(.text.BSP_ledYellowOn) for BSP_ledYellowOn
    main.o(.text.TimeBomb_defused) refers to bsp.o(.text.BSP_ledYellowOff) for BSP_ledYellowOff
    main.o(.text.TimeBomb_defused) refers to main.o(.text.TimeBomb_armed) for TimeBomb_armed
    main.o(.text.TimeBomb_defused) refers to qep_hsm.o(.text.QHsm_top) for QHsm_top
    main.o(.ARM.exidx.text.TimeBomb_defused) refers to main.o(.text.TimeBomb_defused) for [Anonymous Symbol]
    main.o(.data.AO_TimeBomb) refers to main.o(.bss.timeBomb) for [Anonymous Symbol]
    bsp.o(.text.SysTick_Handler) refers to qf_time.o(.text.QTimeEvt_tick_) for QTimeEvt_tick_
    bsp.o(.text.SysTick_Handler) refers to bsp.o(.bss.SysTick_Handler.buttons) for SysTick_Handler.buttons
[...]
    libshutdown.o(.ARM.Collect$$libshutdown$$00000000) refers (Special) to libshutdown2.o(.ARM.Collect$$libshutdown$$00000002) for __rt_lib_shutdown_cpp_1
    libshutdown.o(.ARM.Collect$$libshutdown$$00000000) refers (Special) to libshutdown2.o(.ARM.Collect$$libshutdown$$00000007) for __rt_lib_shutdown_fp_trap_1
    libshutdown.o(.ARM.Collect$$libshutdown$$00000000) refers (Special) to libshutdown2.o(.ARM.Collect$$libshutdown$$0000000F) for __rt_lib_shutdown_heap_1
    libshutdown.o(.ARM.Collect$$libshutdown$$00000000) refers (Special) to libshutdown2.o(.ARM.Collect$$libshutdown$$00000010) for __rt_lib_shutdown_return
    libshutdown.o(.ARM.Collect$$libshutdown$$00000000) refers (Special) to libshutdown2.o(.ARM.Collect$$libshutdown$$0000000A) for __rt_lib_shutdown_signal_1
    libshutdown.o(.ARM.Collect$$libshutdown$$00000000) refers (Special) to libshutdown2.o(.ARM.Collect$$libshutdown$$00000004) for __rt_lib_shutdown_stdio_1
    libshutdown.o(.ARM.Collect$$libshutdown$$00000000) refers (Special) to libshutdown2.o(.ARM.Collect$$libshutdown$$0000000C) for __rt_lib_shutdown_user_alloc_1
    sys_command.o(.text) refers (Special) to use_no_semi.o(.text) for __I$use$semihosting
    sys_command.o(.text) refers (Special) to indicate_semi.o(.text) for __semihosting_library_function
    sys_command_hlt.o(.text) refers (Special) to use_no_semi.o(.text) for __I$use$semihosting
    sys_command_hlt.o(.text) refers (Special) to indicate_semi.o(.text) for __semihosting_library_function
    defsig_rtmem_outer.o(.text) refers to defsig_rtmem_inner.o(.text) for __rt_SIGRTMEM_inner
    defsig_rtmem_outer.o(.text) refers to defsig_exit.o(.text) for __sig_exit
    defsig_rtmem_formal.o(.text) refers to rt_raise.o(.text) for __rt_raise
    rt_raise.o(.text) refers to __raise.o(.text) for __raise
    rt_raise.o(.text) refers to sys_exit.o(.text) for _sys_exit
    defsig_exit.o(.text) refers to sys_exit.o(.text) for _sys_exit
    defsig_rtmem_inner.o(.text) refers to defsig_general.o(.text) for __default_signal_display
    __raise.o(.text) refers to defsig.o(CL$$defsig) for __default_signal_handler
    defsig_general.o(.text) refers to sys_wrch.o(.text) for _ttywrch
    sys_wrch.o(.text) refers (Special) to use_no_semi.o(.text) for __I$use$semihosting
    sys_wrch.o(.text) refers (Special) to indicate_semi.o(.text) for __semihosting_library_function
    sys_wrch_hlt.o(.text) refers (Special) to use_no_semi.o(.text) for __I$use$semihosting
    sys_wrch_hlt.o(.text) refers (Special) to indicate_semi.o(.text) for __semihosting_library_function
    defsig.o(CL$$defsig) refers to defsig_rtmem_inner.o(.text) for __rt_SIGRTMEM_inner
    defsig_abrt_inner.o(.text) refers to defsig_general.o(.text) for __default_signal_display
    defsig_fpe_inner.o(.text) refers to defsig_general.o(.text) for __default_signal_display
    defsig_rtred_inner.o(.text) refers to defsig_general.o(.text) for __default_signal_display
    defsig_stak_inner.o(.text) refers to defsig_general.o(.text) for __default_signal_display
    defsig_pvfn_inner.o(.text) refers to defsig_general.o(.text) for __default_signal_display
    defsig_cppl_inner.o(.text) refers to defsig_general.o(.text) for __default_signal_display
    defsig_segv_inner.o(.text) refers to defsig_general.o(.text) for __default_signal_display
    defsig_other.o(.text) refers to defsig_general.o(.text) for __default_signal_display


==============================================================================

Removing Unused input sections from the image.

    Removing main.o(.text), (0 bytes).
    Removing main.o(.ARM.exidx.text.main), (8 bytes).
    Removing main.o(.ARM.exidx.text.TimeBomb_ctor), (8 bytes).
    Removing main.o(.ARM.exidx.text.TimeBomb_initial), (8 bytes).
    Removing main.o(.ARM.exidx.text.TimeBomb_wait4button), (8 bytes).
    Removing main.o(.ARM.exidx.text.TimeBomb_blink), (8 bytes).
    Removing main.o(.ARM.exidx.text.TimeBomb_armed), (8 bytes).
    Removing main.o(.ARM.exidx.text.TimeBomb_pause), (8 bytes).
    Removing main.o(.ARM.exidx.text.TimeBomb_boom), (8 bytes).
    Removing main.o(.ARM.exidx.text.TimeBomb_defused), (8 bytes).
    Removing main.o(.ARM.use_no_argv), (4 bytes).
    Removing bsp.o(.text), (0 bytes).
    Removing bsp.o(.ARM.exidx.text.SysTick_Handler), (8 bytes).
    Removing bsp.o(.ARM.exidx.text.QV_onIdle), (8 bytes).
    Removing bsp.o(.ARM.exidx.text.BSP_init), (8 bytes).
    Removing bsp.o(.ARM.exidx.text.QF_onStartup), (8 bytes).
    Removing bsp.o(.ARM.exidx.text.SysTick_Config), (8 bytes).
    Removing bsp.o(.ARM.exidx.text.__NVIC_SetPriority), (8 bytes).
    Removing bsp.o(.text.QF_onCleanup), (2 bytes).
    Removing bsp.o(.ARM.exidx.text.QF_onCleanup), (8 bytes).
    Removing bsp.o(.ARM.exidx.text.BSP_ledGreenOn), (8 bytes).
    Removing bsp.o(.ARM.exidx.text.BSP_ledGreenOff), (8 bytes).
    Removing bsp.o(.ARM.exidx.text.BSP_ledYellowOn), (8 bytes).
    Removing bsp.o(.ARM.exidx.text.BSP_ledYellowOff), (8 bytes).
    Removing bsp.o(.ARM.exidx.text.BSP_ledOrangeOn), (8 bytes).
    Removing bsp.o(.ARM.exidx.text.BSP_ledOrangeOff), (8 bytes).
    Removing bsp.o(.ARM.exidx.text.Q_onError), (8 bytes).
    Removing startup_stm32f1.o(.text), (0 bytes).
    Removing startup_stm32f1.o(.ARM.exidx.text.NMI_Handler), (8 bytes).
    Removing startup_stm32f1.o(.ARM.exidx.text.HardFault_Handler), (8 bytes).
    Removing startup_stm32f1.o(.ARM.exidx.text.MemManage_Handler), (8 bytes).
    Removing startup_stm32f1.o(.ARM.exidx.text.BusFault_Handler), (8 bytes).
    Removing startup_stm32f1.o(.ARM.exidx.text.UsageFault_Handler), (8 bytes).
    Removing startup_stm32f1.o(.ARM.exidx.text.Unused_Handler), (8 bytes).
    Removing qep_hsm.o(.text), (0 bytes).
    Removing qep_hsm.o(.ARM.exidx.text.QHsm_ctor), (8 bytes).
    Removing qep_hsm.o(.ARM.exidx.text.QHsm_init_), (8 bytes).
    Removing qep_hsm.o(.ARM.exidx.text.QHsm_dispatch_), (8 bytes).
    Removing qep_hsm.o(.ARM.exidx.text.QHsm_isIn_), (8 bytes).
    Removing qep_hsm.o(.ARM.exidx.text.QHsm_top), (8 bytes).
    Removing qep_hsm.o(.ARM.exidx.text.QEvt_verify_), (8 bytes).
    Removing qep_hsm.o(.ARM.exidx.text.QHsm_tran_), (8 bytes).
    Removing qep_hsm.o(.text.QHsm_childState), (142 bytes).
    Removing qep_hsm.o(.ARM.exidx.text.QHsm_childState), (8 bytes).
    Removing qep_hsm.o(.rodata.QP_versionStr), (8 bytes).
    Removing qep_msm.o(.text), (0 bytes).
    Removing qep_msm.o(.text.QMsm_ctor), (40 bytes).
    Removing qep_msm.o(.ARM.exidx.text.QMsm_ctor), (8 bytes).
    Removing qep_msm.o(.text.QMsm_init_), (162 bytes).
    Removing qep_msm.o(.ARM.exidx.text.QMsm_init_), (8 bytes).
    Removing qep_msm.o(.text.QMsm_dispatch_), (590 bytes).
    Removing qep_msm.o(.ARM.exidx.text.QMsm_dispatch_), (8 bytes).
    Removing qep_msm.o(.text.QMsm_isIn_), (142 bytes).
    Removing qep_msm.o(.ARM.exidx.text.QMsm_isIn_), (8 bytes).
    Removing qep_msm.o(.text.QMsm_execTatbl_), (128 bytes).
    Removing qep_msm.o(.ARM.exidx.text.QMsm_execTatbl_), (8 bytes).
    Removing qep_msm.o(.text.QEvt_verify_), (44 bytes).
    Removing qep_msm.o(.ARM.exidx.text.QEvt_verify_), (8 bytes).
    Removing qep_msm.o(.text.QMsm_exitToTranSource_), (104 bytes).
    Removing qep_msm.o(.ARM.exidx.text.QMsm_exitToTranSource_), (8 bytes).
    Removing qep_msm.o(.text.QMsm_enterHistory_), (192 bytes).
    Removing qep_msm.o(.ARM.exidx.text.QMsm_enterHistory_), (8 bytes).
    Removing qep_msm.o(.text.QMsm_isInState), (140 bytes).
    Removing qep_msm.o(.ARM.exidx.text.QMsm_isInState), (8 bytes).
    Removing qep_msm.o(.text.QMsm_childStateObj), (170 bytes).
    Removing qep_msm.o(.ARM.exidx.text.QMsm_childStateObj), (8 bytes).
    Removing qep_msm.o(.rodata.QMsm_ctor.vtable), (12 bytes).
    Removing qep_msm.o(.rodata.l_msm_top_s), (20 bytes).
    Removing qep_msm.o(.rodata.Q_this_module_), (8 bytes).
    Removing qf_act.o(.text), (0 bytes).
    Removing qf_act.o(.ARM.exidx.text.QF_bzero_), (8 bytes).
    Removing qf_actq.o(.text), (0 bytes).
    Removing qf_actq.o(.ARM.exidx.text.QActive_post_), (8 bytes).
    Removing qf_actq.o(.ARM.exidx.text.QEvt_verify_), (8 bytes).
    Removing qf_actq.o(.ARM.exidx.text.QEvt_getPoolId_), (8 bytes).
    Removing qf_actq.o(.ARM.exidx.text.QEvt_refCtr_inc_), (8 bytes).
    Removing qf_actq.o(.ARM.exidx.text.QPSet_insert), (8 bytes).
    Removing qf_actq.o(.ARM.exidx.text.QPSet_update_), (8 bytes).
    Removing qf_actq.o(.text.QActive_postLIFO_), (260 bytes).
    Removing qf_actq.o(.ARM.exidx.text.QActive_postLIFO_), (8 bytes).
    Removing qf_actq.o(.ARM.exidx.text.QActive_get_), (8 bytes).
    Removing qf_actq.o(.text.QF_getQueueMin), (84 bytes).
    Removing qf_actq.o(.ARM.exidx.text.QF_getQueueMin), (8 bytes).
    Removing qf_actq.o(.text.QTicker_ctor), (38 bytes).
    Removing qf_actq.o(.ARM.exidx.text.QTicker_ctor), (8 bytes).
    Removing qf_actq.o(.text.QTicker_init_), (28 bytes).
    Removing qf_actq.o(.ARM.exidx.text.QTicker_init_), (8 bytes).
    Removing qf_actq.o(.text.QTicker_dispatch_), (70 bytes).
    Removing qf_actq.o(.ARM.exidx.text.QTicker_dispatch_), (8 bytes).
    Removing qf_actq.o(.text.QTicker_trig_), (86 bytes).
    Removing qf_actq.o(.ARM.exidx.text.QTicker_trig_), (8 bytes).
    Removing qf_actq.o(.rodata.QTicker_ctor.vtable), (12 bytes).
    Removing qf_actq.o(.rodata.QTicker_trig_.tickEvt), (4 bytes).
    Removing qf_defer.o(.text), (0 bytes).
    Removing qf_defer.o(.text.QActive_defer), (40 bytes).
    Removing qf_defer.o(.ARM.exidx.text.QActive_defer), (8 bytes).
    Removing qf_defer.o(.text.QActive_recall), (114 bytes).
    Removing qf_defer.o(.ARM.exidx.text.QActive_recall), (8 bytes).
    Removing qf_defer.o(.text.QEvt_getPoolId_), (16 bytes).
    Removing qf_defer.o(.ARM.exidx.text.QEvt_getPoolId_), (8 bytes).
    Removing qf_defer.o(.text.QEvt_refCtr_dec_), (16 bytes).
    Removing qf_defer.o(.ARM.exidx.text.QEvt_refCtr_dec_), (8 bytes).
    Removing qf_defer.o(.text.QActive_flushDeferred), (68 bytes).
    Removing qf_defer.o(.ARM.exidx.text.QActive_flushDeferred), (8 bytes).
    Removing qf_defer.o(.rodata.Q_this_module_), (9 bytes).
    Removing qf_dyn.o(.text), (0 bytes).
    Removing qf_dyn.o(.text.QF_poolInit), (150 bytes).
    Removing qf_dyn.o(.ARM.exidx.text.QF_poolInit), (8 bytes).
    Removing qf_dyn.o(.text.QF_poolGetMaxBlockSize), (24 bytes).
    Removing qf_dyn.o(.ARM.exidx.text.QF_poolGetMaxBlockSize), (8 bytes).
    Removing qf_dyn.o(.text.QF_getPoolMin), (94 bytes).
    Removing qf_dyn.o(.ARM.exidx.text.QF_getPoolMin), (8 bytes).
    Removing qf_dyn.o(.text.QF_newX_), (258 bytes).
    Removing qf_dyn.o(.ARM.exidx.text.QF_newX_), (8 bytes).
    Removing qf_dyn.o(.ARM.exidx.text.QF_gc), (8 bytes).
    Removing qf_dyn.o(.ARM.exidx.text.QEvt_verify_), (8 bytes).
    Removing qf_dyn.o(.ARM.exidx.text.QEvt_getPoolId_), (8 bytes).
    Removing qf_dyn.o(.ARM.exidx.text.QEvt_refCtr_dec_), (8 bytes).
    Removing qf_dyn.o(.text.QF_newRef_), (94 bytes).
    Removing qf_dyn.o(.ARM.exidx.text.QF_newRef_), (8 bytes).
    Removing qf_dyn.o(.text.QEvt_refCtr_inc_), (16 bytes).
    Removing qf_dyn.o(.ARM.exidx.text.QEvt_refCtr_inc_), (8 bytes).
    Removing qf_dyn.o(.text.QF_deleteRef_), (56 bytes).
    Removing qf_dyn.o(.ARM.exidx.text.QF_deleteRef_), (8 bytes).
    Removing qf_mem.o(.text), (0 bytes).
    Removing qf_mem.o(.text.QMPool_init), (262 bytes).
    Removing qf_mem.o(.ARM.exidx.text.QMPool_init), (8 bytes).
    Removing qf_mem.o(.text.QMPool_get), (234 bytes).
    Removing qf_mem.o(.ARM.exidx.text.QMPool_get), (8 bytes).
    Removing qf_mem.o(.ARM.exidx.text.QMPool_put), (8 bytes).
    Removing qf_ps.o(.text), (0 bytes).
    Removing qf_ps.o(.text.QActive_psInit), (88 bytes).
    Removing qf_ps.o(.ARM.exidx.text.QActive_psInit), (8 bytes).
    Removing qf_ps.o(.text.QPSet_setEmpty), (14 bytes).
    Removing qf_ps.o(.ARM.exidx.text.QPSet_setEmpty), (8 bytes).
    Removing qf_ps.o(.text.QPSet_update_), (20 bytes).
    Removing qf_ps.o(.ARM.exidx.text.QPSet_update_), (8 bytes).
    Removing qf_ps.o(.text.QActive_publish_), (396 bytes).
    Removing qf_ps.o(.ARM.exidx.text.QActive_publish_), (8 bytes).
    Removing qf_ps.o(.text.QPSet_verify_), (28 bytes).
    Removing qf_ps.o(.ARM.exidx.text.QPSet_verify_), (8 bytes).
    Removing qf_ps.o(.text.QEvt_getPoolId_), (16 bytes).
    Removing qf_ps.o(.ARM.exidx.text.QEvt_getPoolId_), (8 bytes).
    Removing qf_ps.o(.text.QEvt_refCtr_inc_), (16 bytes).
    Removing qf_ps.o(.ARM.exidx.text.QEvt_refCtr_inc_), (8 bytes).
    Removing qf_ps.o(.text.QPSet_notEmpty), (18 bytes).
    Removing qf_ps.o(.ARM.exidx.text.QPSet_notEmpty), (8 bytes).
    Removing qf_ps.o(.text.QPSet_findMax), (20 bytes).
    Removing qf_ps.o(.ARM.exidx.text.QPSet_findMax), (8 bytes).
    Removing qf_ps.o(.text.QPSet_remove), (26 bytes).
    Removing qf_ps.o(.ARM.exidx.text.QPSet_remove), (8 bytes).
    Removing qf_ps.o(.text.QActive_subscribe), (190 bytes).
    Removing qf_ps.o(.ARM.exidx.text.QActive_subscribe), (8 bytes).
    Removing qf_ps.o(.text.QPSet_insert), (26 bytes).
    Removing qf_ps.o(.ARM.exidx.text.QPSet_insert), (8 bytes).
    Removing qf_ps.o(.text.QActive_unsubscribe), (190 bytes).
    Removing qf_ps.o(.ARM.exidx.text.QActive_unsubscribe), (8 bytes).
    Removing qf_ps.o(.text.QActive_unsubscribeAll), (196 bytes).
    Removing qf_ps.o(.ARM.exidx.text.QActive_unsubscribeAll), (8 bytes).
    Removing qf_ps.o(.text.QPSet_hasElement), (24 bytes).
    Removing qf_ps.o(.ARM.exidx.text.QPSet_hasElement), (8 bytes).
    Removing qf_ps.o(.bss.QActive_subscrList_), (4 bytes).
    Removing qf_ps.o(.bss.QActive_maxPubSignal_), (4 bytes).
    Removing qf_ps.o(.rodata.Q_this_module_), (6 bytes).
    Removing qf_qact.o(.text), (0 bytes).
    Removing qf_qact.o(.ARM.exidx.text.QActive_ctor), (8 bytes).
    Removing qf_qact.o(.ARM.exidx.text.QActive_register_), (8 bytes).
    Removing qf_qact.o(.text.QActive_unregister_), (96 bytes).
    Removing qf_qact.o(.ARM.exidx.text.QActive_unregister_), (8 bytes).
    Removing qf_qeq.o(.text), (0 bytes).
    Removing qf_qeq.o(.ARM.exidx.text.QEQueue_init), (8 bytes).
    Removing qf_qeq.o(.text.QEQueue_post), (254 bytes).
    Removing qf_qeq.o(.ARM.exidx.text.QEQueue_post), (8 bytes).
    Removing qf_qeq.o(.text.QEvt_getPoolId_), (16 bytes).
    Removing qf_qeq.o(.ARM.exidx.text.QEvt_getPoolId_), (8 bytes).
    Removing qf_qeq.o(.text.QEvt_refCtr_inc_), (16 bytes).
    Removing qf_qeq.o(.ARM.exidx.text.QEvt_refCtr_inc_), (8 bytes).
    Removing qf_qeq.o(.text.QEQueue_postLIFO), (178 bytes).
    Removing qf_qeq.o(.ARM.exidx.text.QEQueue_postLIFO), (8 bytes).
    Removing qf_qeq.o(.text.QEQueue_get), (150 bytes).
    Removing qf_qeq.o(.ARM.exidx.text.QEQueue_get), (8 bytes).
    Removing qf_qeq.o(.rodata.Q_this_module_), (7 bytes).
    Removing qf_qeq.o(.bss.QEQueue_dummy), (16 bytes).
    Removing qf_qmact.o(.text), (0 bytes).
    Removing qf_qmact.o(.text.QMActive_ctor), (40 bytes).
    Removing qf_qmact.o(.ARM.exidx.text.QMActive_ctor), (8 bytes).
    Removing qf_qmact.o(.rodata.QMActive_ctor.vtable), (12 bytes).
    Removing qf_time.o(.text), (0 bytes).
    Removing qf_time.o(.ARM.exidx.text.QTimeEvt_ctorX), (8 bytes).
    Removing qf_time.o(.ARM.exidx.text.QTimeEvt_armX), (8 bytes).
    Removing qf_time.o(.text.QTimeEvt_disarm), (76 bytes).
    Removing qf_time.o(.ARM.exidx.text.QTimeEvt_disarm), (8 bytes).
    Removing qf_time.o(.text.QTimeEvt_rearm), (178 bytes).
    Removing qf_time.o(.ARM.exidx.text.QTimeEvt_rearm), (8 bytes).
    Removing qf_time.o(.text.QTimeEvt_wasDisarmed), (50 bytes).
    Removing qf_time.o(.ARM.exidx.text.QTimeEvt_wasDisarmed), (8 bytes).
    Removing qf_time.o(.text.QTimeEvt_currCtr), (26 bytes).
    Removing qf_time.o(.ARM.exidx.text.QTimeEvt_currCtr), (8 bytes).
    Removing qf_time.o(.ARM.exidx.text.QTimeEvt_tick_), (8 bytes).
    Removing qf_time.o(.ARM.exidx.text.QEvt_verify_), (8 bytes).
    Removing qf_time.o(.text.QTimeEvt_noActive), (124 bytes).
    Removing qf_time.o(.ARM.exidx.text.QTimeEvt_noActive), (8 bytes).
    Removing qv.o(.text), (0 bytes).
    Removing qv.o(.text.QV_schedDisable), (92 bytes).
    Removing qv.o(.ARM.exidx.text.QV_schedDisable), (8 bytes).
    Removing qv.o(.text.QV_schedEnable), (82 bytes).
    Removing qv.o(.ARM.exidx.text.QV_schedEnable), (8 bytes).
    Removing qv.o(.ARM.exidx.text.QF_init), (8 bytes).
    Removing qv.o(.ARM.exidx.text.QPSet_update_), (8 bytes).
    Removing qv.o(.text.QF_stop), (8 bytes).
    Removing qv.o(.ARM.exidx.text.QF_stop), (8 bytes).
    Removing qv.o(.ARM.exidx.text.QF_run), (8 bytes).
    Removing qv.o(.ARM.exidx.text.QPSet_verify_), (8 bytes).
    Removing qv.o(.ARM.exidx.text.QPSet_notEmpty), (8 bytes).
    Removing qv.o(.ARM.exidx.text.QPSet_findMax), (8 bytes).
    Removing qv.o(.ARM.exidx.text.QPSet_remove), (8 bytes).
    Removing qv.o(.ARM.exidx.text.QActive_start_), (8 bytes).
    Removing qv_port.o(.text), (0 bytes).
    Removing qv_port.o(.ARM.exidx.text.QF_int_disable_), (8 bytes).
    Removing qv_port.o(.ARM.exidx.text.QF_int_enable_), (8 bytes).
    Removing qv_port.o(.ARM.exidx.text.QF_crit_entry_), (8 bytes).
    Removing qv_port.o(.ARM.exidx.text.QF_crit_exit_), (8 bytes).
    Removing qv_port.o(.ARM.exidx.text.QV_init), (8 bytes).
    Removing system_stm32f10x.o(.text), (0 bytes).
    Removing system_stm32f10x.o(.ARM.exidx.text.SystemInit), (8 bytes).
    Removing system_stm32f10x.o(.ARM.exidx.text.SetSysClock), (8 bytes).
    Removing system_stm32f10x.o(.text.SystemCoreClockUpdate), (290 bytes).
    Removing system_stm32f10x.o(.ARM.exidx.text.SystemCoreClockUpdate), (8 bytes).
    Removing system_stm32f10x.o(.ARM.exidx.text.SetSysClockTo72), (8 bytes).
    Removing system_stm32f10x.o(.rodata.AHBPrescTable), (16 bytes).

230 unused section(s) (total 8022 bytes) removed from the image.

==============================================================================

Image Symbol Table

    Local Symbols

    Symbol Name                              Value     Ov Type        Size  Object(Section)

    ../clib/angel/boardlib.s                 0x00000000   Number         0  boardinit1.o ABSOLUTE
    ../clib/angel/boardlib.s                 0x00000000   Number         0  boardinit2.o ABSOLUTE
    ../clib/angel/boardlib.s                 0x00000000   Number         0  boardinit3.o ABSOLUTE
    ../clib/angel/boardlib.s                 0x00000000   Number         0  boardshut.o ABSOLUTE
    ../clib/angel/handlers.s                 0x00000000   Number         0  __scatter_copy.o ABSOLUTE
    ../clib/angel/handlers.s                 0x00000000   Number         0  __scatter_zi.o ABSOLUTE
    ../clib/angel/kernel.s                   0x00000000   Number         0  __rtentry.o ABSOLUTE
    ../clib/angel/kernel.s                   0x00000000   Number         0  __rtentry2.o ABSOLUTE
    ../clib/angel/kernel.s                   0x00000000   Number         0  __rtentry4.o ABSOLUTE
    ../clib/angel/kernel.s                   0x00000000   Number         0  rtexit.o ABSOLUTE
    ../clib/angel/kernel.s                   0x00000000   Number         0  rtexit2.o ABSOLUTE
    ../clib/angel/rt.s                       0x00000000   Number         0  rt_raise.o ABSOLUTE
    ../clib/angel/scatter.s                  0x00000000   Number         0  __scatter.o ABSOLUTE
    ../clib/angel/startup.s                  0x00000000   Number         0  __main.o ABSOLUTE
    ../clib/angel/sys.s                      0x00000000   Number         0  sys_stackheap_outer.o ABSOLUTE
    ../clib/angel/sys.s                      0x00000000   Number         0  libspace.o ABSOLUTE
    ../clib/angel/sys.s                      0x00000000   Number         0  use_no_semi.o ABSOLUTE
    ../clib/angel/sys.s                      0x00000000   Number         0  indicate_semi.o ABSOLUTE
    ../clib/angel/sysapp.c                   0x00000000   Number         0  sys_exit.o ABSOLUTE
    ../clib/angel/sysapp.c                   0x00000000   Number         0  sys_exit_hlt.o ABSOLUTE
    ../clib/angel/sysapp.c                   0x00000000   Number         0  sys_command.o ABSOLUTE
    ../clib/angel/sysapp.c                   0x00000000   Number         0  sys_command_hlt.o ABSOLUTE
    ../clib/angel/sysapp.c                   0x00000000   Number         0  sys_wrch.o ABSOLUTE
    ../clib/angel/sysapp.c                   0x00000000   Number         0  sys_wrch_hlt.o ABSOLUTE
    ../clib/armsys.c                         0x00000000   Number         0  argv_veneer.o ABSOLUTE
    ../clib/armsys.c                         0x00000000   Number         0  argv_veneer.o ABSOLUTE
    ../clib/armsys.c                         0x00000000   Number         0  _get_argv_nomalloc.o ABSOLUTE
    ../clib/armsys.c                         0x00000000   Number         0  no_argv.o ABSOLUTE
    ../clib/heapalloc.c                      0x00000000   Number         0  hrguard.o ABSOLUTE
    ../clib/heapaux.c                        0x00000000   Number         0  heapauxi.o ABSOLUTE
    ../clib/libinit.s                        0x00000000   Number         0  libinit.o ABSOLUTE
    ../clib/libinit.s                        0x00000000   Number         0  libinit2.o ABSOLUTE
    ../clib/libinit.s                        0x00000000   Number         0  libshutdown.o ABSOLUTE
    ../clib/libinit.s                        0x00000000   Number         0  libshutdown2.o ABSOLUTE
    ../clib/signal.c                         0x00000000   Number         0  defsig_rtmem_outer.o ABSOLUTE
    ../clib/signal.c                         0x00000000   Number         0  defsig_rtmem_formal.o ABSOLUTE
    ../clib/signal.c                         0x00000000   Number         0  defsig_exit.o ABSOLUTE
    ../clib/signal.c                         0x00000000   Number         0  defsig_rtmem_inner.o ABSOLUTE
    ../clib/signal.c                         0x00000000   Number         0  __raise.o ABSOLUTE
    ../clib/signal.c                         0x00000000   Number         0  defsig_general.o ABSOLUTE
    ../clib/signal.c                         0x00000000   Number         0  defsig_abrt_inner.o ABSOLUTE
    ../clib/signal.c                         0x00000000   Number         0  defsig_fpe_inner.o ABSOLUTE
    ../clib/signal.c                         0x00000000   Number         0  defsig_rtred_inner.o ABSOLUTE
    ../clib/signal.c                         0x00000000   Number         0  defsig_stak_inner.o ABSOLUTE
    ../clib/signal.c                         0x00000000   Number         0  defsig_pvfn_inner.o ABSOLUTE
    ../clib/signal.c                         0x00000000   Number         0  defsig_cppl_inner.o ABSOLUTE
    ../clib/signal.c                         0x00000000   Number         0  defsig_segv_inner.o ABSOLUTE
    ../clib/signal.c                         0x00000000   Number         0  defsig_other.o ABSOLUTE
    ../clib/signal.s                         0x00000000   Number         0  defsig.o ABSOLUTE
    ../clib/stdlib.c                         0x00000000   Number         0  exit.o ABSOLUTE
    ../fplib/fpinit.s                        0x00000000   Number         0  fpinit.o ABSOLUTE
    ../fplib/fpinit_empty.s                  0x00000000   Number         0  fpinit_empty.o ABSOLUTE
    RTE/Device/STM32F103C8/startup_stm32f10x_md.s 0x00000000   Number         0  startup_stm32f10x_md.o ABSOLUTE
    bsp.c                                    0x00000000   Number         0  bsp.o ABSOLUTE
    dc.s                                     0x00000000   Number         0  dc.o ABSOLUTE
    main.c                                   0x00000000   Number         0  main.o ABSOLUTE
    qep_hsm.c                                0x00000000   Number         0  qep_hsm.o ABSOLUTE
    qep_msm.c                                0x00000000   Number         0  qep_msm.o ABSOLUTE
    qf_act.c                                 0x00000000   Number         0  qf_act.o ABSOLUTE
    qf_actq.c                                0x00000000   Number         0  qf_actq.o ABSOLUTE
    qf_defer.c                               0x00000000   Number         0  qf_defer.o ABSOLUTE
    qf_dyn.c                                 0x00000000   Number         0  qf_dyn.o ABSOLUTE
    qf_mem.c                                 0x00000000   Number         0  qf_mem.o ABSOLUTE
    qf_ps.c                                  0x00000000   Number         0  qf_ps.o ABSOLUTE
    qf_qact.c                                0x00000000   Number         0  qf_qact.o ABSOLUTE
    qf_qeq.c                                 0x00000000   Number         0  qf_qeq.o ABSOLUTE
    qf_qmact.c                               0x00000000   Number         0  qf_qmact.o ABSOLUTE
    qf_time.c                                0x00000000   Number         0  qf_time.o ABSOLUTE
    qv.c                                     0x00000000   Number         0  qv.o ABSOLUTE
    qv_port.c                                0x00000000   Number         0  qv_port.o ABSOLUTE
    startup_stm32f1.c                        0x00000000   Number         0  startup_stm32f1.o ABSOLUTE
    system_stm32f10x.c                       0x00000000   Number         0  system_stm32f10x.o ABSOLUTE
    __tagsym$$used.0                         0x08000000   Number         0  startup_stm32f1.o(RESET)
    !!!main                                  0x08000400   Section        8  __main.o(!!!main)
    !!!scatter                               0x08000408   Section       92  __scatter.o(!!!scatter)
    !!handler_copy                           0x08000464   Section       26  __scatter_copy.o(!!handler_copy)
    !!handler_null                           0x08000480   Section        2  __scatter.o(!!handler_null)
    !!handler_zi                             0x08000484   Section       28  __scatter_zi.o(!!handler_zi)
    .ARM.Collect$$libinit$$00000000          0x080004a0   Section        2  libinit.o(.ARM.Collect$$libinit$$00000000)
    .ARM.Collect$$libinit$$00000002          0x080004a2   Section        0  libinit2.o(.ARM.Collect$$libinit$$00000002)
    .ARM.Collect$$libinit$$00000004          0x080004a2   Section        0  libinit2.o(.ARM.Collect$$libinit$$00000004)
    .ARM.Collect$$libinit$$00000006          0x080004a2   Section        0  libinit2.o(.ARM.Collect$$libinit$$00000006)
    .ARM.Collect$$libinit$$0000000C          0x080004a2   Section        0  libinit2.o(.ARM.Collect$$libinit$$0000000C)
    .ARM.Collect$$libinit$$0000000E          0x080004a2   Section        0  libinit2.o(.ARM.Collect$$libinit$$0000000E)
    .ARM.Collect$$libinit$$00000010          0x080004a2   Section        0  libinit2.o(.ARM.Collect$$libinit$$00000010)
    .ARM.Collect$$libinit$$00000013          0x080004a2   Section        0  libinit2.o(.ARM.Collect$$libinit$$00000013)
    .ARM.Collect$$libinit$$00000015          0x080004a2   Section        0  libinit2.o(.ARM.Collect$$libinit$$00000015)
    .ARM.Collect$$libinit$$00000017          0x080004a2   Section        0  libinit2.o(.ARM.Collect$$libinit$$00000017)
    .ARM.Collect$$libinit$$00000019          0x080004a2   Section        0  libinit2.o(.ARM.Collect$$libinit$$00000019)
    .ARM.Collect$$libinit$$0000001B          0x080004a2   Section        0  libinit2.o(.ARM.Collect$$libinit$$0000001B)
    .ARM.Collect$$libinit$$0000001D          0x080004a2   Section        0  libinit2.o(.ARM.Collect$$libinit$$0000001D)
    .ARM.Collect$$libinit$$0000001F          0x080004a2   Section        0  libinit2.o(.ARM.Collect$$libinit$$0000001F)
    .ARM.Collect$$libinit$$00000021          0x080004a2   Section        0  libinit2.o(.ARM.Collect$$libinit$$00000021)
    .ARM.Collect$$libinit$$00000023          0x080004a2   Section        0  libinit2.o(.ARM.Collect$$libinit$$00000023)
    .ARM.Collect$$libinit$$00000025          0x080004a2   Section        0  libinit2.o(.ARM.Collect$$libinit$$00000025)
    .ARM.Collect$$libinit$$00000027          0x080004a2   Section        0  libinit2.o(.ARM.Collect$$libinit$$00000027)
    .ARM.Collect$$libinit$$0000002E          0x080004a2   Section        0  libinit2.o(.ARM.Collect$$libinit$$0000002E)
    .ARM.Collect$$libinit$$00000030          0x080004a2   Section        0  libinit2.o(.ARM.Collect$$libinit$$00000030)
    .ARM.Collect$$libinit$$00000032          0x080004a2   Section        0  libinit2.o(.ARM.Collect$$libinit$$00000032)
    .ARM.Collect$$libinit$$00000034          0x080004a2   Section        0  libinit2.o(.ARM.Collect$$libinit$$00000034)
    .ARM.Collect$$libinit$$00000035          0x080004a2   Section        2  libinit2.o(.ARM.Collect$$libinit$$00000035)
    .ARM.Collect$$libshutdown$$00000000      0x080004a4   Section        2  libshutdown.o(.ARM.Collect$$libshutdown$$00000000)
    .ARM.Collect$$libshutdown$$00000002      0x080004a6   Section        0  libshutdown2.o(.ARM.Collect$$libshutdown$$00000002)
    .ARM.Collect$$libshutdown$$00000004      0x080004a6   Section        0  libshutdown2.o(.ARM.Collect$$libshutdown$$00000004)
    .ARM.Collect$$libshutdown$$00000007      0x080004a6   Section        0  libshutdown2.o(.ARM.Collect$$libshutdown$$00000007)
    .ARM.Collect$$libshutdown$$0000000A      0x080004a6   Section        0  libshutdown2.o(.ARM.Collect$$libshutdown$$0000000A)
    .ARM.Collect$$libshutdown$$0000000C      0x080004a6   Section        0  libshutdown2.o(.ARM.Collect$$libshutdown$$0000000C)
    .ARM.Collect$$libshutdown$$0000000F      0x080004a6   Section        0  libshutdown2.o(.ARM.Collect$$libshutdown$$0000000F)
    .ARM.Collect$$libshutdown$$00000010      0x080004a6   Section        2  libshutdown2.o(.ARM.Collect$$libshutdown$$00000010)
    .ARM.Collect$$rtentry$$00000000          0x080004a8   Section        0  __rtentry.o(.ARM.Collect$$rtentry$$00000000)
    .ARM.Collect$$rtentry$$00000002          0x080004a8   Section        0  __rtentry2.o(.ARM.Collect$$rtentry$$00000002)
    .ARM.Collect$$rtentry$$00000004          0x080004a8   Section        6  __rtentry4.o(.ARM.Collect$$rtentry$$00000004)
    .ARM.Collect$$rtentry$$00000009          0x080004ae   Section        0  __rtentry2.o(.ARM.Collect$$rtentry$$00000009)
    .ARM.Collect$$rtentry$$0000000A          0x080004ae   Section        4  __rtentry2.o(.ARM.Collect$$rtentry$$0000000A)
    .ARM.Collect$$rtentry$$0000000C          0x080004b2   Section        0  __rtentry2.o(.ARM.Collect$$rtentry$$0000000C)
    .ARM.Collect$$rtentry$$0000000D          0x080004b2   Section        8  __rtentry2.o(.ARM.Collect$$rtentry$$0000000D)
    .ARM.Collect$$rtexit$$00000000           0x080004ba   Section        2  rtexit.o(.ARM.Collect$$rtexit$$00000000)
    .ARM.Collect$$rtexit$$00000002           0x080004bc   Section        0  rtexit2.o(.ARM.Collect$$rtexit$$00000002)
    .ARM.Collect$$rtexit$$00000003           0x080004bc   Section        4  rtexit2.o(.ARM.Collect$$rtexit$$00000003)
    .ARM.Collect$$rtexit$$00000004           0x080004c0   Section        6  rtexit2.o(.ARM.Collect$$rtexit$$00000004)
    .text                                    0x080004c8   Section       40  startup_stm32f10x_md.o(.text)
    .text                                    0x080004f0   Section        0  heapauxi.o(.text)
    .text                                    0x080004f6   Section       74  sys_stackheap_outer.o(.text)
    .text                                    0x08000540   Section        0  exit.o(.text)
    .text                                    0x08000554   Section        8  libspace.o(.text)
    .text                                    0x0800055c   Section        0  sys_exit.o(.text)
    .text                                    0x08000568   Section        2  use_no_semi.o(.text)
    .text                                    0x0800056a   Section        0  indicate_semi.o(.text)
    [Anonymous Symbol]                       0x0800056c   Section        0  bsp.o(.text.BSP_init)
    [Anonymous Symbol]                       0x080005c4   Section        0  bsp.o(.text.BSP_ledGreenOff)
    [Anonymous Symbol]                       0x080005d4   Section        0  bsp.o(.text.BSP_ledGreenOn)
    [Anonymous Symbol]                       0x080005e4   Section        0  bsp.o(.text.BSP_ledOrangeOff)
    [Anonymous Symbol]                       0x080005f4   Section        0  bsp.o(.text.BSP_ledOrangeOn)
    [Anonymous Symbol]                       0x08000604   Section        0  bsp.o(.text.BSP_ledYellowOff)
    [Anonymous Symbol]                       0x08000614   Section        0  bsp.o(.text.BSP_ledYellowOn)
    [Anonymous Symbol]                       0x08000624   Section        0  startup_stm32f1.o(.text.BusFault_Handler)
    [Anonymous Symbol]                       0x08000628   Section        0  startup_stm32f1.o(.text.HardFault_Handler)
    [Anonymous Symbol]                       0x0800062c   Section        0  startup_stm32f1.o(.text.MemManage_Handler)
    [Anonymous Symbol]                       0x08000630   Section        0  startup_stm32f1.o(.text.NMI_Handler)
    [Anonymous Symbol]                       0x08000634   Section        0  qf_qact.o(.text.QActive_ctor)
    [Anonymous Symbol]                       0x0800065c   Section        0  qf_actq.o(.text.QActive_get_)
    [Anonymous Symbol]                       0x08000704   Section        0  qf_actq.o(.text.QActive_post_)
    [Anonymous Symbol]                       0x08000860   Section        0  qf_qact.o(.text.QActive_register_)
    [Anonymous Symbol]                       0x080009ac   Section        0  qv.o(.text.QActive_start_)
    [Anonymous Symbol]                       0x08000a18   Section        0  qf_qeq.o(.text.QEQueue_init)
    QEvt_getPoolId_                          0x08000a59   Thumb Code    16  qf_actq.o(.text.QEvt_getPoolId_)
    [Anonymous Symbol]                       0x08000a58   Section        0  qf_actq.o(.text.QEvt_getPoolId_)
    QEvt_getPoolId_                          0x08000a69   Thumb Code    16  qf_dyn.o(.text.QEvt_getPoolId_)
    [Anonymous Symbol]                       0x08000a68   Section        0  qf_dyn.o(.text.QEvt_getPoolId_)
    QEvt_refCtr_dec_                         0x08000a79   Thumb Code    16  qf_dyn.o(.text.QEvt_refCtr_dec_)
    [Anonymous Symbol]                       0x08000a78   Section        0  qf_dyn.o(.text.QEvt_refCtr_dec_)
    QEvt_refCtr_inc_                         0x08000a89   Thumb Code    16  qf_actq.o(.text.QEvt_refCtr_inc_)
    [Anonymous Symbol]                       0x08000a88   Section        0  qf_actq.o(.text.QEvt_refCtr_inc_)
    QEvt_verify_                             0x08000a99   Thumb Code    44  qep_hsm.o(.text.QEvt_verify_)
    [Anonymous Symbol]                       0x08000a98   Section        0  qep_hsm.o(.text.QEvt_verify_)
    QEvt_verify_                             0x08000ac5   Thumb Code    44  qf_actq.o(.text.QEvt_verify_)
    [Anonymous Symbol]                       0x08000ac4   Section        0  qf_actq.o(.text.QEvt_verify_)
    QEvt_verify_                             0x08000af1   Thumb Code    44  qf_dyn.o(.text.QEvt_verify_)
    [Anonymous Symbol]                       0x08000af0   Section        0  qf_dyn.o(.text.QEvt_verify_)
    QEvt_verify_                             0x08000b1d   Thumb Code    44  qf_time.o(.text.QEvt_verify_)
    [Anonymous Symbol]                       0x08000b1c   Section        0  qf_time.o(.text.QEvt_verify_)
    [Anonymous Symbol]                       0x08000b48   Section        0  qf_act.o(.text.QF_bzero_)
    [Anonymous Symbol]                       0x08000b78   Section        0  qv_port.o(.text.QF_crit_entry_)
    QF_crit_entry_error                      0x08000b88   Number         0  qv_port.o(.text.QF_crit_entry_)
    [Anonymous Symbol]                       0x08000b98   Section        0  qv_port.o(.text.QF_crit_exit_)
    QF_crit_exit_error                       0x08000ba8   Number         0  qv_port.o(.text.QF_crit_exit_)
    [Anonymous Symbol]                       0x08000bb8   Section        0  qf_dyn.o(.text.QF_gc)
    [Anonymous Symbol]                       0x08000c5c   Section        0  qv.o(.text.QF_init)
    [Anonymous Symbol]                       0x08000cd8   Section        0  qv_port.o(.text.QF_int_disable_)
    QF_int_disable_error                     0x08000ce8   Number         0  qv_port.o(.text.QF_int_disable_)
    [Anonymous Symbol]                       0x08000cf8   Section        0  qv_port.o(.text.QF_int_enable_)
    QF_int_enable_error                      0x08000d08   Number         0  qv_port.o(.text.QF_int_enable_)
    [Anonymous Symbol]                       0x08000d18   Section        0  bsp.o(.text.QF_onStartup)
    [Anonymous Symbol]                       0x08000d44   Section        0  qv.o(.text.QF_run)
    [Anonymous Symbol]                       0x08000e40   Section        0  qep_hsm.o(.text.QHsm_ctor)
    [Anonymous Symbol]                       0x08000e68   Section        0  qep_hsm.o(.text.QHsm_dispatch_)
    [Anonymous Symbol]                       0x0800107c   Section        0  qep_hsm.o(.text.QHsm_init_)
    [Anonymous Symbol]                       0x080011cc   Section        0  qep_hsm.o(.text.QHsm_isIn_)
    [Anonymous Symbol]                       0x080012a4   Section        0  qep_hsm.o(.text.QHsm_top)
    [Anonymous Symbol]                       0x080012b0   Section        0  qep_hsm.o(.text.QHsm_tran_)
    [Anonymous Symbol]                       0x08001534   Section        0  qf_mem.o(.text.QMPool_put)
    QPSet_findMax                            0x080015a5   Thumb Code    20  qv.o(.text.QPSet_findMax)
    [Anonymous Symbol]                       0x080015a4   Section        0  qv.o(.text.QPSet_findMax)
    QPSet_insert                             0x080015b9   Thumb Code    26  qf_actq.o(.text.QPSet_insert)
    [Anonymous Symbol]                       0x080015b8   Section        0  qf_actq.o(.text.QPSet_insert)
    QPSet_notEmpty                           0x080015d5   Thumb Code    18  qv.o(.text.QPSet_notEmpty)
    [Anonymous Symbol]                       0x080015d4   Section        0  qv.o(.text.QPSet_notEmpty)
    QPSet_remove                             0x080015e9   Thumb Code    26  qv.o(.text.QPSet_remove)
    [Anonymous Symbol]                       0x080015e8   Section        0  qv.o(.text.QPSet_remove)
    QPSet_update_                            0x08001605   Thumb Code    20  qf_actq.o(.text.QPSet_update_)
    [Anonymous Symbol]                       0x08001604   Section        0  qf_actq.o(.text.QPSet_update_)
    QPSet_update_                            0x08001619   Thumb Code    20  qv.o(.text.QPSet_update_)
    [Anonymous Symbol]                       0x08001618   Section        0  qv.o(.text.QPSet_update_)
    QPSet_verify_                            0x0800162d   Thumb Code    28  qv.o(.text.QPSet_verify_)
    [Anonymous Symbol]                       0x0800162c   Section        0  qv.o(.text.QPSet_verify_)
    [Anonymous Symbol]                       0x08001648   Section        0  qf_time.o(.text.QTimeEvt_armX)
    [Anonymous Symbol]                       0x080016f0   Section        0  qf_time.o(.text.QTimeEvt_ctorX)
    [Anonymous Symbol]                       0x0800174c   Section        0  qf_time.o(.text.QTimeEvt_tick_)
    [Anonymous Symbol]                       0x080018cc   Section        0  qv_port.o(.text.QV_init)
    [Anonymous Symbol]                       0x0800190c   Section        0  bsp.o(.text.QV_onIdle)
    [Anonymous Symbol]                       0x08001914   Section        0  bsp.o(.text.Q_onError)
    SetSysClock                              0x0800192d   Thumb Code     8  system_stm32f10x.o(.text.SetSysClock)
    [Anonymous Symbol]                       0x0800192c   Section        0  system_stm32f10x.o(.text.SetSysClock)
    SetSysClockTo72                          0x08001935   Thumb Code   290  system_stm32f10x.o(.text.SetSysClockTo72)
    [Anonymous Symbol]                       0x08001934   Section        0  system_stm32f10x.o(.text.SetSysClockTo72)
    SysTick_Config                           0x08001a59   Thumb Code    82  bsp.o(.text.SysTick_Config)
    [Anonymous Symbol]                       0x08001a58   Section        0  bsp.o(.text.SysTick_Config)
    [Anonymous Symbol]                       0x08001aac   Section        0  bsp.o(.text.SysTick_Handler)
    [Anonymous Symbol]                       0x08001bb4   Section        0  system_stm32f10x.o(.text.SystemInit)
    TimeBomb_armed                           0x08001c1d   Thumb Code   126  main.o(.text.TimeBomb_armed)
    [Anonymous Symbol]                       0x08001c1c   Section        0  main.o(.text.TimeBomb_armed)
    TimeBomb_blink                           0x08001c9d   Thumb Code   122  main.o(.text.TimeBomb_blink)
    [Anonymous Symbol]                       0x08001c9c   Section        0  main.o(.text.TimeBomb_blink)
    TimeBomb_boom                            0x08001d19   Thumb Code    66  main.o(.text.TimeBomb_boom)
    [Anonymous Symbol]                       0x08001d18   Section        0  main.o(.text.TimeBomb_boom)
    TimeBomb_ctor                            0x08001d5d   Thumb Code    38  main.o(.text.TimeBomb_ctor)
    [Anonymous Symbol]                       0x08001d5c   Section        0  main.o(.text.TimeBomb_ctor)
    TimeBomb_defused                         0x08001d85   Thumb Code   110  main.o(.text.TimeBomb_defused)
    [Anonymous Symbol]                       0x08001d84   Section        0  main.o(.text.TimeBomb_defused)
    TimeBomb_initial                         0x08001df5   Thumb Code    24  main.o(.text.TimeBomb_initial)
    [Anonymous Symbol]                       0x08001df4   Section        0  main.o(.text.TimeBomb_initial)
    TimeBomb_pause                           0x08001e0d   Thumb Code   136  main.o(.text.TimeBomb_pause)
    [Anonymous Symbol]                       0x08001e0c   Section        0  main.o(.text.TimeBomb_pause)
    TimeBomb_wait4button                     0x08001e95   Thumb Code   116  main.o(.text.TimeBomb_wait4button)
    [Anonymous Symbol]                       0x08001e94   Section        0  main.o(.text.TimeBomb_wait4button)
    [Anonymous Symbol]                       0x08001f08   Section        0  startup_stm32f1.o(.text.Unused_Handler)
    [Anonymous Symbol]                       0x08001f0c   Section        0  startup_stm32f1.o(.text.UsageFault_Handler)
    __NVIC_SetPriority                       0x08001f11   Thumb Code    66  bsp.o(.text.__NVIC_SetPriority)
    [Anonymous Symbol]                       0x08001f10   Section        0  bsp.o(.text.__NVIC_SetPriority)
    [Anonymous Symbol]                       0x08001f54   Section        0  main.o(.text.main)
    QActive_ctor.vtable                      0x08001fa0   Data          12  qf_qact.o(.rodata.QActive_ctor.vtable)
    [Anonymous Symbol]                       0x08001fa0   Section        0  qf_qact.o(.rodata.QActive_ctor.vtable)
    QHsm_ctor.vtable                         0x08001fc4   Data          12  qep_hsm.o(.rodata.QHsm_ctor.vtable)
    [Anonymous Symbol]                       0x08001fc4   Section        0  qep_hsm.o(.rodata.QHsm_ctor.vtable)
    Q_this_module_                           0x08001fd0   Data           8  qep_hsm.o(.rodata.Q_this_module_)
    [Anonymous Symbol]                       0x08001fd0   Section        0  qep_hsm.o(.rodata.Q_this_module_)
    Q_this_module_                           0x08001fd8   Data           8  qf_actq.o(.rodata.Q_this_module_)
    [Anonymous Symbol]                       0x08001fd8   Section        0  qf_actq.o(.rodata.Q_this_module_)
    Q_this_module_                           0x08001fe0   Data           7  qf_dyn.o(.rodata.Q_this_module_)
    [Anonymous Symbol]                       0x08001fe0   Section        0  qf_dyn.o(.rodata.Q_this_module_)
    Q_this_module_                           0x08001fe7   Data           7  qf_mem.o(.rodata.Q_this_module_)
    [Anonymous Symbol]                       0x08001fe7   Section        0  qf_mem.o(.rodata.Q_this_module_)
    Q_this_module_                           0x08001fee   Data           8  qf_qact.o(.rodata.Q_this_module_)
    [Anonymous Symbol]                       0x08001fee   Section        0  qf_qact.o(.rodata.Q_this_module_)
    Q_this_module_                           0x08001ff6   Data           8  qf_time.o(.rodata.Q_this_module_)
    [Anonymous Symbol]                       0x08001ff6   Section        0  qf_time.o(.rodata.Q_this_module_)
    Q_this_module_                           0x08001ffe   Data           3  qv.o(.rodata.Q_this_module_)
    [Anonymous Symbol]                       0x08001ffe   Section        0  qv.o(.rodata.Q_this_module_)
    SysTick_Handler.button2PressedEvt        0x08002002   Data           4  bsp.o(.rodata.SysTick_Handler.button2PressedEvt)
    [Anonymous Symbol]                       0x08002002   Section        0  bsp.o(.rodata.SysTick_Handler.button2PressedEvt)
    SysTick_Handler.button2ReleasedEvt       0x08002006   Data           4  bsp.o(.rodata.SysTick_Handler.button2ReleasedEvt)
    [Anonymous Symbol]                       0x08002006   Section        0  bsp.o(.rodata.SysTick_Handler.button2ReleasedEvt)
    SysTick_Handler.buttonPressedEvt         0x0800200a   Data           4  bsp.o(.rodata.SysTick_Handler.buttonPressedEvt)
    [Anonymous Symbol]                       0x0800200a   Section        0  bsp.o(.rodata.SysTick_Handler.buttonPressedEvt)
    SysTick_Handler.buttonReleasedEvt        0x0800200e   Data           4  bsp.o(.rodata.SysTick_Handler.buttonReleasedEvt)
    [Anonymous Symbol]                       0x0800200e   Section        0  bsp.o(.rodata.SysTick_Handler.buttonReleasedEvt)
    .bss                                     0x20000008   Section       96  libspace.o(.bss)
    SysTick_Handler.buttons                  0x20000150   Data           8  bsp.o(.bss.SysTick_Handler.buttons)
    [Anonymous Symbol]                       0x20000150   Section        0  bsp.o(.bss.SysTick_Handler.buttons)
    timeBomb                                 0x20000158   Data          64  main.o(.bss.timeBomb)
    [Anonymous Symbol]                       0x20000158   Section        0  main.o(.bss.timeBomb)
    timeBomb_queue                           0x20000198   Data          40  main.o(.bss.timeBomb_queue)
    [Anonymous Symbol]                       0x20000198   Section        0  main.o(.bss.timeBomb_queue)
    Heap_Mem                                 0x200001c0   Data           0  startup_stm32f10x_md.o(HEAP)
    Stack_Mem                                0x200001c0   Data        1024  startup_stm32f10x_md.o(STACK)
    HEAP                                     0x200001c0   Section        0  startup_stm32f10x_md.o(HEAP)
    STACK                                    0x200001c0   Section     1024  startup_stm32f10x_md.o(STACK)

    Global Symbols

    Symbol Name                              Value     Ov Type        Size  Object(Section)

    BuildAttributes$$THM_ISAv4$P$D$K$B$S$PE$A:L22UL41UL21$X:L11$S22US41US21$IEEE1$IW$~IW$USESV6$~STKCKD$USESV7$~SHL$OSPACE$ROPI$EBA8$UX$STANDARDLIB$REQ8$PRES8$EABIv2 0x00000000   Number         0  anon$$obj.o ABSOLUTE
    __fp_init_empty                          0x00000000   Number         0  fpinit_empty.o ABSOLUTE
    __ARM_exceptions_init                     - Undefined Weak Reference
    __alloca_initialize                       - Undefined Weak Reference
    __arm_preinit_                            - Undefined Weak Reference
    __arm_relocate_pie_                       - Undefined Weak Reference
    __cpp_initialize__aeabi_                  - Undefined Weak Reference
    __cxa_finalize                            - Undefined Weak Reference
    __rt_locale                               - Undefined Weak Reference
    __sigvec_lookup                           - Undefined Weak Reference
    _atexit_init                              - Undefined Weak Reference
    _call_atexit_fns                          - Undefined Weak Reference
    _clock_init                               - Undefined Weak Reference
    _fp_trap_init                             - Undefined Weak Reference
    _fp_trap_shutdown                         - Undefined Weak Reference
    _get_lc_collate                           - Undefined Weak Reference
    _get_lc_ctype                             - Undefined Weak Reference
    _get_lc_monetary                          - Undefined Weak Reference
    _get_lc_numeric                           - Undefined Weak Reference
    _get_lc_time                              - Undefined Weak Reference
    _getenv_init                              - Undefined Weak Reference
    _handle_redirection                       - Undefined Weak Reference
    _init_alloc                               - Undefined Weak Reference
    _init_user_alloc                          - Undefined Weak Reference
    _initio                                   - Undefined Weak Reference
    _rand_init                                - Undefined Weak Reference
    _signal_finish                            - Undefined Weak Reference
    _signal_init                              - Undefined Weak Reference
    _terminate_alloc                          - Undefined Weak Reference
    _terminate_user_alloc                     - Undefined Weak Reference
    _terminateio                              - Undefined Weak Reference
    __Vectors                                0x08000000   Data        1024  startup_stm32f1.o(RESET)
    __main                                   0x08000401   Thumb Code     8  __main.o(!!!main)
    __scatterload                            0x08000409   Thumb Code     0  __scatter.o(!!!scatter)
    __scatterload_rt2                        0x08000409   Thumb Code    84  __scatter.o(!!!scatter)
    __scatterload_rt2_thumb_only             0x08000409   Thumb Code     0  __scatter.o(!!!scatter)
    __scatterload_loop                       0x08000413   Thumb Code     0  __scatter.o(!!!scatter)
    __scatterload_copy                       0x08000465   Thumb Code    26  __scatter_copy.o(!!handler_copy)
    __scatterload_null                       0x08000481   Thumb Code     2  __scatter.o(!!handler_null)
    __scatterload_zeroinit                   0x08000485   Thumb Code    28  __scatter_zi.o(!!handler_zi)
    __rt_lib_init                            0x080004a1   Thumb Code     0  libinit.o(.ARM.Collect$$libinit$$00000000)
    __rt_lib_init_alloca_1                   0x080004a3   Thumb Code     0  libinit2.o(.ARM.Collect$$libinit$$00000030)
    __rt_lib_init_argv_1                     0x080004a3   Thumb Code     0  libinit2.o(.ARM.Collect$$libinit$$0000002E)
    __rt_lib_init_atexit_1                   0x080004a3   Thumb Code     0  libinit2.o(.ARM.Collect$$libinit$$0000001D)
    __rt_lib_init_clock_1                    0x080004a3   Thumb Code     0  libinit2.o(.ARM.Collect$$libinit$$00000023)
    __rt_lib_init_cpp_1                      0x080004a3   Thumb Code     0  libinit2.o(.ARM.Collect$$libinit$$00000034)
    __rt_lib_init_exceptions_1               0x080004a3   Thumb Code     0  libinit2.o(.ARM.Collect$$libinit$$00000032)
    __rt_lib_init_fp_1                       0x080004a3   Thumb Code     0  libinit2.o(.ARM.Collect$$libinit$$00000002)
    __rt_lib_init_fp_trap_1                  0x080004a3   Thumb Code     0  libinit2.o(.ARM.Collect$$libinit$$00000021)
    __rt_lib_init_getenv_1                   0x080004a3   Thumb Code     0  libinit2.o(.ARM.Collect$$libinit$$00000025)
    __rt_lib_init_heap_1                     0x080004a3   Thumb Code     0  libinit2.o(.ARM.Collect$$libinit$$0000000C)
    __rt_lib_init_lc_collate_1               0x080004a3   Thumb Code     0  libinit2.o(.ARM.Collect$$libinit$$00000013)
    __rt_lib_init_lc_ctype_1                 0x080004a3   Thumb Code     0  libinit2.o(.ARM.Collect$$libinit$$00000015)
    __rt_lib_init_lc_monetary_1              0x080004a3   Thumb Code     0  libinit2.o(.ARM.Collect$$libinit$$00000017)
    __rt_lib_init_lc_numeric_1               0x080004a3   Thumb Code     0  libinit2.o(.ARM.Collect$$libinit$$00000019)
    __rt_lib_init_lc_time_1                  0x080004a3   Thumb Code     0  libinit2.o(.ARM.Collect$$libinit$$0000001B)
    __rt_lib_init_preinit_1                  0x080004a3   Thumb Code     0  libinit2.o(.ARM.Collect$$libinit$$00000006)
    __rt_lib_init_rand_1                     0x080004a3   Thumb Code     0  libinit2.o(.ARM.Collect$$libinit$$00000010)
    __rt_lib_init_relocate_pie_1             0x080004a3   Thumb Code     0  libinit2.o(.ARM.Collect$$libinit$$00000004)
    __rt_lib_init_return                     0x080004a3   Thumb Code     0  libinit2.o(.ARM.Collect$$libinit$$00000035)
    __rt_lib_init_signal_1                   0x080004a3   Thumb Code     0  libinit2.o(.ARM.Collect$$libinit$$0000001F)
    __rt_lib_init_stdio_1                    0x080004a3   Thumb Code     0  libinit2.o(.ARM.Collect$$libinit$$00000027)
    __rt_lib_init_user_alloc_1               0x080004a3   Thumb Code     0  libinit2.o(.ARM.Collect$$libinit$$0000000E)
    __rt_lib_shutdown                        0x080004a5   Thumb Code     0  libshutdown.o(.ARM.Collect$$libshutdown$$00000000)
    __rt_lib_shutdown_cpp_1                  0x080004a7   Thumb Code     0  libshutdown2.o(.ARM.Collect$$libshutdown$$00000002)
    __rt_lib_shutdown_fp_trap_1              0x080004a7   Thumb Code     0  libshutdown2.o(.ARM.Collect$$libshutdown$$00000007)
    __rt_lib_shutdown_heap_1                 0x080004a7   Thumb Code     0  libshutdown2.o(.ARM.Collect$$libshutdown$$0000000F)
    __rt_lib_shutdown_return                 0x080004a7   Thumb Code     0  libshutdown2.o(.ARM.Collect$$libshutdown$$00000010)
    __rt_lib_shutdown_signal_1               0x080004a7   Thumb Code     0  libshutdown2.o(.ARM.Collect$$libshutdown$$0000000A)
    __rt_lib_shutdown_stdio_1                0x080004a7   Thumb Code     0  libshutdown2.o(.ARM.Collect$$libshutdown$$00000004)
    __rt_lib_shutdown_user_alloc_1           0x080004a7   Thumb Code     0  libshutdown2.o(.ARM.Collect$$libshutdown$$0000000C)
    __rt_entry                               0x080004a9   Thumb Code     0  __rtentry.o(.ARM.Collect$$rtentry$$00000000)
    __rt_entry_presh_1                       0x080004a9   Thumb Code     0  __rtentry2.o(.ARM.Collect$$rtentry$$00000002)
    __rt_entry_sh                            0x080004a9   Thumb Code     0  __rtentry4.o(.ARM.Collect$$rtentry$$00000004)
    __rt_entry_li                            0x080004af   Thumb Code     0  __rtentry2.o(.ARM.Collect$$rtentry$$0000000A)
    __rt_entry_postsh_1                      0x080004af   Thumb Code     0  __rtentry2.o(.ARM.Collect$$rtentry$$00000009)
    __rt_entry_main                          0x080004b3   Thumb Code     0  __rtentry2.o(.ARM.Collect$$rtentry$$0000000D)
    __rt_entry_postli_1                      0x080004b3   Thumb Code     0  __rtentry2.o(.ARM.Collect$$rtentry$$0000000C)
    __rt_exit                                0x080004bb   Thumb Code     0  rtexit.o(.ARM.Collect$$rtexit$$00000000)
    __rt_exit_ls                             0x080004bd   Thumb Code     0  rtexit2.o(.ARM.Collect$$rtexit$$00000003)
    __rt_exit_prels_1                        0x080004bd   Thumb Code     0  rtexit2.o(.ARM.Collect$$rtexit$$00000002)
    __rt_exit_exit                           0x080004c1   Thumb Code     0  rtexit2.o(.ARM.Collect$$rtexit$$00000004)
    Reset_Handler                            0x080004c9   Thumb Code     8  startup_stm32f10x_md.o(.text)
    __user_initial_stackheap                 0x080004d1   Thumb Code     0  startup_stm32f10x_md.o(.text)
    __use_two_region_memory                  0x080004f1   Thumb Code     2  heapauxi.o(.text)
    __rt_heap_escrow$2region                 0x080004f3   Thumb Code     2  heapauxi.o(.text)
    __rt_heap_expand$2region                 0x080004f5   Thumb Code     2  heapauxi.o(.text)
    __user_setup_stackheap                   0x080004f7   Thumb Code    74  sys_stackheap_outer.o(.text)
    exit                                     0x08000541   Thumb Code    18  exit.o(.text)
    __user_libspace                          0x08000555   Thumb Code     8  libspace.o(.text)
    __user_perproc_libspace                  0x08000555   Thumb Code     0  libspace.o(.text)
    __user_perthread_libspace                0x08000555   Thumb Code     0  libspace.o(.text)
    _sys_exit                                0x0800055d   Thumb Code     8  sys_exit.o(.text)
    __I$use$semihosting                      0x08000569   Thumb Code     0  use_no_semi.o(.text)
    __use_no_semihosting_swi                 0x08000569   Thumb Code     2  use_no_semi.o(.text)
    __semihosting_library_function           0x0800056b   Thumb Code     0  indicate_semi.o(.text)
    BSP_init                                 0x0800056d   Thumb Code    86  bsp.o(.text.BSP_init)
    BSP_ledGreenOff                          0x080005c5   Thumb Code    14  bsp.o(.text.BSP_ledGreenOff)
    BSP_ledGreenOn                           0x080005d5   Thumb Code    14  bsp.o(.text.BSP_ledGreenOn)
    BSP_ledOrangeOff                         0x080005e5   Thumb Code    14  bsp.o(.text.BSP_ledOrangeOff)
    BSP_ledOrangeOn                          0x080005f5   Thumb Code    14  bsp.o(.text.BSP_ledOrangeOn)
    BSP_ledYellowOff                         0x08000605   Thumb Code    14  bsp.o(.text.BSP_ledYellowOff)
    BSP_ledYellowOn                          0x08000615   Thumb Code    14  bsp.o(.text.BSP_ledYellowOn)
    BusFault_Handler                         0x08000625   Thumb Code     4  startup_stm32f1.o(.text.BusFault_Handler)
    HardFault_Handler                        0x08000629   Thumb Code     4  startup_stm32f1.o(.text.HardFault_Handler)
    MemManage_Handler                        0x0800062d   Thumb Code     4  startup_stm32f1.o(.text.MemManage_Handler)
    NMI_Handler                              0x08000631   Thumb Code     4  startup_stm32f1.o(.text.NMI_Handler)
    QActive_ctor                             0x08000635   Thumb Code    40  qf_qact.o(.text.QActive_ctor)
    QActive_get_                             0x0800065d   Thumb Code   166  qf_actq.o(.text.QActive_get_)
    QActive_post_                            0x08000705   Thumb Code   346  qf_actq.o(.text.QActive_post_)
    QActive_register_                        0x08000861   Thumb Code   330  qf_qact.o(.text.QActive_register_)
    QActive_start_                           0x080009ad   Thumb Code   106  qv.o(.text.QActive_start_)
    QEQueue_init                             0x08000a19   Thumb Code    64  qf_qeq.o(.text.QEQueue_init)
    QF_bzero_                                0x08000b49   Thumb Code    48  qf_act.o(.text.QF_bzero_)
    QF_crit_entry_                           0x08000b79   Thumb Code    24  qv_port.o(.text.QF_crit_entry_)
    QF_crit_exit_                            0x08000b99   Thumb Code    24  qv_port.o(.text.QF_crit_exit_)
    QF_gc                                    0x08000bb9   Thumb Code   164  qf_dyn.o(.text.QF_gc)
    QF_init                                  0x08000c5d   Thumb Code   122  qv.o(.text.QF_init)
    QF_int_disable_                          0x08000cd9   Thumb Code    24  qv_port.o(.text.QF_int_disable_)
    QF_int_enable_                           0x08000cf9   Thumb Code    24  qv_port.o(.text.QF_int_enable_)
    QF_onStartup                             0x08000d19   Thumb Code    42  bsp.o(.text.QF_onStartup)
    QF_run                                   0x08000d45   Thumb Code   250  qv.o(.text.QF_run)
    QHsm_ctor                                0x08000e41   Thumb Code    40  qep_hsm.o(.text.QHsm_ctor)
    QHsm_dispatch_                           0x08000e69   Thumb Code   532  qep_hsm.o(.text.QHsm_dispatch_)
    QHsm_init_                               0x0800107d   Thumb Code   334  qep_hsm.o(.text.QHsm_init_)
    QHsm_isIn_                               0x080011cd   Thumb Code   214  qep_hsm.o(.text.QHsm_isIn_)
    QHsm_top                                 0x080012a5   Thumb Code    12  qep_hsm.o(.text.QHsm_top)
    QHsm_tran_                               0x080012b1   Thumb Code   644  qep_hsm.o(.text.QHsm_tran_)
    QMPool_put                               0x08001535   Thumb Code   110  qf_mem.o(.text.QMPool_put)
    QTimeEvt_armX                            0x08001649   Thumb Code   166  qf_time.o(.text.QTimeEvt_armX)
    QTimeEvt_ctorX                           0x080016f1   Thumb Code    92  qf_time.o(.text.QTimeEvt_ctorX)
    QTimeEvt_tick_                           0x0800174d   Thumb Code   382  qf_time.o(.text.QTimeEvt_tick_)
    QV_init                                  0x080018cd   Thumb Code    64  qv_port.o(.text.QV_init)
    QV_onIdle                                0x0800190d   Thumb Code     8  bsp.o(.text.QV_onIdle)
    Q_onError                                0x08001915   Thumb Code    22  bsp.o(.text.Q_onError)
    SysTick_Handler                          0x08001aad   Thumb Code   264  bsp.o(.text.SysTick_Handler)
    SystemInit                               0x08001bb5   Thumb Code   102  system_stm32f10x.o(.text.SystemInit)
    ADC1_2_IRQHandler                        0x08001f09   Thumb Code     4  startup_stm32f1.o(.text.Unused_Handler)
    ADC3_IRQHandler                          0x08001f09   Thumb Code     4  startup_stm32f1.o(.text.Unused_Handler)
    CAN_RX1_IRQHandler                       0x08001f09   Thumb Code     4  startup_stm32f1.o(.text.Unused_Handler)
    CAN_SCE_IRQHandler                       0x08001f09   Thumb Code     4  startup_stm32f1.o(.text.Unused_Handler)
    DMA1_Channel1_IRQHandler                 0x08001f09   Thumb Code     4  startup_stm32f1.o(.text.Unused_Handler)
    DMA1_Channel2_IRQHandler                 0x08001f09   Thumb Code     4  startup_stm32f1.o(.text.Unused_Handler)
    DMA1_Channel3_IRQHandler                 0x08001f09   Thumb Code     4  startup_stm32f1.o(.text.Unused_Handler)
    DMA1_Channel4_IRQHandler                 0x08001f09   Thumb Code     4  startup_stm32f1.o(.text.Unused_Handler)
    DMA1_Channel5_IRQHandler                 0x08001f09   Thumb Code     4  startup_stm32f1.o(.text.Unused_Handler)
    DMA1_Channel6_IRQHandler                 0x08001f09   Thumb Code     4  startup_stm32f1.o(.text.Unused_Handler)
    DMA1_Channel7_IRQHandler                 0x08001f09   Thumb Code     4  startup_stm32f1.o(.text.Unused_Handler)
    DMA2_Channel1_IRQHandler                 0x08001f09   Thumb Code     4  startup_stm32f1.o(.text.Unused_Handler)
    DMA2_Channel2_IRQHandler                 0x08001f09   Thumb Code     4  startup_stm32f1.o(.text.Unused_Handler)
    DMA2_Channel3_IRQHandler                 0x08001f09   Thumb Code     4  startup_stm32f1.o(.text.Unused_Handler)
    DMA2_Channel4_5_IRQHandler               0x08001f09   Thumb Code     4  startup_stm32f1.o(.text.Unused_Handler)
    DebugMon_Handler                         0x08001f09   Thumb Code     4  startup_stm32f1.o(.text.Unused_Handler)
    EXTI0_IRQHandler                         0x08001f09   Thumb Code     4  startup_stm32f1.o(.text.Unused_Handler)
    EXTI15_10_IRQHandler                     0x08001f09   Thumb Code     4  startup_stm32f1.o(.text.Unused_Handler)
    EXTI1_IRQHandler                         0x08001f09   Thumb Code     4  startup_stm32f1.o(.text.Unused_Handler)
    EXTI2_IRQHandler                         0x08001f09   Thumb Code     4  startup_stm32f1.o(.text.Unused_Handler)
    EXTI3_IRQHandler                         0x08001f09   Thumb Code     4  startup_stm32f1.o(.text.Unused_Handler)
    EXTI4_IRQHandler                         0x08001f09   Thumb Code     4  startup_stm32f1.o(.text.Unused_Handler)
    EXTI9_5_IRQHandler                       0x08001f09   Thumb Code     4  startup_stm32f1.o(.text.Unused_Handler)
    FLASH_IRQHandler                         0x08001f09   Thumb Code     4  startup_stm32f1.o(.text.Unused_Handler)
    FSMC_IRQHandler                          0x08001f09   Thumb Code     4  startup_stm32f1.o(.text.Unused_Handler)
    I2C1_ER_IRQHandler                       0x08001f09   Thumb Code     4  startup_stm32f1.o(.text.Unused_Handler)
    I2C1_EV_IRQHandler                       0x08001f09   Thumb Code     4  startup_stm32f1.o(.text.Unused_Handler)
    I2C2_ER_IRQHandler                       0x08001f09   Thumb Code     4  startup_stm32f1.o(.text.Unused_Handler)
    I2C2_EV_IRQHandler                       0x08001f09   Thumb Code     4  startup_stm32f1.o(.text.Unused_Handler)
    PVD_IRQHandler                           0x08001f09   Thumb Code     4  startup_stm32f1.o(.text.Unused_Handler)
    PendSV_Handler                           0x08001f09   Thumb Code     4  startup_stm32f1.o(.text.Unused_Handler)
    RCC_IRQHandler                           0x08001f09   Thumb Code     4  startup_stm32f1.o(.text.Unused_Handler)
    RTCAlarm_IRQHandler                      0x08001f09   Thumb Code     4  startup_stm32f1.o(.text.Unused_Handler)
    RTC_IRQHandler                           0x08001f09   Thumb Code     4  startup_stm32f1.o(.text.Unused_Handler)
    SDIO_IRQHandler                          0x08001f09   Thumb Code     4  startup_stm32f1.o(.text.Unused_Handler)
    SPI1_IRQHandler                          0x08001f09   Thumb Code     4  startup_stm32f1.o(.text.Unused_Handler)
    SPI2_IRQHandler                          0x08001f09   Thumb Code     4  startup_stm32f1.o(.text.Unused_Handler)
    SPI3_IRQHandler                          0x08001f09   Thumb Code     4  startup_stm32f1.o(.text.Unused_Handler)
    SVC_Handler                              0x08001f09   Thumb Code     4  startup_stm32f1.o(.text.Unused_Handler)
    TAMPER_IRQHandler                        0x08001f09   Thumb Code     4  startup_stm32f1.o(.text.Unused_Handler)
    TIM1_BRK_IRQHandler                      0x08001f09   Thumb Code     4  startup_stm32f1.o(.text.Unused_Handler)
    TIM1_CC_IRQHandler                       0x08001f09   Thumb Code     4  startup_stm32f1.o(.text.Unused_Handler)
    TIM1_TRG_COM_IRQHandler                  0x08001f09   Thumb Code     4  startup_stm32f1.o(.text.Unused_Handler)
    TIM1_UP_IRQHandler                       0x08001f09   Thumb Code     4  startup_stm32f1.o(.text.Unused_Handler)
    TIM2_IRQHandler                          0x08001f09   Thumb Code     4  startup_stm32f1.o(.text.Unused_Handler)
    TIM3_IRQHandler                          0x08001f09   Thumb Code     4  startup_stm32f1.o(.text.Unused_Handler)
    TIM4_IRQHandler                          0x08001f09   Thumb Code     4  startup_stm32f1.o(.text.Unused_Handler)
    TIM5_IRQHandler                          0x08001f09   Thumb Code     4  startup_stm32f1.o(.text.Unused_Handler)
    TIM6_IRQHandler                          0x08001f09   Thumb Code     4  startup_stm32f1.o(.text.Unused_Handler)
    TIM7_IRQHandler                          0x08001f09   Thumb Code     4  startup_stm32f1.o(.text.Unused_Handler)
    TIM8_BRK_IRQHandler                      0x08001f09   Thumb Code     4  startup_stm32f1.o(.text.Unused_Handler)
    TIM8_CC_IRQHandler                       0x08001f09   Thumb Code     4  startup_stm32f1.o(.text.Unused_Handler)
    TIM8_TRG_COM_IRQHandler                  0x08001f09   Thumb Code     4  startup_stm32f1.o(.text.Unused_Handler)
    TIM8_UP_IRQHandler                       0x08001f09   Thumb Code     4  startup_stm32f1.o(.text.Unused_Handler)
    UART4_IRQHandler                         0x08001f09   Thumb Code     4  startup_stm32f1.o(.text.Unused_Handler)
    UART5_IRQHandler                         0x08001f09   Thumb Code     4  startup_stm32f1.o(.text.Unused_Handler)
    USART1_IRQHandler                        0x08001f09   Thumb Code     4  startup_stm32f1.o(.text.Unused_Handler)
    USART2_IRQHandler                        0x08001f09   Thumb Code     4  startup_stm32f1.o(.text.Unused_Handler)
    USART3_IRQHandler                        0x08001f09   Thumb Code     4  startup_stm32f1.o(.text.Unused_Handler)
    USBWakeup_IRQHandler                     0x08001f09   Thumb Code     4  startup_stm32f1.o(.text.Unused_Handler)
    USB_HP_CAN_TX_IRQHandler                 0x08001f09   Thumb Code     4  startup_stm32f1.o(.text.Unused_Handler)
    USB_LP_CAN_RX0_IRQHandler                0x08001f09   Thumb Code     4  startup_stm32f1.o(.text.Unused_Handler)
    Unused_Handler                           0x08001f09   Thumb Code     4  startup_stm32f1.o(.text.Unused_Handler)
    WWDG_IRQHandler                          0x08001f09   Thumb Code     4  startup_stm32f1.o(.text.Unused_Handler)
    UsageFault_Handler                       0x08001f0d   Thumb Code     4  startup_stm32f1.o(.text.UsageFault_Handler)
    main                                     0x08001f55   Thumb Code    76  main.o(.text.main)
    QEvt_reserved_                           0x08001fac   Data          16  qep_hsm.o(.rodata.QEvt_reserved_)
    QF_port_module_                          0x08001fbc   Data           8  qv_port.o(.rodata.QF_port_module_)
    Region$$Table$$Base                      0x08002014   Number         0  anon$$obj.o(Region$$Table)
    Region$$Table$$Limit                     0x08002034   Number         0  anon$$obj.o(Region$$Table)
    AO_TimeBomb                              0x20000000   Data           4  main.o(.data.AO_TimeBomb)
    SystemCoreClock                          0x20000004   Data           4  system_stm32f10x.o(.data.SystemCoreClock)
    __libspace_start                         0x20000008   Data          96  libspace.o(.bss)
    QActive_registry_                        0x20000068   Data         132  qf_act.o(.bss.QActive_registry_)
    __temporary_stack_top$libspace           0x20000068   Data           0  libspace.o(.bss)
    QF_priv_                                 0x200000ec   Data          64  qf_act.o(.bss.QF_priv_)
    QTimeEvt_timeEvtHead_                    0x2000012c   Data          20  qf_time.o(.bss.QTimeEvt_timeEvtHead_)
    QV_priv_                                 0x20000140   Data          16  qv.o(.bss.QV_priv_)
    __INITIAL_SP                             0x200005c0   Data           0  startup_stm32f10x_md.o(STACK)



==============================================================================

Memory Map of the image

  Image Entry point : 0x08000401

  Load Region LR_IROM1 (Base: 0x08000000, Size: 0x00002040, Max: 0x00010000, ABSOLUTE)

    Execution Region ER_IROM1 (Exec base: 0x08000000, Load base: 0x08000000, Size: 0x00002034, Max: 0x00010000, ABSOLUTE)

    Exec Addr    Load Addr    Size         Type   Attr      Idx    E Section Name        Object

    0x08000000   0x08000000   0x00000400   Data   RO           83    RESET               startup_stm32f1.o
    0x08000400   0x08000400   0x00000008   Code   RO          445  * !!!main             c_w.l(__main.o)
    0x08000408   0x08000408   0x0000005c   Code   RO          610    !!!scatter          c_w.l(__scatter.o)
    0x08000464   0x08000464   0x0000001a   Code   RO          614    !!handler_copy      c_w.l(__scatter_copy.o)
    0x0800047e   0x0800047e   0x00000002   PAD
    0x08000480   0x08000480   0x00000002   Code   RO          611    !!handler_null      c_w.l(__scatter.o)
    0x08000482   0x08000482   0x00000002   PAD
    0x08000484   0x08000484   0x0000001c   Code   RO          616    !!handler_zi        c_w.l(__scatter_zi.o)
    0x080004a0   0x080004a0   0x00000002   Code   RO          472    .ARM.Collect$$libinit$$00000000  c_w.l(libinit.o)
    0x080004a2   0x080004a2   0x00000000   Code   RO          479    .ARM.Collect$$libinit$$00000002  c_w.l(libinit2.o)
    0x080004a2   0x080004a2   0x00000000   Code   RO          481    .ARM.Collect$$libinit$$00000004  c_w.l(libinit2.o)
    0x080004a2   0x080004a2   0x00000000   Code   RO          483    .ARM.Collect$$libinit$$00000006  c_w.l(libinit2.o)
    0x080004a2   0x080004a2   0x00000000   Code   RO          486    .ARM.Collect$$libinit$$0000000C  c_w.l(libinit2.o)
    0x080004a2   0x080004a2   0x00000000   Code   RO          488    .ARM.Collect$$libinit$$0000000E  c_w.l(libinit2.o)
    0x080004a2   0x080004a2   0x00000000   Code   RO          490    .ARM.Collect$$libinit$$00000010  c_w.l(libinit2.o)
    0x080004a2   0x080004a2   0x00000000   Code   RO          493    .ARM.Collect$$libinit$$00000013  c_w.l(libinit2.o)
    0x080004a2   0x080004a2   0x00000000   Code   RO          495    .ARM.Collect$$libinit$$00000015  c_w.l(libinit2.o)
    0x080004a2   0x080004a2   0x00000000   Code   RO          497    .ARM.Collect$$libinit$$00000017  c_w.l(libinit2.o)
    0x080004a2   0x080004a2   0x00000000   Code   RO          499    .ARM.Collect$$libinit$$00000019  c_w.l(libinit2.o)
    0x080004a2   0x080004a2   0x00000000   Code   RO          501    .ARM.Collect$$libinit$$0000001B  c_w.l(libinit2.o)
    0x080004a2   0x080004a2   0x00000000   Code   RO          503    .ARM.Collect$$libinit$$0000001D  c_w.l(libinit2.o)
    0x080004a2   0x080004a2   0x00000000   Code   RO          505    .ARM.Collect$$libinit$$0000001F  c_w.l(libinit2.o)
    0x080004a2   0x080004a2   0x00000000   Code   RO          507    .ARM.Collect$$libinit$$00000021  c_w.l(libinit2.o)
    0x080004a2   0x080004a2   0x00000000   Code   RO          509    .ARM.Collect$$libinit$$00000023  c_w.l(libinit2.o)
    0x080004a2   0x080004a2   0x00000000   Code   RO          511    .ARM.Collect$$libinit$$00000025  c_w.l(libinit2.o)
    0x080004a2   0x080004a2   0x00000000   Code   RO          513    .ARM.Collect$$libinit$$00000027  c_w.l(libinit2.o)
    0x080004a2   0x080004a2   0x00000000   Code   RO          517    .ARM.Collect$$libinit$$0000002E  c_w.l(libinit2.o)
    0x080004a2   0x080004a2   0x00000000   Code   RO          519    .ARM.Collect$$libinit$$00000030  c_w.l(libinit2.o)
    0x080004a2   0x080004a2   0x00000000   Code   RO          521    .ARM.Collect$$libinit$$00000032  c_w.l(libinit2.o)
    0x080004a2   0x080004a2   0x00000000   Code   RO          523    .ARM.Collect$$libinit$$00000034  c_w.l(libinit2.o)
    0x080004a2   0x080004a2   0x00000002   Code   RO          524    .ARM.Collect$$libinit$$00000035  c_w.l(libinit2.o)
    0x080004a4   0x080004a4   0x00000002   Code   RO          546    .ARM.Collect$$libshutdown$$00000000  c_w.l(libshutdown.o)
    0x080004a6   0x080004a6   0x00000000   Code   RO          561    .ARM.Collect$$libshutdown$$00000002  c_w.l(libshutdown2.o)
    0x080004a6   0x080004a6   0x00000000   Code   RO          563    .ARM.Collect$$libshutdown$$00000004  c_w.l(libshutdown2.o)
    0x080004a6   0x080004a6   0x00000000   Code   RO          566    .ARM.Collect$$libshutdown$$00000007  c_w.l(libshutdown2.o)
    0x080004a6   0x080004a6   0x00000000   Code   RO          569    .ARM.Collect$$libshutdown$$0000000A  c_w.l(libshutdown2.o)
    0x080004a6   0x080004a6   0x00000000   Code   RO          571    .ARM.Collect$$libshutdown$$0000000C  c_w.l(libshutdown2.o)
    0x080004a6   0x080004a6   0x00000000   Code   RO          574    .ARM.Collect$$libshutdown$$0000000F  c_w.l(libshutdown2.o)
    0x080004a6   0x080004a6   0x00000002   Code   RO          575    .ARM.Collect$$libshutdown$$00000010  c_w.l(libshutdown2.o)
    0x080004a8   0x080004a8   0x00000000   Code   RO          447    .ARM.Collect$$rtentry$$00000000  c_w.l(__rtentry.o)
    0x080004a8   0x080004a8   0x00000000   Code   RO          449    .ARM.Collect$$rtentry$$00000002  c_w.l(__rtentry2.o)
    0x080004a8   0x080004a8   0x00000006   Code   RO          461    .ARM.Collect$$rtentry$$00000004  c_w.l(__rtentry4.o)
    0x080004ae   0x080004ae   0x00000000   Code   RO          451    .ARM.Collect$$rtentry$$00000009  c_w.l(__rtentry2.o)
    0x080004ae   0x080004ae   0x00000004   Code   RO          452    .ARM.Collect$$rtentry$$0000000A  c_w.l(__rtentry2.o)
    0x080004b2   0x080004b2   0x00000000   Code   RO          454    .ARM.Collect$$rtentry$$0000000C  c_w.l(__rtentry2.o)
    0x080004b2   0x080004b2   0x00000008   Code   RO          455    .ARM.Collect$$rtentry$$0000000D  c_w.l(__rtentry2.o)
    0x080004ba   0x080004ba   0x00000002   Code   RO          476    .ARM.Collect$$rtexit$$00000000  c_w.l(rtexit.o)
    0x080004bc   0x080004bc   0x00000000   Code   RO          526    .ARM.Collect$$rtexit$$00000002  c_w.l(rtexit2.o)
    0x080004bc   0x080004bc   0x00000004   Code   RO          527    .ARM.Collect$$rtexit$$00000003  c_w.l(rtexit2.o)
    0x080004c0   0x080004c0   0x00000006   Code   RO          528    .ARM.Collect$$rtexit$$00000004  c_w.l(rtexit2.o)
    0x080004c6   0x080004c6   0x00000002   PAD
    0x080004c8   0x080004c8   0x00000028   Code   RO          418    .text               startup_stm32f10x_md.o
    0x080004f0   0x080004f0   0x00000006   Code   RO          443    .text               c_w.l(heapauxi.o)
    0x080004f6   0x080004f6   0x0000004a   Code   RO          463    .text               c_w.l(sys_stackheap_outer.o)
    0x08000540   0x08000540   0x00000012   Code   RO          465    .text               c_w.l(exit.o)
    0x08000552   0x08000552   0x00000002   PAD
    0x08000554   0x08000554   0x00000008   Code   RO          473    .text               c_w.l(libspace.o)
    0x0800055c   0x0800055c   0x0000000c   Code   RO          536    .text               c_w.l(sys_exit.o)
    0x08000568   0x08000568   0x00000002   Code   RO          551    .text               c_w.l(use_no_semi.o)
    0x0800056a   0x0800056a   0x00000000   Code   RO          553    .text               c_w.l(indicate_semi.o)
    0x0800056a   0x0800056a   0x00000002   PAD
    0x0800056c   0x0800056c   0x00000056   Code   RO           35    .text.BSP_init      bsp.o
    0x080005c2   0x080005c2   0x00000002   PAD
    0x080005c4   0x080005c4   0x0000000e   Code   RO           47    .text.BSP_ledGreenOff  bsp.o
    0x080005d2   0x080005d2   0x00000002   PAD
    0x080005d4   0x080005d4   0x0000000e   Code   RO           45    .text.BSP_ledGreenOn  bsp.o
    0x080005e2   0x080005e2   0x00000002   PAD
    0x080005e4   0x080005e4   0x0000000e   Code   RO           55    .text.BSP_ledOrangeOff  bsp.o
    0x080005f2   0x080005f2   0x00000002   PAD
    0x080005f4   0x080005f4   0x0000000e   Code   RO           53    .text.BSP_ledOrangeOn  bsp.o
    0x08000602   0x08000602   0x00000002   PAD
    0x08000604   0x08000604   0x0000000e   Code   RO           51    .text.BSP_ledYellowOff  bsp.o
    0x08000612   0x08000612   0x00000002   PAD
    0x08000614   0x08000614   0x0000000e   Code   RO           49    .text.BSP_ledYellowOn  bsp.o
    0x08000622   0x08000622   0x00000002   PAD
    0x08000624   0x08000624   0x00000004   Code   RO           77    .text.BusFault_Handler  startup_stm32f1.o
    0x08000628   0x08000628   0x00000004   Code   RO           73    .text.HardFault_Handler  startup_stm32f1.o
    0x0800062c   0x0800062c   0x00000004   Code   RO           75    .text.MemManage_Handler  startup_stm32f1.o
    0x08000630   0x08000630   0x00000004   Code   RO           71    .text.NMI_Handler   startup_stm32f1.o
    0x08000634   0x08000634   0x00000028   Code   RO          296    .text.QActive_ctor  qf_qact.o
    0x0800065c   0x0800065c   0x000000a6   Code   RO          172    .text.QActive_get_  qf_actq.o
    0x08000702   0x08000702   0x00000002   PAD
    0x08000704   0x08000704   0x0000015a   Code   RO          158    .text.QActive_post_  qf_actq.o
    0x0800085e   0x0800085e   0x00000002   PAD
    0x08000860   0x08000860   0x0000014a   Code   RO          298    .text.QActive_register_  qf_qact.o
    0x080009aa   0x080009aa   0x00000002   PAD
    0x080009ac   0x080009ac   0x0000006a   Code   RO          388    .text.QActive_start_  qv.o
    0x08000a16   0x08000a16   0x00000002   PAD
    0x08000a18   0x08000a18   0x00000040   Code   RO          311    .text.QEQueue_init  qf_qeq.o
    0x08000a58   0x08000a58   0x00000010   Code   RO          162    .text.QEvt_getPoolId_  qf_actq.o
    0x08000a68   0x08000a68   0x00000010   Code   RO          224    .text.QEvt_getPoolId_  qf_dyn.o
    0x08000a78   0x08000a78   0x00000010   Code   RO          226    .text.QEvt_refCtr_dec_  qf_dyn.o
    0x08000a88   0x08000a88   0x00000010   Code   RO          164    .text.QEvt_refCtr_inc_  qf_actq.o
    0x08000a98   0x08000a98   0x0000002c   Code   RO          101    .text.QEvt_verify_  qep_hsm.o
    0x08000ac4   0x08000ac4   0x0000002c   Code   RO          160    .text.QEvt_verify_  qf_actq.o
    0x08000af0   0x08000af0   0x0000002c   Code   RO          222    .text.QEvt_verify_  qf_dyn.o
    0x08000b1c   0x08000b1c   0x0000002c   Code   RO          355    .text.QEvt_verify_  qf_time.o
    0x08000b48   0x08000b48   0x00000030   Code   RO          148    .text.QF_bzero_     qf_act.o
    0x08000b78   0x08000b78   0x00000020   Code   RO          403    .text.QF_crit_entry_  qv_port.o
    0x08000b98   0x08000b98   0x00000020   Code   RO          405    .text.QF_crit_exit_  qv_port.o
    0x08000bb8   0x08000bb8   0x000000a4   Code   RO          220    .text.QF_gc         qf_dyn.o
    0x08000c5c   0x08000c5c   0x0000007a   Code   RO          372    .text.QF_init       qv.o
    0x08000cd6   0x08000cd6   0x00000002   PAD
    0x08000cd8   0x08000cd8   0x00000020   Code   RO          399    .text.QF_int_disable_  qv_port.o
    0x08000cf8   0x08000cf8   0x00000020   Code   RO          401    .text.QF_int_enable_  qv_port.o
    0x08000d18   0x08000d18   0x0000002a   Code   RO           37    .text.QF_onStartup  bsp.o
    0x08000d42   0x08000d42   0x00000002   PAD
    0x08000d44   0x08000d44   0x000000fa   Code   RO          378    .text.QF_run        qv.o
    0x08000e3e   0x08000e3e   0x00000002   PAD
    0x08000e40   0x08000e40   0x00000028   Code   RO           91    .text.QHsm_ctor     qep_hsm.o
    0x08000e68   0x08000e68   0x00000214   Code   RO           95    .text.QHsm_dispatch_  qep_hsm.o
    0x0800107c   0x0800107c   0x0000014e   Code   RO           93    .text.QHsm_init_    qep_hsm.o
    0x080011ca   0x080011ca   0x00000002   PAD
    0x080011cc   0x080011cc   0x000000d6   Code   RO           97    .text.QHsm_isIn_    qep_hsm.o
    0x080012a2   0x080012a2   0x00000002   PAD
    0x080012a4   0x080012a4   0x0000000c   Code   RO           99    .text.QHsm_top      qep_hsm.o
    0x080012b0   0x080012b0   0x00000284   Code   RO          103    .text.QHsm_tran_    qep_hsm.o
    0x08001534   0x08001534   0x0000006e   Code   RO          246    .text.QMPool_put    qf_mem.o
    0x080015a2   0x080015a2   0x00000002   PAD
    0x080015a4   0x080015a4   0x00000014   Code   RO          384    .text.QPSet_findMax  qv.o
    0x080015b8   0x080015b8   0x0000001a   Code   RO          166    .text.QPSet_insert  qf_actq.o
    0x080015d2   0x080015d2   0x00000002   PAD
    0x080015d4   0x080015d4   0x00000012   Code   RO          382    .text.QPSet_notEmpty  qv.o
    0x080015e6   0x080015e6   0x00000002   PAD
    0x080015e8   0x080015e8   0x0000001a   Code   RO          386    .text.QPSet_remove  qv.o
    0x08001602   0x08001602   0x00000002   PAD
    0x08001604   0x08001604   0x00000014   Code   RO          168    .text.QPSet_update_  qf_actq.o
    0x08001618   0x08001618   0x00000014   Code   RO          374    .text.QPSet_update_  qv.o
    0x0800162c   0x0800162c   0x0000001c   Code   RO          380    .text.QPSet_verify_  qv.o
    0x08001648   0x08001648   0x000000a6   Code   RO          343    .text.QTimeEvt_armX  qf_time.o
    0x080016ee   0x080016ee   0x00000002   PAD
    0x080016f0   0x080016f0   0x0000005c   Code   RO          341    .text.QTimeEvt_ctorX  qf_time.o
    0x0800174c   0x0800174c   0x0000017e   Code   RO          353    .text.QTimeEvt_tick_  qf_time.o
    0x080018ca   0x080018ca   0x00000002   PAD
    0x080018cc   0x080018cc   0x00000040   Code   RO          407    .text.QV_init       qv_port.o
    0x0800190c   0x0800190c   0x00000008   Code   RO           33    .text.QV_onIdle     bsp.o
    0x08001914   0x08001914   0x00000016   Code   RO           57    .text.Q_onError     bsp.o
    0x0800192a   0x0800192a   0x00000002   PAD
    0x0800192c   0x0800192c   0x00000008   Code   RO          427    .text.SetSysClock   system_stm32f10x.o
    0x08001934   0x08001934   0x00000122   Code   RO          431    .text.SetSysClockTo72  system_stm32f10x.o
    0x08001a56   0x08001a56   0x00000002   PAD
    0x08001a58   0x08001a58   0x00000052   Code   RO           39    .text.SysTick_Config  bsp.o
    0x08001aaa   0x08001aaa   0x00000002   PAD
    0x08001aac   0x08001aac   0x00000108   Code   RO           31    .text.SysTick_Handler  bsp.o
    0x08001bb4   0x08001bb4   0x00000066   Code   RO          425    .text.SystemInit    system_stm32f10x.o
    0x08001c1a   0x08001c1a   0x00000002   PAD
    0x08001c1c   0x08001c1c   0x0000007e   Code   RO           12    .text.TimeBomb_armed  main.o
    0x08001c9a   0x08001c9a   0x00000002   PAD
    0x08001c9c   0x08001c9c   0x0000007a   Code   RO           10    .text.TimeBomb_blink  main.o
    0x08001d16   0x08001d16   0x00000002   PAD
    0x08001d18   0x08001d18   0x00000042   Code   RO           16    .text.TimeBomb_boom  main.o
    0x08001d5a   0x08001d5a   0x00000002   PAD
    0x08001d5c   0x08001d5c   0x00000026   Code   RO            4    .text.TimeBomb_ctor  main.o
    0x08001d82   0x08001d82   0x00000002   PAD
    0x08001d84   0x08001d84   0x0000006e   Code   RO           18    .text.TimeBomb_defused  main.o
    0x08001df2   0x08001df2   0x00000002   PAD
    0x08001df4   0x08001df4   0x00000018   Code   RO            6    .text.TimeBomb_initial  main.o
    0x08001e0c   0x08001e0c   0x00000088   Code   RO           14    .text.TimeBomb_pause  main.o
    0x08001e94   0x08001e94   0x00000074   Code   RO            8    .text.TimeBomb_wait4button  main.o
    0x08001f08   0x08001f08   0x00000004   Code   RO           81    .text.Unused_Handler  startup_stm32f1.o
    0x08001f0c   0x08001f0c   0x00000004   Code   RO           79    .text.UsageFault_Handler  startup_stm32f1.o
    0x08001f10   0x08001f10   0x00000042   Code   RO           41    .text.__NVIC_SetPriority  bsp.o
    0x08001f52   0x08001f52   0x00000002   PAD
    0x08001f54   0x08001f54   0x0000004c   Code   RO            2    .text.main          main.o
    0x08001fa0   0x08001fa0   0x0000000c   Data   RO          302    .rodata.QActive_ctor.vtable  qf_qact.o
    0x08001fac   0x08001fac   0x00000010   Data   RO          108    .rodata.QEvt_reserved_  qep_hsm.o
    0x08001fbc   0x08001fbc   0x00000008   Data   RO          409    .rodata.QF_port_module_  qv_port.o
    0x08001fc4   0x08001fc4   0x0000000c   Data   RO          109    .rodata.QHsm_ctor.vtable  qep_hsm.o
    0x08001fd0   0x08001fd0   0x00000008   Data   RO          110    .rodata.Q_this_module_  qep_hsm.o
    0x08001fd8   0x08001fd8   0x00000008   Data   RO          184    .rodata.Q_this_module_  qf_actq.o
    0x08001fe0   0x08001fe0   0x00000007   Data   RO          234    .rodata.Q_this_module_  qf_dyn.o
    0x08001fe7   0x08001fe7   0x00000007   Data   RO          248    .rodata.Q_this_module_  qf_mem.o
    0x08001fee   0x08001fee   0x00000008   Data   RO          303    .rodata.Q_this_module_  qf_qact.o
    0x08001ff6   0x08001ff6   0x00000008   Data   RO          359    .rodata.Q_this_module_  qf_time.o
    0x08001ffe   0x08001ffe   0x00000003   Data   RO          391    .rodata.Q_this_module_  qv.o
    0x08002001   0x08002001   0x00000001   PAD
    0x08002002   0x08002002   0x00000004   Data   RO           62    .rodata.SysTick_Handler.button2PressedEvt  bsp.o
    0x08002006   0x08002006   0x00000004   Data   RO           63    .rodata.SysTick_Handler.button2ReleasedEvt  bsp.o
    0x0800200a   0x0800200a   0x00000004   Data   RO           60    .rodata.SysTick_Handler.buttonPressedEvt  bsp.o
    0x0800200e   0x0800200e   0x00000004   Data   RO           61    .rodata.SysTick_Handler.buttonReleasedEvt  bsp.o
    0x08002012   0x08002012   0x00000002   PAD
    0x08002014   0x08002014   0x00000020   Data   RO          609    Region$$Table       anon$$obj.o


    Execution Region RW_IRAM1 (Exec base: 0x20000000, Load base: 0x08002038, Size: 0x000005c0, Max: 0x00005000, ABSOLUTE)

    Exec Addr    Load Addr    Size         Type   Attr      Idx    E Section Name        Object

    0x20000000   0x08002038   0x00000004   Data   RW           21    .data.AO_TimeBomb   main.o
    0x20000004   0x0800203c   0x00000004   Data   RW          433    .data.SystemCoreClock  system_stm32f10x.o
    0x20000008        -       0x00000060   Zero   RW          474    .bss                c_w.l(libspace.o)
    0x20000068        -       0x00000084   Zero   RW          150    .bss.QActive_registry_  qf_act.o
    0x200000ec        -       0x00000040   Zero   RW          151    .bss.QF_priv_       qf_act.o
    0x2000012c        -       0x00000014   Zero   RW          360    .bss.QTimeEvt_timeEvtHead_  qf_time.o
    0x20000140        -       0x00000010   Zero   RW          390    .bss.QV_priv_       qv.o
    0x20000150        -       0x00000008   Zero   RW           59    .bss.SysTick_Handler.buttons  bsp.o
    0x20000158        -       0x00000040   Zero   RW           20    .bss.timeBomb       main.o
    0x20000198        -       0x00000028   Zero   RW           22    .bss.timeBomb_queue  main.o
    0x200001c0        -       0x00000000   Zero   RW          417    HEAP                startup_stm32f10x_md.o
    0x200001c0        -       0x00000400   Zero   RW          416    STACK               startup_stm32f10x_md.o


==============================================================================

Image component sizes


      Code (inc. data)   RO Data    RW Data    ZI Data      Debug   Object Name

       654          0         16          0          8       5384   bsp.o
       814          0          0          4        104       4705   main.o
      1820          0         36          0          0       5459   qep_hsm.o
        48          0          0          0        196       3128   qf_act.o
       634          0          8          0          0       5578   qf_actq.o
       240          0          7          0          0       2874   qf_dyn.o
       110          0          7          0          0       2165   qf_mem.o
       370          0         20          0          0       3283   qf_qact.o
        64          0          0          0          0       2752   qf_qeq.o
       684          0          8          0         20       5266   qf_time.o
       590          0          3          0         16       4896   qv.o
       192         32          8          0          0       1132   qv_port.o
        24          0       1024          0          0        934   startup_stm32f1.o
        40         22          0          0       1024        416   startup_stm32f10x_md.o
       400          0          0          4          0       2867   system_stm32f10x.o

    ----------------------------------------------------------------------
      6748         54       1172          8       1368      50839   Object Totals
         0          0         32          0          0          0   (incl. Generated)
        64          0          3          0          0          0   (incl. Padding)

    ----------------------------------------------------------------------

      Code (inc. data)   RO Data    RW Data    ZI Data      Debug   Library Member Name

         8          0          0          0          0         68   __main.o
         0          0          0          0          0          0   __rtentry.o
        12          0          0          0          0          0   __rtentry2.o
         6          0          0          0          0          0   __rtentry4.o
        94          8          0          0          0          0   __scatter.o
        26          0          0          0          0          0   __scatter_copy.o
        28          0          0          0          0          0   __scatter_zi.o
        18          0          0          0          0         80   exit.o
         6          0          0          0          0        152   heapauxi.o
         0          0          0          0          0          0   indicate_semi.o
         2          0          0          0          0          0   libinit.o
         2          0          0          0          0          0   libinit2.o
         2          0          0          0          0          0   libshutdown.o
         2          0          0          0          0          0   libshutdown2.o
         8          4          0          0         96         68   libspace.o
         2          0          0          0          0          0   rtexit.o
        10          0          0          0          0          0   rtexit2.o
        12          4          0          0          0         68   sys_exit.o
        74          0          0          0          0         80   sys_stackheap_outer.o
         2          0          0          0          0         68   use_no_semi.o

    ----------------------------------------------------------------------
       324         16          0          0         96        584   Library Totals
        10          0          0          0          0          0   (incl. Padding)

    ----------------------------------------------------------------------

      Code (inc. data)   RO Data    RW Data    ZI Data      Debug   Library Name

       314         16          0          0         96        584   c_w.l

    ----------------------------------------------------------------------
       324         16          0          0         96        584   Library Totals

    ----------------------------------------------------------------------

==============================================================================


      Code (inc. data)   RO Data    RW Data    ZI Data      Debug   

      7072         70       1172          8       1464      51123   Grand Totals
      7072         70       1172          8       1464      51123   ELF Image Totals
      7072         70       1172          8          0          0   ROM Totals

==============================================================================

    Total RO  Size (Code + RO Data)                 8244 (   8.05kB)
    Total RW  Size (RW Data + ZI Data)              1472 (   1.44kB)
    Total ROM Size (Code + RO Data + RW Data)       8252 (   8.06kB)

==============================================================================

